2020-09-05 12:06:16 DEBUG Test:20 - 1=1
2020-09-05 12:06:16 DEBUG Test:20 - 2=2
2020-09-05 12:07 DEBUG Test:20 - 1=1
2020-09-05 12:07 DEBUG Test:20 - 2=2
2020-09-05 12:07 DEBUG Test:20 - 1=1
2020-09-05 12:07 DEBUG Test:20 - 2=2
2020-09-05 14:40 INFO  HelloServer:21 - client connected
2020-09-05 14:40 INFO  HelloServer:26 - server receive message:content from client
2020-09-05 16:48 DEBUG InternalLoggerFactory:71 - Using SLF4J as the default logging framework
2020-09-05 16:48 DEBUG MultithreadEventLoopGroup:76 - -Dio.netty.eventLoopThreads: 16
2020-09-05 16:48 DEBUG NioEventLoop:76 - -Dio.netty.noKeySetOptimization: false
2020-09-05 16:48 DEBUG NioEventLoop:76 - -Dio.netty.selectorAutoRebuildThreshold: 512
2020-09-05 16:48 DEBUG PlatformDependent:71 - Platform: Windows
2020-09-05 16:48 DEBUG PlatformDependent0:76 - -Dio.netty.noUnsafe: false
2020-09-05 16:48 DEBUG PlatformDependent0:76 - Java version: 14
2020-09-05 16:48 DEBUG PlatformDependent0:71 - sun.misc.Unsafe.theUnsafe: available
2020-09-05 16:48 DEBUG PlatformDependent0:71 - sun.misc.Unsafe.copyMemory: available
2020-09-05 16:48 DEBUG PlatformDependent0:71 - java.nio.Buffer.address: available
2020-09-05 16:48 DEBUG PlatformDependent0:91 - direct buffer constructor: unavailable
java.lang.UnsupportedOperationException: Reflective setAccessible(true) disabled
	at io.netty.util.internal.ReflectionUtil.trySetAccessible(ReflectionUtil.java:31)
	at io.netty.util.internal.PlatformDependent0$4.run(PlatformDependent0.java:224)
	at java.base/java.security.AccessController.doPrivileged(AccessController.java:312)
	at io.netty.util.internal.PlatformDependent0.<clinit>(PlatformDependent0.java:218)
	at io.netty.util.internal.PlatformDependent.isAndroid(PlatformDependent.java:208)
	at io.netty.util.internal.PlatformDependent.<clinit>(PlatformDependent.java:79)
	at io.netty.channel.nio.NioEventLoop.newTaskQueue(NioEventLoop.java:261)
	at io.netty.util.concurrent.SingleThreadEventExecutor.<init>(SingleThreadEventExecutor.java:165)
	at io.netty.channel.SingleThreadEventLoop.<init>(SingleThreadEventLoop.java:58)
	at io.netty.channel.nio.NioEventLoop.<init>(NioEventLoop.java:143)
	at io.netty.channel.nio.NioEventLoopGroup.newChild(NioEventLoopGroup.java:127)
	at io.netty.channel.nio.NioEventLoopGroup.newChild(NioEventLoopGroup.java:36)
	at io.netty.util.concurrent.MultithreadEventExecutorGroup.<init>(MultithreadEventExecutorGroup.java:84)
	at io.netty.util.concurrent.MultithreadEventExecutorGroup.<init>(MultithreadEventExecutorGroup.java:58)
	at io.netty.channel.MultithreadEventLoopGroup.<init>(MultithreadEventLoopGroup.java:52)
	at io.netty.channel.nio.NioEventLoopGroup.<init>(NioEventLoopGroup.java:87)
	at io.netty.channel.nio.NioEventLoopGroup.<init>(NioEventLoopGroup.java:82)
	at io.netty.channel.nio.NioEventLoopGroup.<init>(NioEventLoopGroup.java:63)
	at io.netty.channel.nio.NioEventLoopGroup.<init>(NioEventLoopGroup.java:51)
	at io.netty.channel.nio.NioEventLoopGroup.<init>(NioEventLoopGroup.java:43)
	at netty.kyro.server.NettyServer.run(NettyServer.java:34)
	at netty.kyro.server.NettyServer.main(NettyServer.java:70)
2020-09-05 16:48 DEBUG PlatformDependent0:81 - java.nio.Bits.unaligned: unavailable true
java.lang.UnsupportedOperationException: Reflective setAccessible(true) disabled
	at io.netty.util.internal.ReflectionUtil.trySetAccessible(ReflectionUtil.java:31)
	at io.netty.util.internal.PlatformDependent0$5.run(PlatformDependent0.java:273)
	at java.base/java.security.AccessController.doPrivileged(AccessController.java:312)
	at io.netty.util.internal.PlatformDependent0.<clinit>(PlatformDependent0.java:266)
	at io.netty.util.internal.PlatformDependent.isAndroid(PlatformDependent.java:208)
	at io.netty.util.internal.PlatformDependent.<clinit>(PlatformDependent.java:79)
	at io.netty.channel.nio.NioEventLoop.newTaskQueue(NioEventLoop.java:261)
	at io.netty.util.concurrent.SingleThreadEventExecutor.<init>(SingleThreadEventExecutor.java:165)
	at io.netty.channel.SingleThreadEventLoop.<init>(SingleThreadEventLoop.java:58)
	at io.netty.channel.nio.NioEventLoop.<init>(NioEventLoop.java:143)
	at io.netty.channel.nio.NioEventLoopGroup.newChild(NioEventLoopGroup.java:127)
	at io.netty.channel.nio.NioEventLoopGroup.newChild(NioEventLoopGroup.java:36)
	at io.netty.util.concurrent.MultithreadEventExecutorGroup.<init>(MultithreadEventExecutorGroup.java:84)
	at io.netty.util.concurrent.MultithreadEventExecutorGroup.<init>(MultithreadEventExecutorGroup.java:58)
	at io.netty.channel.MultithreadEventLoopGroup.<init>(MultithreadEventLoopGroup.java:52)
	at io.netty.channel.nio.NioEventLoopGroup.<init>(NioEventLoopGroup.java:87)
	at io.netty.channel.nio.NioEventLoopGroup.<init>(NioEventLoopGroup.java:82)
	at io.netty.channel.nio.NioEventLoopGroup.<init>(NioEventLoopGroup.java:63)
	at io.netty.channel.nio.NioEventLoopGroup.<init>(NioEventLoopGroup.java:51)
	at io.netty.channel.nio.NioEventLoopGroup.<init>(NioEventLoopGroup.java:43)
	at netty.kyro.server.NettyServer.run(NettyServer.java:34)
	at netty.kyro.server.NettyServer.main(NettyServer.java:70)
2020-09-05 16:48 DEBUG PlatformDependent0:91 - jdk.internal.misc.Unsafe.allocateUninitializedArray(int): unavailable
java.lang.IllegalAccessException: class io.netty.util.internal.PlatformDependent0$6 cannot access class jdk.internal.misc.Unsafe (in module java.base) because module java.base does not export jdk.internal.misc to unnamed module @402a079c
	at java.base/jdk.internal.reflect.Reflection.newIllegalAccessException(Reflection.java:376)
	at java.base/java.lang.reflect.AccessibleObject.checkAccess(AccessibleObject.java:647)
	at java.base/java.lang.reflect.Method.invoke(Method.java:556)
	at io.netty.util.internal.PlatformDependent0$6.run(PlatformDependent0.java:315)
	at java.base/java.security.AccessController.doPrivileged(AccessController.java:312)
	at io.netty.util.internal.PlatformDependent0.<clinit>(PlatformDependent0.java:306)
	at io.netty.util.internal.PlatformDependent.isAndroid(PlatformDependent.java:208)
	at io.netty.util.internal.PlatformDependent.<clinit>(PlatformDependent.java:79)
	at io.netty.channel.nio.NioEventLoop.newTaskQueue(NioEventLoop.java:261)
	at io.netty.util.concurrent.SingleThreadEventExecutor.<init>(SingleThreadEventExecutor.java:165)
	at io.netty.channel.SingleThreadEventLoop.<init>(SingleThreadEventLoop.java:58)
	at io.netty.channel.nio.NioEventLoop.<init>(NioEventLoop.java:143)
	at io.netty.channel.nio.NioEventLoopGroup.newChild(NioEventLoopGroup.java:127)
	at io.netty.channel.nio.NioEventLoopGroup.newChild(NioEventLoopGroup.java:36)
	at io.netty.util.concurrent.MultithreadEventExecutorGroup.<init>(MultithreadEventExecutorGroup.java:84)
	at io.netty.util.concurrent.MultithreadEventExecutorGroup.<init>(MultithreadEventExecutorGroup.java:58)
	at io.netty.channel.MultithreadEventLoopGroup.<init>(MultithreadEventLoopGroup.java:52)
	at io.netty.channel.nio.NioEventLoopGroup.<init>(NioEventLoopGroup.java:87)
	at io.netty.channel.nio.NioEventLoopGroup.<init>(NioEventLoopGroup.java:82)
	at io.netty.channel.nio.NioEventLoopGroup.<init>(NioEventLoopGroup.java:63)
	at io.netty.channel.nio.NioEventLoopGroup.<init>(NioEventLoopGroup.java:51)
	at io.netty.channel.nio.NioEventLoopGroup.<init>(NioEventLoopGroup.java:43)
	at netty.kyro.server.NettyServer.run(NettyServer.java:34)
	at netty.kyro.server.NettyServer.main(NettyServer.java:70)
2020-09-05 16:48 DEBUG PlatformDependent0:76 - java.nio.DirectByteBuffer.<init>(long, int): unavailable
2020-09-05 16:48 DEBUG PlatformDependent:76 - sun.misc.Unsafe: available
2020-09-05 16:48 DEBUG PlatformDependent:76 - maxDirectMemory: 2118123520 bytes (maybe)
2020-09-05 16:48 DEBUG PlatformDependent:76 - -Dio.netty.tmpdir: C:\Users\tomoy\AppData\Local\Temp (java.io.tmpdir)
2020-09-05 16:48 DEBUG PlatformDependent:76 - -Dio.netty.bitMode: 64 (sun.arch.data.model)
2020-09-05 16:48 DEBUG PlatformDependent:76 - -Dio.netty.noPreferDirect: false
2020-09-05 16:48 DEBUG PlatformDependent:76 - -Dio.netty.maxDirectMemory: -1 bytes
2020-09-05 16:48 DEBUG PlatformDependent:76 - -Dio.netty.uninitializedArrayAllocationThreshold: -1
2020-09-05 16:48 DEBUG CleanerJava9:71 - java.nio.ByteBuffer.cleaner(): available
2020-09-05 16:48 DEBUG PlatformDependent:71 - org.jctools-core.MpscChunkedArrayQueue: available
2020-09-05 16:48 DEBUG DefaultChannelId:76 - -Dio.netty.processId: 18184 (auto-detected)
2020-09-05 16:48 DEBUG NetUtil:76 - -Djava.net.preferIPv4Stack: false
2020-09-05 16:48 DEBUG NetUtil:76 - -Djava.net.preferIPv6Addresses: false
2020-09-05 16:48 DEBUG NetUtil:86 - Loopback interface: lo (Software Loopback Interface 1, 127.0.0.1)
2020-09-05 16:48 DEBUG NetUtil:81 - Failed to get SOMAXCONN from sysctl and file \proc\sys\net\core\somaxconn. Default: 200
2020-09-05 16:48 DEBUG DefaultChannelId:76 - -Dio.netty.machineId: 74:e5:f9:ff:fe:eb:57:ee (auto-detected)
2020-09-05 16:48 DEBUG InternalThreadLocalMap:76 - -Dio.netty.threadLocalMap.stringBuilder.initialSize: 1024
2020-09-05 16:48 DEBUG InternalThreadLocalMap:76 - -Dio.netty.threadLocalMap.stringBuilder.maxSize: 4096
2020-09-05 16:48 DEBUG ResourceLeakDetector:81 - -Dio.netty.leakDetection.level: simple
2020-09-05 16:48 DEBUG ResourceLeakDetector:81 - -Dio.netty.leakDetection.targetRecords: 4
2020-09-05 16:48 DEBUG PooledByteBufAllocator:76 - -Dio.netty.allocator.numHeapArenas: 16
2020-09-05 16:48 DEBUG PooledByteBufAllocator:76 - -Dio.netty.allocator.numDirectArenas: 16
2020-09-05 16:48 DEBUG PooledByteBufAllocator:76 - -Dio.netty.allocator.pageSize: 8192
2020-09-05 16:48 DEBUG PooledByteBufAllocator:76 - -Dio.netty.allocator.maxOrder: 11
2020-09-05 16:48 DEBUG PooledByteBufAllocator:76 - -Dio.netty.allocator.chunkSize: 16777216
2020-09-05 16:48 DEBUG PooledByteBufAllocator:76 - -Dio.netty.allocator.tinyCacheSize: 512
2020-09-05 16:48 DEBUG PooledByteBufAllocator:76 - -Dio.netty.allocator.smallCacheSize: 256
2020-09-05 16:48 DEBUG PooledByteBufAllocator:76 - -Dio.netty.allocator.normalCacheSize: 64
2020-09-05 16:48 DEBUG PooledByteBufAllocator:76 - -Dio.netty.allocator.maxCachedBufferCapacity: 32768
2020-09-05 16:48 DEBUG PooledByteBufAllocator:76 - -Dio.netty.allocator.cacheTrimInterval: 8192
2020-09-05 16:48 DEBUG PooledByteBufAllocator:76 - -Dio.netty.allocator.useCacheForAllThreads: true
2020-09-05 16:48 DEBUG ByteBufUtil:76 - -Dio.netty.allocator.type: pooled
2020-09-05 16:48 DEBUG ByteBufUtil:76 - -Dio.netty.threadLocalDirectBufferSize: 0
2020-09-05 16:48 DEBUG ByteBufUtil:76 - -Dio.netty.maxThreadLocalCharBufferSize: 16384
2020-09-05 16:48 INFO  LoggingHandler:101 - [id: 0x5a3fd02e] REGISTERED
2020-09-05 16:48 INFO  LoggingHandler:101 - [id: 0x5a3fd02e] BIND: 0.0.0.0/0.0.0.0:8889
2020-09-05 16:48 INFO  LoggingHandler:101 - [id: 0x5a3fd02e, L:/[0:0:0:0:0:0:0:0]:8889] ACTIVE
2020-09-05 16:51 DEBUG InternalLoggerFactory:71 - Using SLF4J as the default logging framework
2020-09-05 16:51 DEBUG MultithreadEventLoopGroup:76 - -Dio.netty.eventLoopThreads: 16
2020-09-05 16:51 DEBUG NioEventLoop:76 - -Dio.netty.noKeySetOptimization: false
2020-09-05 16:51 DEBUG NioEventLoop:76 - -Dio.netty.selectorAutoRebuildThreshold: 512
2020-09-05 16:51 DEBUG PlatformDependent:71 - Platform: Windows
2020-09-05 16:51 DEBUG PlatformDependent0:76 - -Dio.netty.noUnsafe: false
2020-09-05 16:51 DEBUG PlatformDependent0:76 - Java version: 14
2020-09-05 16:51 DEBUG PlatformDependent0:71 - sun.misc.Unsafe.theUnsafe: available
2020-09-05 16:51 DEBUG PlatformDependent0:71 - sun.misc.Unsafe.copyMemory: available
2020-09-05 16:51 DEBUG PlatformDependent0:71 - java.nio.Buffer.address: available
2020-09-05 16:51 DEBUG PlatformDependent0:91 - direct buffer constructor: unavailable
java.lang.UnsupportedOperationException: Reflective setAccessible(true) disabled
	at io.netty.util.internal.ReflectionUtil.trySetAccessible(ReflectionUtil.java:31)
	at io.netty.util.internal.PlatformDependent0$4.run(PlatformDependent0.java:224)
	at java.base/java.security.AccessController.doPrivileged(AccessController.java:312)
	at io.netty.util.internal.PlatformDependent0.<clinit>(PlatformDependent0.java:218)
	at io.netty.util.internal.PlatformDependent.isAndroid(PlatformDependent.java:208)
	at io.netty.util.internal.PlatformDependent.<clinit>(PlatformDependent.java:79)
	at io.netty.channel.nio.NioEventLoop.newTaskQueue(NioEventLoop.java:261)
	at io.netty.util.concurrent.SingleThreadEventExecutor.<init>(SingleThreadEventExecutor.java:165)
	at io.netty.channel.SingleThreadEventLoop.<init>(SingleThreadEventLoop.java:58)
	at io.netty.channel.nio.NioEventLoop.<init>(NioEventLoop.java:143)
	at io.netty.channel.nio.NioEventLoopGroup.newChild(NioEventLoopGroup.java:127)
	at io.netty.channel.nio.NioEventLoopGroup.newChild(NioEventLoopGroup.java:36)
	at io.netty.util.concurrent.MultithreadEventExecutorGroup.<init>(MultithreadEventExecutorGroup.java:84)
	at io.netty.util.concurrent.MultithreadEventExecutorGroup.<init>(MultithreadEventExecutorGroup.java:58)
	at io.netty.channel.MultithreadEventLoopGroup.<init>(MultithreadEventLoopGroup.java:52)
	at io.netty.channel.nio.NioEventLoopGroup.<init>(NioEventLoopGroup.java:87)
	at io.netty.channel.nio.NioEventLoopGroup.<init>(NioEventLoopGroup.java:82)
	at io.netty.channel.nio.NioEventLoopGroup.<init>(NioEventLoopGroup.java:63)
	at io.netty.channel.nio.NioEventLoopGroup.<init>(NioEventLoopGroup.java:51)
	at io.netty.channel.nio.NioEventLoopGroup.<init>(NioEventLoopGroup.java:43)
	at netty.kyro.client.NettyClient.<clinit>(NettyClient.java:40)
2020-09-05 16:51 DEBUG PlatformDependent0:81 - java.nio.Bits.unaligned: unavailable true
java.lang.UnsupportedOperationException: Reflective setAccessible(true) disabled
	at io.netty.util.internal.ReflectionUtil.trySetAccessible(ReflectionUtil.java:31)
	at io.netty.util.internal.PlatformDependent0$5.run(PlatformDependent0.java:273)
	at java.base/java.security.AccessController.doPrivileged(AccessController.java:312)
	at io.netty.util.internal.PlatformDependent0.<clinit>(PlatformDependent0.java:266)
	at io.netty.util.internal.PlatformDependent.isAndroid(PlatformDependent.java:208)
	at io.netty.util.internal.PlatformDependent.<clinit>(PlatformDependent.java:79)
	at io.netty.channel.nio.NioEventLoop.newTaskQueue(NioEventLoop.java:261)
	at io.netty.util.concurrent.SingleThreadEventExecutor.<init>(SingleThreadEventExecutor.java:165)
	at io.netty.channel.SingleThreadEventLoop.<init>(SingleThreadEventLoop.java:58)
	at io.netty.channel.nio.NioEventLoop.<init>(NioEventLoop.java:143)
	at io.netty.channel.nio.NioEventLoopGroup.newChild(NioEventLoopGroup.java:127)
	at io.netty.channel.nio.NioEventLoopGroup.newChild(NioEventLoopGroup.java:36)
	at io.netty.util.concurrent.MultithreadEventExecutorGroup.<init>(MultithreadEventExecutorGroup.java:84)
	at io.netty.util.concurrent.MultithreadEventExecutorGroup.<init>(MultithreadEventExecutorGroup.java:58)
	at io.netty.channel.MultithreadEventLoopGroup.<init>(MultithreadEventLoopGroup.java:52)
	at io.netty.channel.nio.NioEventLoopGroup.<init>(NioEventLoopGroup.java:87)
	at io.netty.channel.nio.NioEventLoopGroup.<init>(NioEventLoopGroup.java:82)
	at io.netty.channel.nio.NioEventLoopGroup.<init>(NioEventLoopGroup.java:63)
	at io.netty.channel.nio.NioEventLoopGroup.<init>(NioEventLoopGroup.java:51)
	at io.netty.channel.nio.NioEventLoopGroup.<init>(NioEventLoopGroup.java:43)
	at netty.kyro.client.NettyClient.<clinit>(NettyClient.java:40)
2020-09-05 16:51 DEBUG PlatformDependent0:91 - jdk.internal.misc.Unsafe.allocateUninitializedArray(int): unavailable
java.lang.IllegalAccessException: class io.netty.util.internal.PlatformDependent0$6 cannot access class jdk.internal.misc.Unsafe (in module java.base) because module java.base does not export jdk.internal.misc to unnamed module @402a079c
	at java.base/jdk.internal.reflect.Reflection.newIllegalAccessException(Reflection.java:376)
	at java.base/java.lang.reflect.AccessibleObject.checkAccess(AccessibleObject.java:647)
	at java.base/java.lang.reflect.Method.invoke(Method.java:556)
	at io.netty.util.internal.PlatformDependent0$6.run(PlatformDependent0.java:315)
	at java.base/java.security.AccessController.doPrivileged(AccessController.java:312)
	at io.netty.util.internal.PlatformDependent0.<clinit>(PlatformDependent0.java:306)
	at io.netty.util.internal.PlatformDependent.isAndroid(PlatformDependent.java:208)
	at io.netty.util.internal.PlatformDependent.<clinit>(PlatformDependent.java:79)
	at io.netty.channel.nio.NioEventLoop.newTaskQueue(NioEventLoop.java:261)
	at io.netty.util.concurrent.SingleThreadEventExecutor.<init>(SingleThreadEventExecutor.java:165)
	at io.netty.channel.SingleThreadEventLoop.<init>(SingleThreadEventLoop.java:58)
	at io.netty.channel.nio.NioEventLoop.<init>(NioEventLoop.java:143)
	at io.netty.channel.nio.NioEventLoopGroup.newChild(NioEventLoopGroup.java:127)
	at io.netty.channel.nio.NioEventLoopGroup.newChild(NioEventLoopGroup.java:36)
	at io.netty.util.concurrent.MultithreadEventExecutorGroup.<init>(MultithreadEventExecutorGroup.java:84)
	at io.netty.util.concurrent.MultithreadEventExecutorGroup.<init>(MultithreadEventExecutorGroup.java:58)
	at io.netty.channel.MultithreadEventLoopGroup.<init>(MultithreadEventLoopGroup.java:52)
	at io.netty.channel.nio.NioEventLoopGroup.<init>(NioEventLoopGroup.java:87)
	at io.netty.channel.nio.NioEventLoopGroup.<init>(NioEventLoopGroup.java:82)
	at io.netty.channel.nio.NioEventLoopGroup.<init>(NioEventLoopGroup.java:63)
	at io.netty.channel.nio.NioEventLoopGroup.<init>(NioEventLoopGroup.java:51)
	at io.netty.channel.nio.NioEventLoopGroup.<init>(NioEventLoopGroup.java:43)
	at netty.kyro.client.NettyClient.<clinit>(NettyClient.java:40)
2020-09-05 16:51 DEBUG PlatformDependent0:76 - java.nio.DirectByteBuffer.<init>(long, int): unavailable
2020-09-05 16:51 DEBUG PlatformDependent:76 - sun.misc.Unsafe: available
2020-09-05 16:51 DEBUG PlatformDependent:76 - maxDirectMemory: 2118123520 bytes (maybe)
2020-09-05 16:51 DEBUG PlatformDependent:76 - -Dio.netty.tmpdir: C:\Users\tomoy\AppData\Local\Temp (java.io.tmpdir)
2020-09-05 16:51 DEBUG PlatformDependent:76 - -Dio.netty.bitMode: 64 (sun.arch.data.model)
2020-09-05 16:51 DEBUG PlatformDependent:76 - -Dio.netty.noPreferDirect: false
2020-09-05 16:51 DEBUG PlatformDependent:76 - -Dio.netty.maxDirectMemory: -1 bytes
2020-09-05 16:51 DEBUG PlatformDependent:76 - -Dio.netty.uninitializedArrayAllocationThreshold: -1
2020-09-05 16:51 DEBUG CleanerJava9:71 - java.nio.ByteBuffer.cleaner(): available
2020-09-05 16:51 DEBUG PlatformDependent:71 - org.jctools-core.MpscChunkedArrayQueue: available
2020-09-05 16:51 DEBUG DefaultChannelId:76 - -Dio.netty.processId: 18580 (auto-detected)
2020-09-05 16:51 DEBUG NetUtil:76 - -Djava.net.preferIPv4Stack: false
2020-09-05 16:51 DEBUG NetUtil:76 - -Djava.net.preferIPv6Addresses: false
2020-09-05 16:51 DEBUG NetUtil:86 - Loopback interface: lo (Software Loopback Interface 1, 127.0.0.1)
2020-09-05 16:51 DEBUG NetUtil:81 - Failed to get SOMAXCONN from sysctl and file \proc\sys\net\core\somaxconn. Default: 200
2020-09-05 16:51 DEBUG DefaultChannelId:76 - -Dio.netty.machineId: 74:e5:f9:ff:fe:eb:57:ee (auto-detected)
2020-09-05 16:51 DEBUG InternalThreadLocalMap:76 - -Dio.netty.threadLocalMap.stringBuilder.initialSize: 1024
2020-09-05 16:51 DEBUG InternalThreadLocalMap:76 - -Dio.netty.threadLocalMap.stringBuilder.maxSize: 4096
2020-09-05 16:51 DEBUG ResourceLeakDetector:81 - -Dio.netty.leakDetection.level: simple
2020-09-05 16:51 DEBUG ResourceLeakDetector:81 - -Dio.netty.leakDetection.targetRecords: 4
2020-09-05 16:51 DEBUG PooledByteBufAllocator:76 - -Dio.netty.allocator.numHeapArenas: 16
2020-09-05 16:51 DEBUG PooledByteBufAllocator:76 - -Dio.netty.allocator.numDirectArenas: 16
2020-09-05 16:51 DEBUG PooledByteBufAllocator:76 - -Dio.netty.allocator.pageSize: 8192
2020-09-05 16:51 DEBUG PooledByteBufAllocator:76 - -Dio.netty.allocator.maxOrder: 11
2020-09-05 16:51 DEBUG PooledByteBufAllocator:76 - -Dio.netty.allocator.chunkSize: 16777216
2020-09-05 16:51 DEBUG PooledByteBufAllocator:76 - -Dio.netty.allocator.tinyCacheSize: 512
2020-09-05 16:51 DEBUG PooledByteBufAllocator:76 - -Dio.netty.allocator.smallCacheSize: 256
2020-09-05 16:51 DEBUG PooledByteBufAllocator:76 - -Dio.netty.allocator.normalCacheSize: 64
2020-09-05 16:51 DEBUG PooledByteBufAllocator:76 - -Dio.netty.allocator.maxCachedBufferCapacity: 32768
2020-09-05 16:51 DEBUG PooledByteBufAllocator:76 - -Dio.netty.allocator.cacheTrimInterval: 8192
2020-09-05 16:51 DEBUG PooledByteBufAllocator:76 - -Dio.netty.allocator.useCacheForAllThreads: true
2020-09-05 16:51 DEBUG ByteBufUtil:76 - -Dio.netty.allocator.type: pooled
2020-09-05 16:51 DEBUG ByteBufUtil:76 - -Dio.netty.threadLocalDirectBufferSize: 0
2020-09-05 16:51 DEBUG ByteBufUtil:76 - -Dio.netty.maxThreadLocalCharBufferSize: 16384
2020-09-05 16:51 DEBUG InternalLoggerFactory:71 - Using SLF4J as the default logging framework
2020-09-05 16:51 DEBUG MultithreadEventLoopGroup:76 - -Dio.netty.eventLoopThreads: 16
2020-09-05 16:51 DEBUG NioEventLoop:76 - -Dio.netty.noKeySetOptimization: false
2020-09-05 16:51 DEBUG NioEventLoop:76 - -Dio.netty.selectorAutoRebuildThreshold: 512
2020-09-05 16:51 DEBUG PlatformDependent:71 - Platform: Windows
2020-09-05 16:51 DEBUG PlatformDependent0:76 - -Dio.netty.noUnsafe: false
2020-09-05 16:51 DEBUG PlatformDependent0:76 - Java version: 14
2020-09-05 16:51 DEBUG PlatformDependent0:71 - sun.misc.Unsafe.theUnsafe: available
2020-09-05 16:51 DEBUG PlatformDependent0:71 - sun.misc.Unsafe.copyMemory: available
2020-09-05 16:51 DEBUG PlatformDependent0:71 - java.nio.Buffer.address: available
2020-09-05 16:51 DEBUG PlatformDependent0:91 - direct buffer constructor: unavailable
java.lang.UnsupportedOperationException: Reflective setAccessible(true) disabled
	at io.netty.util.internal.ReflectionUtil.trySetAccessible(ReflectionUtil.java:31)
	at io.netty.util.internal.PlatformDependent0$4.run(PlatformDependent0.java:224)
	at java.base/java.security.AccessController.doPrivileged(AccessController.java:312)
	at io.netty.util.internal.PlatformDependent0.<clinit>(PlatformDependent0.java:218)
	at io.netty.util.internal.PlatformDependent.isAndroid(PlatformDependent.java:208)
	at io.netty.util.internal.PlatformDependent.<clinit>(PlatformDependent.java:79)
	at io.netty.channel.nio.NioEventLoop.newTaskQueue(NioEventLoop.java:261)
	at io.netty.util.concurrent.SingleThreadEventExecutor.<init>(SingleThreadEventExecutor.java:165)
	at io.netty.channel.SingleThreadEventLoop.<init>(SingleThreadEventLoop.java:58)
	at io.netty.channel.nio.NioEventLoop.<init>(NioEventLoop.java:143)
	at io.netty.channel.nio.NioEventLoopGroup.newChild(NioEventLoopGroup.java:127)
	at io.netty.channel.nio.NioEventLoopGroup.newChild(NioEventLoopGroup.java:36)
	at io.netty.util.concurrent.MultithreadEventExecutorGroup.<init>(MultithreadEventExecutorGroup.java:84)
	at io.netty.util.concurrent.MultithreadEventExecutorGroup.<init>(MultithreadEventExecutorGroup.java:58)
	at io.netty.channel.MultithreadEventLoopGroup.<init>(MultithreadEventLoopGroup.java:52)
	at io.netty.channel.nio.NioEventLoopGroup.<init>(NioEventLoopGroup.java:87)
	at io.netty.channel.nio.NioEventLoopGroup.<init>(NioEventLoopGroup.java:82)
	at io.netty.channel.nio.NioEventLoopGroup.<init>(NioEventLoopGroup.java:63)
	at io.netty.channel.nio.NioEventLoopGroup.<init>(NioEventLoopGroup.java:51)
	at io.netty.channel.nio.NioEventLoopGroup.<init>(NioEventLoopGroup.java:43)
	at netty.kyro.server.NettyServer.run(NettyServer.java:34)
	at netty.kyro.server.NettyServer.main(NettyServer.java:70)
2020-09-05 16:51 DEBUG PlatformDependent0:81 - java.nio.Bits.unaligned: unavailable true
java.lang.UnsupportedOperationException: Reflective setAccessible(true) disabled
	at io.netty.util.internal.ReflectionUtil.trySetAccessible(ReflectionUtil.java:31)
	at io.netty.util.internal.PlatformDependent0$5.run(PlatformDependent0.java:273)
	at java.base/java.security.AccessController.doPrivileged(AccessController.java:312)
	at io.netty.util.internal.PlatformDependent0.<clinit>(PlatformDependent0.java:266)
	at io.netty.util.internal.PlatformDependent.isAndroid(PlatformDependent.java:208)
	at io.netty.util.internal.PlatformDependent.<clinit>(PlatformDependent.java:79)
	at io.netty.channel.nio.NioEventLoop.newTaskQueue(NioEventLoop.java:261)
	at io.netty.util.concurrent.SingleThreadEventExecutor.<init>(SingleThreadEventExecutor.java:165)
	at io.netty.channel.SingleThreadEventLoop.<init>(SingleThreadEventLoop.java:58)
	at io.netty.channel.nio.NioEventLoop.<init>(NioEventLoop.java:143)
	at io.netty.channel.nio.NioEventLoopGroup.newChild(NioEventLoopGroup.java:127)
	at io.netty.channel.nio.NioEventLoopGroup.newChild(NioEventLoopGroup.java:36)
	at io.netty.util.concurrent.MultithreadEventExecutorGroup.<init>(MultithreadEventExecutorGroup.java:84)
	at io.netty.util.concurrent.MultithreadEventExecutorGroup.<init>(MultithreadEventExecutorGroup.java:58)
	at io.netty.channel.MultithreadEventLoopGroup.<init>(MultithreadEventLoopGroup.java:52)
	at io.netty.channel.nio.NioEventLoopGroup.<init>(NioEventLoopGroup.java:87)
	at io.netty.channel.nio.NioEventLoopGroup.<init>(NioEventLoopGroup.java:82)
	at io.netty.channel.nio.NioEventLoopGroup.<init>(NioEventLoopGroup.java:63)
	at io.netty.channel.nio.NioEventLoopGroup.<init>(NioEventLoopGroup.java:51)
	at io.netty.channel.nio.NioEventLoopGroup.<init>(NioEventLoopGroup.java:43)
	at netty.kyro.server.NettyServer.run(NettyServer.java:34)
	at netty.kyro.server.NettyServer.main(NettyServer.java:70)
2020-09-05 16:51 DEBUG PlatformDependent0:91 - jdk.internal.misc.Unsafe.allocateUninitializedArray(int): unavailable
java.lang.IllegalAccessException: class io.netty.util.internal.PlatformDependent0$6 cannot access class jdk.internal.misc.Unsafe (in module java.base) because module java.base does not export jdk.internal.misc to unnamed module @402a079c
	at java.base/jdk.internal.reflect.Reflection.newIllegalAccessException(Reflection.java:376)
	at java.base/java.lang.reflect.AccessibleObject.checkAccess(AccessibleObject.java:647)
	at java.base/java.lang.reflect.Method.invoke(Method.java:556)
	at io.netty.util.internal.PlatformDependent0$6.run(PlatformDependent0.java:315)
	at java.base/java.security.AccessController.doPrivileged(AccessController.java:312)
	at io.netty.util.internal.PlatformDependent0.<clinit>(PlatformDependent0.java:306)
	at io.netty.util.internal.PlatformDependent.isAndroid(PlatformDependent.java:208)
	at io.netty.util.internal.PlatformDependent.<clinit>(PlatformDependent.java:79)
	at io.netty.channel.nio.NioEventLoop.newTaskQueue(NioEventLoop.java:261)
	at io.netty.util.concurrent.SingleThreadEventExecutor.<init>(SingleThreadEventExecutor.java:165)
	at io.netty.channel.SingleThreadEventLoop.<init>(SingleThreadEventLoop.java:58)
	at io.netty.channel.nio.NioEventLoop.<init>(NioEventLoop.java:143)
	at io.netty.channel.nio.NioEventLoopGroup.newChild(NioEventLoopGroup.java:127)
	at io.netty.channel.nio.NioEventLoopGroup.newChild(NioEventLoopGroup.java:36)
	at io.netty.util.concurrent.MultithreadEventExecutorGroup.<init>(MultithreadEventExecutorGroup.java:84)
	at io.netty.util.concurrent.MultithreadEventExecutorGroup.<init>(MultithreadEventExecutorGroup.java:58)
	at io.netty.channel.MultithreadEventLoopGroup.<init>(MultithreadEventLoopGroup.java:52)
	at io.netty.channel.nio.NioEventLoopGroup.<init>(NioEventLoopGroup.java:87)
	at io.netty.channel.nio.NioEventLoopGroup.<init>(NioEventLoopGroup.java:82)
	at io.netty.channel.nio.NioEventLoopGroup.<init>(NioEventLoopGroup.java:63)
	at io.netty.channel.nio.NioEventLoopGroup.<init>(NioEventLoopGroup.java:51)
	at io.netty.channel.nio.NioEventLoopGroup.<init>(NioEventLoopGroup.java:43)
	at netty.kyro.server.NettyServer.run(NettyServer.java:34)
	at netty.kyro.server.NettyServer.main(NettyServer.java:70)
2020-09-05 16:51 DEBUG PlatformDependent0:76 - java.nio.DirectByteBuffer.<init>(long, int): unavailable
2020-09-05 16:51 DEBUG PlatformDependent:76 - sun.misc.Unsafe: available
2020-09-05 16:51 DEBUG PlatformDependent:76 - maxDirectMemory: 2118123520 bytes (maybe)
2020-09-05 16:51 DEBUG PlatformDependent:76 - -Dio.netty.tmpdir: C:\Users\tomoy\AppData\Local\Temp (java.io.tmpdir)
2020-09-05 16:51 DEBUG PlatformDependent:76 - -Dio.netty.bitMode: 64 (sun.arch.data.model)
2020-09-05 16:51 DEBUG PlatformDependent:76 - -Dio.netty.noPreferDirect: false
2020-09-05 16:51 DEBUG PlatformDependent:76 - -Dio.netty.maxDirectMemory: -1 bytes
2020-09-05 16:51 DEBUG PlatformDependent:76 - -Dio.netty.uninitializedArrayAllocationThreshold: -1
2020-09-05 16:51 DEBUG CleanerJava9:71 - java.nio.ByteBuffer.cleaner(): available
2020-09-05 16:51 DEBUG PlatformDependent:71 - org.jctools-core.MpscChunkedArrayQueue: available
2020-09-05 16:51 DEBUG DefaultChannelId:76 - -Dio.netty.processId: 1052 (auto-detected)
2020-09-05 16:51 DEBUG NetUtil:76 - -Djava.net.preferIPv4Stack: false
2020-09-05 16:51 DEBUG NetUtil:76 - -Djava.net.preferIPv6Addresses: false
2020-09-05 16:51 DEBUG NetUtil:86 - Loopback interface: lo (Software Loopback Interface 1, 127.0.0.1)
2020-09-05 16:51 DEBUG NetUtil:81 - Failed to get SOMAXCONN from sysctl and file \proc\sys\net\core\somaxconn. Default: 200
2020-09-05 16:51 DEBUG DefaultChannelId:76 - -Dio.netty.machineId: 74:e5:f9:ff:fe:eb:57:ee (auto-detected)
2020-09-05 16:51 DEBUG InternalThreadLocalMap:76 - -Dio.netty.threadLocalMap.stringBuilder.initialSize: 1024
2020-09-05 16:51 DEBUG InternalThreadLocalMap:76 - -Dio.netty.threadLocalMap.stringBuilder.maxSize: 4096
2020-09-05 16:51 DEBUG ResourceLeakDetector:81 - -Dio.netty.leakDetection.level: simple
2020-09-05 16:51 DEBUG ResourceLeakDetector:81 - -Dio.netty.leakDetection.targetRecords: 4
2020-09-05 16:51 DEBUG PooledByteBufAllocator:76 - -Dio.netty.allocator.numHeapArenas: 16
2020-09-05 16:51 DEBUG PooledByteBufAllocator:76 - -Dio.netty.allocator.numDirectArenas: 16
2020-09-05 16:51 DEBUG PooledByteBufAllocator:76 - -Dio.netty.allocator.pageSize: 8192
2020-09-05 16:51 DEBUG PooledByteBufAllocator:76 - -Dio.netty.allocator.maxOrder: 11
2020-09-05 16:51 DEBUG PooledByteBufAllocator:76 - -Dio.netty.allocator.chunkSize: 16777216
2020-09-05 16:51 DEBUG PooledByteBufAllocator:76 - -Dio.netty.allocator.tinyCacheSize: 512
2020-09-05 16:51 DEBUG PooledByteBufAllocator:76 - -Dio.netty.allocator.smallCacheSize: 256
2020-09-05 16:51 DEBUG PooledByteBufAllocator:76 - -Dio.netty.allocator.normalCacheSize: 64
2020-09-05 16:51 DEBUG PooledByteBufAllocator:76 - -Dio.netty.allocator.maxCachedBufferCapacity: 32768
2020-09-05 16:51 DEBUG PooledByteBufAllocator:76 - -Dio.netty.allocator.cacheTrimInterval: 8192
2020-09-05 16:51 DEBUG PooledByteBufAllocator:76 - -Dio.netty.allocator.useCacheForAllThreads: true
2020-09-05 16:51 DEBUG ByteBufUtil:76 - -Dio.netty.allocator.type: pooled
2020-09-05 16:51 DEBUG ByteBufUtil:76 - -Dio.netty.threadLocalDirectBufferSize: 0
2020-09-05 16:51 DEBUG ByteBufUtil:76 - -Dio.netty.maxThreadLocalCharBufferSize: 16384
2020-09-05 16:51 INFO  LoggingHandler:101 - [id: 0xa0f39708] REGISTERED
2020-09-05 16:51 INFO  LoggingHandler:101 - [id: 0xa0f39708] BIND: 0.0.0.0/0.0.0.0:8889
2020-09-05 16:51 INFO  LoggingHandler:101 - [id: 0xa0f39708, L:/[0:0:0:0:0:0:0:0]:8889] ACTIVE
2020-09-05 16:51 DEBUG InternalLoggerFactory:71 - Using SLF4J as the default logging framework
2020-09-05 16:51 DEBUG MultithreadEventLoopGroup:76 - -Dio.netty.eventLoopThreads: 16
2020-09-05 16:51 DEBUG NioEventLoop:76 - -Dio.netty.noKeySetOptimization: false
2020-09-05 16:51 DEBUG NioEventLoop:76 - -Dio.netty.selectorAutoRebuildThreshold: 512
2020-09-05 16:51 DEBUG PlatformDependent:71 - Platform: Windows
2020-09-05 16:51 DEBUG PlatformDependent0:76 - -Dio.netty.noUnsafe: false
2020-09-05 16:51 DEBUG PlatformDependent0:76 - Java version: 14
2020-09-05 16:51 DEBUG PlatformDependent0:71 - sun.misc.Unsafe.theUnsafe: available
2020-09-05 16:51 DEBUG PlatformDependent0:71 - sun.misc.Unsafe.copyMemory: available
2020-09-05 16:51 DEBUG PlatformDependent0:71 - java.nio.Buffer.address: available
2020-09-05 16:51 DEBUG PlatformDependent0:91 - direct buffer constructor: unavailable
java.lang.UnsupportedOperationException: Reflective setAccessible(true) disabled
	at io.netty.util.internal.ReflectionUtil.trySetAccessible(ReflectionUtil.java:31)
	at io.netty.util.internal.PlatformDependent0$4.run(PlatformDependent0.java:224)
	at java.base/java.security.AccessController.doPrivileged(AccessController.java:312)
	at io.netty.util.internal.PlatformDependent0.<clinit>(PlatformDependent0.java:218)
	at io.netty.util.internal.PlatformDependent.isAndroid(PlatformDependent.java:208)
	at io.netty.util.internal.PlatformDependent.<clinit>(PlatformDependent.java:79)
	at io.netty.channel.nio.NioEventLoop.newTaskQueue(NioEventLoop.java:261)
	at io.netty.util.concurrent.SingleThreadEventExecutor.<init>(SingleThreadEventExecutor.java:165)
	at io.netty.channel.SingleThreadEventLoop.<init>(SingleThreadEventLoop.java:58)
	at io.netty.channel.nio.NioEventLoop.<init>(NioEventLoop.java:143)
	at io.netty.channel.nio.NioEventLoopGroup.newChild(NioEventLoopGroup.java:127)
	at io.netty.channel.nio.NioEventLoopGroup.newChild(NioEventLoopGroup.java:36)
	at io.netty.util.concurrent.MultithreadEventExecutorGroup.<init>(MultithreadEventExecutorGroup.java:84)
	at io.netty.util.concurrent.MultithreadEventExecutorGroup.<init>(MultithreadEventExecutorGroup.java:58)
	at io.netty.channel.MultithreadEventLoopGroup.<init>(MultithreadEventLoopGroup.java:52)
	at io.netty.channel.nio.NioEventLoopGroup.<init>(NioEventLoopGroup.java:87)
	at io.netty.channel.nio.NioEventLoopGroup.<init>(NioEventLoopGroup.java:82)
	at io.netty.channel.nio.NioEventLoopGroup.<init>(NioEventLoopGroup.java:63)
	at io.netty.channel.nio.NioEventLoopGroup.<init>(NioEventLoopGroup.java:51)
	at io.netty.channel.nio.NioEventLoopGroup.<init>(NioEventLoopGroup.java:43)
	at netty.kyro.client.NettyClient.<clinit>(NettyClient.java:40)
2020-09-05 16:51 DEBUG PlatformDependent0:81 - java.nio.Bits.unaligned: unavailable true
java.lang.UnsupportedOperationException: Reflective setAccessible(true) disabled
	at io.netty.util.internal.ReflectionUtil.trySetAccessible(ReflectionUtil.java:31)
	at io.netty.util.internal.PlatformDependent0$5.run(PlatformDependent0.java:273)
	at java.base/java.security.AccessController.doPrivileged(AccessController.java:312)
	at io.netty.util.internal.PlatformDependent0.<clinit>(PlatformDependent0.java:266)
	at io.netty.util.internal.PlatformDependent.isAndroid(PlatformDependent.java:208)
	at io.netty.util.internal.PlatformDependent.<clinit>(PlatformDependent.java:79)
	at io.netty.channel.nio.NioEventLoop.newTaskQueue(NioEventLoop.java:261)
	at io.netty.util.concurrent.SingleThreadEventExecutor.<init>(SingleThreadEventExecutor.java:165)
	at io.netty.channel.SingleThreadEventLoop.<init>(SingleThreadEventLoop.java:58)
	at io.netty.channel.nio.NioEventLoop.<init>(NioEventLoop.java:143)
	at io.netty.channel.nio.NioEventLoopGroup.newChild(NioEventLoopGroup.java:127)
	at io.netty.channel.nio.NioEventLoopGroup.newChild(NioEventLoopGroup.java:36)
	at io.netty.util.concurrent.MultithreadEventExecutorGroup.<init>(MultithreadEventExecutorGroup.java:84)
	at io.netty.util.concurrent.MultithreadEventExecutorGroup.<init>(MultithreadEventExecutorGroup.java:58)
	at io.netty.channel.MultithreadEventLoopGroup.<init>(MultithreadEventLoopGroup.java:52)
	at io.netty.channel.nio.NioEventLoopGroup.<init>(NioEventLoopGroup.java:87)
	at io.netty.channel.nio.NioEventLoopGroup.<init>(NioEventLoopGroup.java:82)
	at io.netty.channel.nio.NioEventLoopGroup.<init>(NioEventLoopGroup.java:63)
	at io.netty.channel.nio.NioEventLoopGroup.<init>(NioEventLoopGroup.java:51)
	at io.netty.channel.nio.NioEventLoopGroup.<init>(NioEventLoopGroup.java:43)
	at netty.kyro.client.NettyClient.<clinit>(NettyClient.java:40)
2020-09-05 16:51 DEBUG PlatformDependent0:91 - jdk.internal.misc.Unsafe.allocateUninitializedArray(int): unavailable
java.lang.IllegalAccessException: class io.netty.util.internal.PlatformDependent0$6 cannot access class jdk.internal.misc.Unsafe (in module java.base) because module java.base does not export jdk.internal.misc to unnamed module @402a079c
	at java.base/jdk.internal.reflect.Reflection.newIllegalAccessException(Reflection.java:376)
	at java.base/java.lang.reflect.AccessibleObject.checkAccess(AccessibleObject.java:647)
	at java.base/java.lang.reflect.Method.invoke(Method.java:556)
	at io.netty.util.internal.PlatformDependent0$6.run(PlatformDependent0.java:315)
	at java.base/java.security.AccessController.doPrivileged(AccessController.java:312)
	at io.netty.util.internal.PlatformDependent0.<clinit>(PlatformDependent0.java:306)
	at io.netty.util.internal.PlatformDependent.isAndroid(PlatformDependent.java:208)
	at io.netty.util.internal.PlatformDependent.<clinit>(PlatformDependent.java:79)
	at io.netty.channel.nio.NioEventLoop.newTaskQueue(NioEventLoop.java:261)
	at io.netty.util.concurrent.SingleThreadEventExecutor.<init>(SingleThreadEventExecutor.java:165)
	at io.netty.channel.SingleThreadEventLoop.<init>(SingleThreadEventLoop.java:58)
	at io.netty.channel.nio.NioEventLoop.<init>(NioEventLoop.java:143)
	at io.netty.channel.nio.NioEventLoopGroup.newChild(NioEventLoopGroup.java:127)
	at io.netty.channel.nio.NioEventLoopGroup.newChild(NioEventLoopGroup.java:36)
	at io.netty.util.concurrent.MultithreadEventExecutorGroup.<init>(MultithreadEventExecutorGroup.java:84)
	at io.netty.util.concurrent.MultithreadEventExecutorGroup.<init>(MultithreadEventExecutorGroup.java:58)
	at io.netty.channel.MultithreadEventLoopGroup.<init>(MultithreadEventLoopGroup.java:52)
	at io.netty.channel.nio.NioEventLoopGroup.<init>(NioEventLoopGroup.java:87)
	at io.netty.channel.nio.NioEventLoopGroup.<init>(NioEventLoopGroup.java:82)
	at io.netty.channel.nio.NioEventLoopGroup.<init>(NioEventLoopGroup.java:63)
	at io.netty.channel.nio.NioEventLoopGroup.<init>(NioEventLoopGroup.java:51)
	at io.netty.channel.nio.NioEventLoopGroup.<init>(NioEventLoopGroup.java:43)
	at netty.kyro.client.NettyClient.<clinit>(NettyClient.java:40)
2020-09-05 16:51 DEBUG PlatformDependent0:76 - java.nio.DirectByteBuffer.<init>(long, int): unavailable
2020-09-05 16:51 DEBUG PlatformDependent:76 - sun.misc.Unsafe: available
2020-09-05 16:51 DEBUG PlatformDependent:76 - maxDirectMemory: 2118123520 bytes (maybe)
2020-09-05 16:51 DEBUG PlatformDependent:76 - -Dio.netty.tmpdir: C:\Users\tomoy\AppData\Local\Temp (java.io.tmpdir)
2020-09-05 16:51 DEBUG PlatformDependent:76 - -Dio.netty.bitMode: 64 (sun.arch.data.model)
2020-09-05 16:51 DEBUG PlatformDependent:76 - -Dio.netty.noPreferDirect: false
2020-09-05 16:51 DEBUG PlatformDependent:76 - -Dio.netty.maxDirectMemory: -1 bytes
2020-09-05 16:51 DEBUG PlatformDependent:76 - -Dio.netty.uninitializedArrayAllocationThreshold: -1
2020-09-05 16:51 DEBUG CleanerJava9:71 - java.nio.ByteBuffer.cleaner(): available
2020-09-05 16:51 DEBUG PlatformDependent:71 - org.jctools-core.MpscChunkedArrayQueue: available
2020-09-05 16:51 DEBUG DefaultChannelId:76 - -Dio.netty.processId: 18260 (auto-detected)
2020-09-05 16:51 DEBUG NetUtil:76 - -Djava.net.preferIPv4Stack: false
2020-09-05 16:51 DEBUG NetUtil:76 - -Djava.net.preferIPv6Addresses: false
2020-09-05 16:51 DEBUG NetUtil:86 - Loopback interface: lo (Software Loopback Interface 1, 127.0.0.1)
2020-09-05 16:51 DEBUG NetUtil:81 - Failed to get SOMAXCONN from sysctl and file \proc\sys\net\core\somaxconn. Default: 200
2020-09-05 16:51 DEBUG DefaultChannelId:76 - -Dio.netty.machineId: 74:e5:f9:ff:fe:eb:57:ee (auto-detected)
2020-09-05 16:51 DEBUG InternalThreadLocalMap:76 - -Dio.netty.threadLocalMap.stringBuilder.initialSize: 1024
2020-09-05 16:51 DEBUG InternalThreadLocalMap:76 - -Dio.netty.threadLocalMap.stringBuilder.maxSize: 4096
2020-09-05 16:51 DEBUG ResourceLeakDetector:81 - -Dio.netty.leakDetection.level: simple
2020-09-05 16:51 DEBUG ResourceLeakDetector:81 - -Dio.netty.leakDetection.targetRecords: 4
2020-09-05 16:51 DEBUG PooledByteBufAllocator:76 - -Dio.netty.allocator.numHeapArenas: 16
2020-09-05 16:51 DEBUG PooledByteBufAllocator:76 - -Dio.netty.allocator.numDirectArenas: 16
2020-09-05 16:51 DEBUG PooledByteBufAllocator:76 - -Dio.netty.allocator.pageSize: 8192
2020-09-05 16:51 DEBUG PooledByteBufAllocator:76 - -Dio.netty.allocator.maxOrder: 11
2020-09-05 16:51 DEBUG PooledByteBufAllocator:76 - -Dio.netty.allocator.chunkSize: 16777216
2020-09-05 16:51 DEBUG PooledByteBufAllocator:76 - -Dio.netty.allocator.tinyCacheSize: 512
2020-09-05 16:51 DEBUG PooledByteBufAllocator:76 - -Dio.netty.allocator.smallCacheSize: 256
2020-09-05 16:51 DEBUG PooledByteBufAllocator:76 - -Dio.netty.allocator.normalCacheSize: 64
2020-09-05 16:51 DEBUG PooledByteBufAllocator:76 - -Dio.netty.allocator.maxCachedBufferCapacity: 32768
2020-09-05 16:51 DEBUG PooledByteBufAllocator:76 - -Dio.netty.allocator.cacheTrimInterval: 8192
2020-09-05 16:51 DEBUG PooledByteBufAllocator:76 - -Dio.netty.allocator.useCacheForAllThreads: true
2020-09-05 16:51 DEBUG ByteBufUtil:76 - -Dio.netty.allocator.type: pooled
2020-09-05 16:51 DEBUG ByteBufUtil:76 - -Dio.netty.threadLocalDirectBufferSize: 0
2020-09-05 16:51 DEBUG ByteBufUtil:76 - -Dio.netty.maxThreadLocalCharBufferSize: 16384
2020-09-05 16:51 INFO  NettyClient:73 - client connect  127.0.0.1:8889
2020-09-05 16:51 INFO  NettyClient:75 - send message
2020-09-05 16:51 INFO  LoggingHandler:101 - [id: 0xa0f39708, L:/[0:0:0:0:0:0:0:0]:8889] READ: [id: 0x48d96d45, L:/127.0.0.1:8889 - R:/127.0.0.1:63138]
2020-09-05 16:51 INFO  LoggingHandler:101 - [id: 0xa0f39708, L:/[0:0:0:0:0:0:0:0]:8889] READ COMPLETE
2020-09-05 16:51 DEBUG Recycler:76 - -Dio.netty.recycler.maxCapacityPerThread: 4096
2020-09-05 16:51 DEBUG Recycler:76 - -Dio.netty.recycler.maxSharedCapacityFactor: 2
2020-09-05 16:51 DEBUG Recycler:76 - -Dio.netty.recycler.linkCapacity: 16
2020-09-05 16:51 DEBUG Recycler:76 - -Dio.netty.recycler.ratio: 8
2020-09-05 16:51 DEBUG AbstractByteBuf:81 - -Dio.netty.buffer.bytebuf.checkAccessible: true
2020-09-05 16:51 DEBUG ResourceLeakDetectorFactory:76 - Loaded default ResourceLeakDetector: io.netty.util.ResourceLeakDetector@16f9db89
2020-09-05 16:51 DEBUG Recycler:76 - -Dio.netty.recycler.maxCapacityPerThread: 4096
2020-09-05 16:51 DEBUG Recycler:76 - -Dio.netty.recycler.maxSharedCapacityFactor: 2
2020-09-05 16:51 DEBUG Recycler:76 - -Dio.netty.recycler.linkCapacity: 16
2020-09-05 16:51 DEBUG Recycler:76 - -Dio.netty.recycler.ratio: 8
2020-09-05 16:51 INFO  NettyClient:79 - client send message: [RpcRequest(interfaceName=interface, methodName=hello)]
2020-09-05 16:51 DEBUG AbstractByteBuf:81 - -Dio.netty.buffer.bytebuf.checkAccessible: true
2020-09-05 16:51 DEBUG ResourceLeakDetectorFactory:76 - Loaded default ResourceLeakDetector: io.netty.util.ResourceLeakDetector@3201195b
2020-09-05 16:51 INFO  NettyKryoDecoder:62 - successful decode ByteBuf to Object
2020-09-05 16:51 INFO  NettyServerHandler:28 - server receive msg: [RpcRequest(interfaceName=interface, methodName=hello)] ,times:[1]
2020-09-05 16:51 INFO  NettyKryoDecoder:62 - successful decode ByteBuf to Object
2020-09-05 16:51 INFO  NettyClientHandler:22 - client receive msg: [RpcResponse(message=message from server)]
2020-09-05 16:51 INFO  NettyClient:73 - client connect  127.0.0.1:8889
2020-09-05 16:51 INFO  LoggingHandler:101 - [id: 0xa0f39708, L:/[0:0:0:0:0:0:0:0]:8889] READ: [id: 0xf1aff2cc, L:/127.0.0.1:8889 - R:/127.0.0.1:63139]
2020-09-05 16:51 INFO  NettyClient:75 - send message
2020-09-05 16:51 INFO  LoggingHandler:101 - [id: 0xa0f39708, L:/[0:0:0:0:0:0:0:0]:8889] READ COMPLETE
2020-09-05 16:51 INFO  NettyClient:79 - client send message: [RpcRequest(interfaceName=interface, methodName=hello)]
2020-09-05 16:51 INFO  NettyKryoDecoder:62 - successful decode ByteBuf to Object
2020-09-05 16:51 INFO  NettyServerHandler:28 - server receive msg: [RpcRequest(interfaceName=interface, methodName=hello)] ,times:[2]
2020-09-05 16:51 INFO  NettyKryoDecoder:62 - successful decode ByteBuf to Object
2020-09-05 16:51 INFO  NettyClientHandler:22 - client receive msg: [RpcResponse(message=message from server)]
2020-09-05 16:51 INFO  NettyClient:73 - client connect  127.0.0.1:8889
2020-09-05 16:51 INFO  LoggingHandler:101 - [id: 0xa0f39708, L:/[0:0:0:0:0:0:0:0]:8889] READ: [id: 0x592aef44, L:/127.0.0.1:8889 - R:/127.0.0.1:63140]
2020-09-05 16:51 INFO  NettyClient:75 - send message
2020-09-05 16:51 INFO  LoggingHandler:101 - [id: 0xa0f39708, L:/[0:0:0:0:0:0:0:0]:8889] READ COMPLETE
2020-09-05 16:51 INFO  NettyClient:79 - client send message: [RpcRequest(interfaceName=interface, methodName=hello)]
2020-09-05 16:51 INFO  NettyKryoDecoder:62 - successful decode ByteBuf to Object
2020-09-05 16:51 INFO  NettyServerHandler:28 - server receive msg: [RpcRequest(interfaceName=interface, methodName=hello)] ,times:[3]
2020-09-05 16:51 INFO  NettyKryoDecoder:62 - successful decode ByteBuf to Object
2020-09-05 16:51 INFO  NettyClientHandler:22 - client receive msg: [RpcResponse(message=message from server)]
2020-09-05 16:51 INFO  NettyClient:73 - client connect  127.0.0.1:8889
2020-09-05 16:51 INFO  NettyClient:75 - send message
2020-09-05 16:51 INFO  LoggingHandler:101 - [id: 0xa0f39708, L:/[0:0:0:0:0:0:0:0]:8889] READ: [id: 0x688fbab1, L:/127.0.0.1:8889 - R:/127.0.0.1:63141]
2020-09-05 16:51 INFO  LoggingHandler:101 - [id: 0xa0f39708, L:/[0:0:0:0:0:0:0:0]:8889] READ COMPLETE
2020-09-05 16:51 INFO  NettyClient:79 - client send message: [RpcRequest(interfaceName=interface, methodName=hello)]
2020-09-05 16:51 INFO  NettyKryoDecoder:62 - successful decode ByteBuf to Object
2020-09-05 16:51 INFO  NettyServerHandler:28 - server receive msg: [RpcRequest(interfaceName=interface, methodName=hello)] ,times:[4]
2020-09-05 16:51 INFO  NettyKryoDecoder:62 - successful decode ByteBuf to Object
2020-09-05 16:51 INFO  NettyClientHandler:22 - client receive msg: [RpcResponse(message=message from server)]
2020-09-05 23:09 INFO  ZooKeeper:109 - Client environment:zookeeper.version=3.5.4-beta-7f51e5b68cf2f80176ff944a9ebd2abbc65e7327, built on 05/11/2018 16:27 GMT
2020-09-05 23:09 INFO  ZooKeeper:109 - Client environment:host.name=DESKTOP-JVNO40K
2020-09-05 23:09 INFO  ZooKeeper:109 - Client environment:java.version=14.0.2
2020-09-05 23:09 INFO  ZooKeeper:109 - Client environment:java.vendor=Oracle Corporation
2020-09-05 23:09 INFO  ZooKeeper:109 - Client environment:java.home=C:\Users\tomoy\.jdks\openjdk-14.0.2
2020-09-05 23:09 INFO  ZooKeeper:109 - Client environment:java.class.path=C:\Users\tomoy\IdeaProjects\tomoya\target\classes;C:\Users\tomoy\.m2\repository\org\slf4j\slf4j-log4j12\1.7.25\slf4j-log4j12-1.7.25.jar;C:\Users\tomoy\.m2\repository\org\slf4j\slf4j-api\1.7.25\slf4j-api-1.7.25.jar;C:\Users\tomoy\.m2\repository\log4j\log4j\1.2.17\log4j-1.2.17.jar;C:\Users\tomoy\.m2\repository\org\projectlombok\lombok\1.18.8\lombok-1.18.8.jar;C:\Users\tomoy\.m2\repository\com\esotericsoftware\kryo\4.0.2\kryo-4.0.2.jar;C:\Users\tomoy\.m2\repository\com\esotericsoftware\reflectasm\1.11.3\reflectasm-1.11.3.jar;C:\Users\tomoy\.m2\repository\com\esotericsoftware\minlog\1.3.0\minlog-1.3.0.jar;C:\Users\tomoy\.m2\repository\org\objenesis\objenesis\2.5.1\objenesis-2.5.1.jar;C:\Users\tomoy\.m2\repository\io\netty\netty-all\4.1.25.Final\netty-all-4.1.25.Final.jar;C:\Users\tomoy\.m2\repository\cglib\cglib\3.3.0\cglib-3.3.0.jar;C:\Users\tomoy\.m2\repository\org\ow2\asm\asm\7.1\asm-7.1.jar;C:\Users\tomoy\.m2\repository\org\apache\curator\curator-framework\4.2.0\curator-framework-4.2.0.jar;C:\Users\tomoy\.m2\repository\org\apache\curator\curator-client\4.2.0\curator-client-4.2.0.jar;C:\Users\tomoy\.m2\repository\org\apache\zookeeper\zookeeper\3.5.4-beta\zookeeper-3.5.4-beta.jar;C:\Users\tomoy\.m2\repository\commons-cli\commons-cli\1.2\commons-cli-1.2.jar;C:\Users\tomoy\.m2\repository\org\apache\yetus\audience-annotations\0.5.0\audience-annotations-0.5.0.jar;C:\Users\tomoy\.m2\repository\io\netty\netty\3.10.6.Final\netty-3.10.6.Final.jar;C:\Users\tomoy\.m2\repository\com\google\guava\guava\27.0.1-jre\guava-27.0.1-jre.jar;C:\Users\tomoy\.m2\repository\com\google\guava\failureaccess\1.0.1\failureaccess-1.0.1.jar;C:\Users\tomoy\.m2\repository\com\google\guava\listenablefuture\9999.0-empty-to-avoid-conflict-with-guava\listenablefuture-9999.0-empty-to-avoid-conflict-with-guava.jar;C:\Users\tomoy\.m2\repository\com\google\code\findbugs\jsr305\3.0.2\jsr305-3.0.2.jar;C:\Users\tomoy\.m2\repository\org\checkerframework\checker-qual\2.5.2\checker-qual-2.5.2.jar;C:\Users\tomoy\.m2\repository\com\google\errorprone\error_prone_annotations\2.2.0\error_prone_annotations-2.2.0.jar;C:\Users\tomoy\.m2\repository\com\google\j2objc\j2objc-annotations\1.1\j2objc-annotations-1.1.jar;C:\Users\tomoy\.m2\repository\org\codehaus\mojo\animal-sniffer-annotations\1.17\animal-sniffer-annotations-1.17.jar;C:\Users\tomoy\.m2\repository\org\apache\curator\curator-recipes\4.2.0\curator-recipes-4.2.0.jar
2020-09-05 23:09 INFO  ZooKeeper:109 - Client environment:java.library.path=C:\Users\tomoy\.jdks\openjdk-14.0.2\bin;C:\Windows\Sun\Java\bin;C:\Windows\system32;C:\Windows;C:\Program Files (x86)\Common Files\Oracle\Java\javapath;C:\Windows\system32;C:\Windows;C:\Windows\System32\Wbem;C:\Windows\System32\WindowsPowerShell\v1.0\;C:\Windows\System32\OpenSSH\;C:\Users\tomoy\AppData\Local\Microsoft\WindowsApps;C:\Program Files\Bandizip\;C:\Users\tomoy\AppData\Local\Programs\Microsoft VS Code\bin;.
2020-09-05 23:09 INFO  ZooKeeper:109 - Client environment:java.io.tmpdir=C:\Users\tomoy\AppData\Local\Temp\
2020-09-05 23:09 INFO  ZooKeeper:109 - Client environment:java.compiler=<NA>
2020-09-05 23:09 INFO  ZooKeeper:109 - Client environment:os.name=Windows 10
2020-09-05 23:09 INFO  ZooKeeper:109 - Client environment:os.arch=amd64
2020-09-05 23:09 INFO  ZooKeeper:109 - Client environment:os.version=10.0
2020-09-05 23:09 INFO  ZooKeeper:109 - Client environment:user.name=tomoya
2020-09-05 23:09 INFO  ZooKeeper:109 - Client environment:user.home=C:\Users\tomoy
2020-09-05 23:09 INFO  ZooKeeper:109 - Client environment:user.dir=C:\Users\tomoy\IdeaProjects\tomoya
2020-09-05 23:09 INFO  ZooKeeper:109 - Client environment:os.memory.free=117MB
2020-09-05 23:09 INFO  ZooKeeper:109 - Client environment:os.memory.max=2020MB
2020-09-05 23:09 INFO  ZooKeeper:109 - Client environment:os.memory.total=128MB
2020-09-05 23:09 INFO  Compatibility:61 - Using emulated InjectSessionExpiration
2020-09-05 23:09 INFO  CuratorFrameworkImpl:308 - Starting
2020-09-05 23:09 DEBUG CuratorZookeeperClient:230 - Starting
2020-09-05 23:09 DEBUG ConnectionState:109 - Starting
2020-09-05 23:09 DEBUG ConnectionState:197 - reset
2020-09-05 23:09 INFO  ZooKeeper:868 - Initiating client connection, connectString=127.0.0.1:2181 sessionTimeout=60000 watcher=org.apache.curator.ConnectionState@1990a65e
2020-09-05 23:09 INFO  ClientCnxnSocket:236 - jute.maxbuffer value is 4194304 Bytes
2020-09-05 23:09 INFO  ClientCnxn:1106 - Opening socket connection to server 127.0.0.1/127.0.0.1:2181. Will not attempt to authenticate using SASL (unknown error)
2020-09-05 23:09 INFO  CuratorFrameworkImpl:356 - Default schema
2020-09-05 23:09 INFO  ClientCnxn:1235 - Socket error occurred: 127.0.0.1/127.0.0.1:2181: Connection refused: no further information
2020-09-05 23:09 DEBUG ClientCnxnSocketNIO:201 - Ignoring exception during shutdown input
java.nio.channels.ClosedChannelException
	at java.base/sun.nio.ch.SocketChannelImpl.ensureOpen(SocketChannelImpl.java:165)
	at java.base/sun.nio.ch.SocketChannelImpl.shutdownInput(SocketChannelImpl.java:989)
	at java.base/sun.nio.ch.SocketAdaptor.shutdownInput(SocketAdaptor.java:386)
	at org.apache.zookeeper.ClientCnxnSocketNIO.cleanup(ClientCnxnSocketNIO.java:198)
	at org.apache.zookeeper.ClientCnxn$SendThread.cleanup(ClientCnxn.java:1325)
	at org.apache.zookeeper.ClientCnxn$SendThread.run(ClientCnxn.java:1245)
2020-09-05 23:09 DEBUG ClientCnxnSocketNIO:208 - Ignoring exception during shutdown output
java.nio.channels.ClosedChannelException
	at java.base/sun.nio.ch.SocketChannelImpl.ensureOpen(SocketChannelImpl.java:165)
	at java.base/sun.nio.ch.SocketChannelImpl.shutdownOutput(SocketChannelImpl.java:1006)
	at java.base/sun.nio.ch.SocketAdaptor.shutdownOutput(SocketAdaptor.java:395)
	at org.apache.zookeeper.ClientCnxnSocketNIO.cleanup(ClientCnxnSocketNIO.java:205)
	at org.apache.zookeeper.ClientCnxn$SendThread.cleanup(ClientCnxn.java:1325)
	at org.apache.zookeeper.ClientCnxn$SendThread.run(ClientCnxn.java:1245)
2020-09-05 23:09 INFO  ClientCnxn:1106 - Opening socket connection to server 127.0.0.1/127.0.0.1:2181. Will not attempt to authenticate using SASL (unknown error)
2020-09-05 23:09 INFO  ClientCnxn:1235 - Socket error occurred: 127.0.0.1/127.0.0.1:2181: Connection refused: no further information
2020-09-05 23:09 DEBUG ClientCnxnSocketNIO:201 - Ignoring exception during shutdown input
java.nio.channels.ClosedChannelException
	at java.base/sun.nio.ch.SocketChannelImpl.ensureOpen(SocketChannelImpl.java:165)
	at java.base/sun.nio.ch.SocketChannelImpl.shutdownInput(SocketChannelImpl.java:989)
	at java.base/sun.nio.ch.SocketAdaptor.shutdownInput(SocketAdaptor.java:386)
	at org.apache.zookeeper.ClientCnxnSocketNIO.cleanup(ClientCnxnSocketNIO.java:198)
	at org.apache.zookeeper.ClientCnxn$SendThread.cleanup(ClientCnxn.java:1325)
	at org.apache.zookeeper.ClientCnxn$SendThread.run(ClientCnxn.java:1245)
2020-09-05 23:09 DEBUG ClientCnxnSocketNIO:208 - Ignoring exception during shutdown output
java.nio.channels.ClosedChannelException
	at java.base/sun.nio.ch.SocketChannelImpl.ensureOpen(SocketChannelImpl.java:165)
	at java.base/sun.nio.ch.SocketChannelImpl.shutdownOutput(SocketChannelImpl.java:1006)
	at java.base/sun.nio.ch.SocketAdaptor.shutdownOutput(SocketAdaptor.java:395)
	at org.apache.zookeeper.ClientCnxnSocketNIO.cleanup(ClientCnxnSocketNIO.java:205)
	at org.apache.zookeeper.ClientCnxn$SendThread.cleanup(ClientCnxn.java:1325)
	at org.apache.zookeeper.ClientCnxn$SendThread.run(ClientCnxn.java:1245)
2020-09-05 23:09 INFO  ClientCnxn:1106 - Opening socket connection to server 127.0.0.1/127.0.0.1:2181. Will not attempt to authenticate using SASL (unknown error)
2020-09-05 23:09 INFO  ClientCnxn:1235 - Socket error occurred: 127.0.0.1/127.0.0.1:2181: Connection refused: no further information
2020-09-05 23:09 DEBUG ClientCnxnSocketNIO:201 - Ignoring exception during shutdown input
java.nio.channels.ClosedChannelException
	at java.base/sun.nio.ch.SocketChannelImpl.ensureOpen(SocketChannelImpl.java:165)
	at java.base/sun.nio.ch.SocketChannelImpl.shutdownInput(SocketChannelImpl.java:989)
	at java.base/sun.nio.ch.SocketAdaptor.shutdownInput(SocketAdaptor.java:386)
	at org.apache.zookeeper.ClientCnxnSocketNIO.cleanup(ClientCnxnSocketNIO.java:198)
	at org.apache.zookeeper.ClientCnxn$SendThread.cleanup(ClientCnxn.java:1325)
	at org.apache.zookeeper.ClientCnxn$SendThread.run(ClientCnxn.java:1245)
2020-09-05 23:09 DEBUG ClientCnxnSocketNIO:208 - Ignoring exception during shutdown output
java.nio.channels.ClosedChannelException
	at java.base/sun.nio.ch.SocketChannelImpl.ensureOpen(SocketChannelImpl.java:165)
	at java.base/sun.nio.ch.SocketChannelImpl.shutdownOutput(SocketChannelImpl.java:1006)
	at java.base/sun.nio.ch.SocketAdaptor.shutdownOutput(SocketAdaptor.java:395)
	at org.apache.zookeeper.ClientCnxnSocketNIO.cleanup(ClientCnxnSocketNIO.java:205)
	at org.apache.zookeeper.ClientCnxn$SendThread.cleanup(ClientCnxn.java:1325)
	at org.apache.zookeeper.ClientCnxn$SendThread.run(ClientCnxn.java:1245)
2020-09-05 23:09 INFO  ClientCnxn:1106 - Opening socket connection to server 127.0.0.1/127.0.0.1:2181. Will not attempt to authenticate using SASL (unknown error)
2020-09-05 23:09 INFO  ClientCnxn:1235 - Socket error occurred: 127.0.0.1/127.0.0.1:2181: Connection refused: no further information
2020-09-05 23:09 DEBUG ClientCnxnSocketNIO:201 - Ignoring exception during shutdown input
java.nio.channels.ClosedChannelException
	at java.base/sun.nio.ch.SocketChannelImpl.ensureOpen(SocketChannelImpl.java:165)
	at java.base/sun.nio.ch.SocketChannelImpl.shutdownInput(SocketChannelImpl.java:989)
	at java.base/sun.nio.ch.SocketAdaptor.shutdownInput(SocketAdaptor.java:386)
	at org.apache.zookeeper.ClientCnxnSocketNIO.cleanup(ClientCnxnSocketNIO.java:198)
	at org.apache.zookeeper.ClientCnxn$SendThread.cleanup(ClientCnxn.java:1325)
	at org.apache.zookeeper.ClientCnxn$SendThread.run(ClientCnxn.java:1245)
2020-09-05 23:09 DEBUG ClientCnxnSocketNIO:208 - Ignoring exception during shutdown output
java.nio.channels.ClosedChannelException
	at java.base/sun.nio.ch.SocketChannelImpl.ensureOpen(SocketChannelImpl.java:165)
	at java.base/sun.nio.ch.SocketChannelImpl.shutdownOutput(SocketChannelImpl.java:1006)
	at java.base/sun.nio.ch.SocketAdaptor.shutdownOutput(SocketAdaptor.java:395)
	at org.apache.zookeeper.ClientCnxnSocketNIO.cleanup(ClientCnxnSocketNIO.java:205)
	at org.apache.zookeeper.ClientCnxn$SendThread.cleanup(ClientCnxn.java:1325)
	at org.apache.zookeeper.ClientCnxn$SendThread.run(ClientCnxn.java:1245)
2020-09-05 23:09 INFO  ClientCnxn:1106 - Opening socket connection to server 127.0.0.1/127.0.0.1:2181. Will not attempt to authenticate using SASL (unknown error)
2020-09-05 23:09 INFO  ClientCnxn:1235 - Socket error occurred: 127.0.0.1/127.0.0.1:2181: Connection refused: no further information
2020-09-05 23:09 DEBUG ClientCnxnSocketNIO:201 - Ignoring exception during shutdown input
java.nio.channels.ClosedChannelException
	at java.base/sun.nio.ch.SocketChannelImpl.ensureOpen(SocketChannelImpl.java:165)
	at java.base/sun.nio.ch.SocketChannelImpl.shutdownInput(SocketChannelImpl.java:989)
	at java.base/sun.nio.ch.SocketAdaptor.shutdownInput(SocketAdaptor.java:386)
	at org.apache.zookeeper.ClientCnxnSocketNIO.cleanup(ClientCnxnSocketNIO.java:198)
	at org.apache.zookeeper.ClientCnxn$SendThread.cleanup(ClientCnxn.java:1325)
	at org.apache.zookeeper.ClientCnxn$SendThread.run(ClientCnxn.java:1245)
2020-09-05 23:09 DEBUG ClientCnxnSocketNIO:208 - Ignoring exception during shutdown output
java.nio.channels.ClosedChannelException
	at java.base/sun.nio.ch.SocketChannelImpl.ensureOpen(SocketChannelImpl.java:165)
	at java.base/sun.nio.ch.SocketChannelImpl.shutdownOutput(SocketChannelImpl.java:1006)
	at java.base/sun.nio.ch.SocketAdaptor.shutdownOutput(SocketAdaptor.java:395)
	at org.apache.zookeeper.ClientCnxnSocketNIO.cleanup(ClientCnxnSocketNIO.java:205)
	at org.apache.zookeeper.ClientCnxn$SendThread.cleanup(ClientCnxn.java:1325)
	at org.apache.zookeeper.ClientCnxn$SendThread.run(ClientCnxn.java:1245)
2020-09-05 23:09 INFO  ClientCnxn:1106 - Opening socket connection to server 127.0.0.1/127.0.0.1:2181. Will not attempt to authenticate using SASL (unknown error)
2020-09-05 23:09 INFO  ClientCnxn:1235 - Socket error occurred: 127.0.0.1/127.0.0.1:2181: Connection refused: no further information
2020-09-05 23:09 DEBUG ClientCnxnSocketNIO:201 - Ignoring exception during shutdown input
java.nio.channels.ClosedChannelException
	at java.base/sun.nio.ch.SocketChannelImpl.ensureOpen(SocketChannelImpl.java:165)
	at java.base/sun.nio.ch.SocketChannelImpl.shutdownInput(SocketChannelImpl.java:989)
	at java.base/sun.nio.ch.SocketAdaptor.shutdownInput(SocketAdaptor.java:386)
	at org.apache.zookeeper.ClientCnxnSocketNIO.cleanup(ClientCnxnSocketNIO.java:198)
	at org.apache.zookeeper.ClientCnxn$SendThread.cleanup(ClientCnxn.java:1325)
	at org.apache.zookeeper.ClientCnxn$SendThread.run(ClientCnxn.java:1245)
2020-09-05 23:09 DEBUG ClientCnxnSocketNIO:208 - Ignoring exception during shutdown output
java.nio.channels.ClosedChannelException
	at java.base/sun.nio.ch.SocketChannelImpl.ensureOpen(SocketChannelImpl.java:165)
	at java.base/sun.nio.ch.SocketChannelImpl.shutdownOutput(SocketChannelImpl.java:1006)
	at java.base/sun.nio.ch.SocketAdaptor.shutdownOutput(SocketAdaptor.java:395)
	at org.apache.zookeeper.ClientCnxnSocketNIO.cleanup(ClientCnxnSocketNIO.java:205)
	at org.apache.zookeeper.ClientCnxn$SendThread.cleanup(ClientCnxn.java:1325)
	at org.apache.zookeeper.ClientCnxn$SendThread.run(ClientCnxn.java:1245)
2020-09-05 23:09 DEBUG RetryLoop:171 - Retry-able exception received
org.apache.zookeeper.KeeperException$ConnectionLossException: KeeperErrorCode = ConnectionLoss for /node1/00001
	at org.apache.zookeeper.KeeperException.create(KeeperException.java:102)
	at org.apache.zookeeper.KeeperException.create(KeeperException.java:54)
	at org.apache.zookeeper.ZooKeeper.create(ZooKeeper.java:1549)
	at org.apache.curator.framework.imps.CreateBuilderImpl$17.call(CreateBuilderImpl.java:1180)
	at org.apache.curator.framework.imps.CreateBuilderImpl$17.call(CreateBuilderImpl.java:1156)
	at org.apache.curator.connection.StandardConnectionHandlingPolicy.callWithRetry(StandardConnectionHandlingPolicy.java:64)
	at org.apache.curator.RetryLoop.callWithRetry(RetryLoop.java:100)
	at org.apache.curator.framework.imps.CreateBuilderImpl.pathInForeground(CreateBuilderImpl.java:1153)
	at org.apache.curator.framework.imps.CreateBuilderImpl.protectedPathInForeground(CreateBuilderImpl.java:607)
	at org.apache.curator.framework.imps.CreateBuilderImpl.forPath(CreateBuilderImpl.java:597)
	at org.apache.curator.framework.imps.CreateBuilderImpl.forPath(CreateBuilderImpl.java:575)
	at org.apache.curator.framework.imps.CreateBuilderImpl.forPath(CreateBuilderImpl.java:51)
	at zookeeper.curator.Main.main(Main.java:21)
2020-09-05 23:09 INFO  ConnectionStateManager:251 - State change: SUSPENDED
2020-09-05 23:09 ERROR CuratorFrameworkImpl:694 - Background operation retry gave up
org.apache.zookeeper.KeeperException$ConnectionLossException: KeeperErrorCode = ConnectionLoss
	at org.apache.zookeeper.KeeperException.create(KeeperException.java:102)
	at org.apache.curator.framework.imps.CuratorFrameworkImpl.checkBackgroundRetry(CuratorFrameworkImpl.java:862)
	at org.apache.curator.framework.imps.CuratorFrameworkImpl.performBackgroundOperation(CuratorFrameworkImpl.java:990)
	at org.apache.curator.framework.imps.CuratorFrameworkImpl.backgroundOperationsLoop(CuratorFrameworkImpl.java:943)
	at org.apache.curator.framework.imps.CuratorFrameworkImpl.access$300(CuratorFrameworkImpl.java:66)
	at org.apache.curator.framework.imps.CuratorFrameworkImpl$4.call(CuratorFrameworkImpl.java:346)
	at java.base/java.util.concurrent.FutureTask.run(FutureTask.java:264)
	at java.base/java.util.concurrent.ScheduledThreadPoolExecutor$ScheduledFutureTask.run(ScheduledThreadPoolExecutor.java:304)
	at java.base/java.util.concurrent.ThreadPoolExecutor.runWorker(ThreadPoolExecutor.java:1130)
	at java.base/java.util.concurrent.ThreadPoolExecutor$Worker.run(ThreadPoolExecutor.java:630)
	at java.base/java.lang.Thread.run(Thread.java:832)
2020-09-05 23:09 ERROR CuratorFrameworkImpl:694 - Background retry gave up
org.apache.curator.CuratorConnectionLossException: KeeperErrorCode = ConnectionLoss
	at org.apache.curator.framework.imps.CuratorFrameworkImpl.performBackgroundOperation(CuratorFrameworkImpl.java:972)
	at org.apache.curator.framework.imps.CuratorFrameworkImpl.backgroundOperationsLoop(CuratorFrameworkImpl.java:943)
	at org.apache.curator.framework.imps.CuratorFrameworkImpl.access$300(CuratorFrameworkImpl.java:66)
	at org.apache.curator.framework.imps.CuratorFrameworkImpl$4.call(CuratorFrameworkImpl.java:346)
	at java.base/java.util.concurrent.FutureTask.run(FutureTask.java:264)
	at java.base/java.util.concurrent.ScheduledThreadPoolExecutor$ScheduledFutureTask.run(ScheduledThreadPoolExecutor.java:304)
	at java.base/java.util.concurrent.ThreadPoolExecutor.runWorker(ThreadPoolExecutor.java:1130)
	at java.base/java.util.concurrent.ThreadPoolExecutor$Worker.run(ThreadPoolExecutor.java:630)
	at java.base/java.lang.Thread.run(Thread.java:832)
2020-09-05 23:09 INFO  ClientCnxn:1106 - Opening socket connection to server 127.0.0.1/127.0.0.1:2181. Will not attempt to authenticate using SASL (unknown error)
2020-09-05 23:09 DEBUG RetryLoop:179 - Retrying operation
2020-09-05 23:09 INFO  ClientCnxn:1235 - Socket error occurred: 127.0.0.1/127.0.0.1:2181: Connection refused: no further information
2020-09-05 23:09 DEBUG ClientCnxnSocketNIO:201 - Ignoring exception during shutdown input
java.nio.channels.ClosedChannelException
	at java.base/sun.nio.ch.SocketChannelImpl.ensureOpen(SocketChannelImpl.java:165)
	at java.base/sun.nio.ch.SocketChannelImpl.shutdownInput(SocketChannelImpl.java:989)
	at java.base/sun.nio.ch.SocketAdaptor.shutdownInput(SocketAdaptor.java:386)
	at org.apache.zookeeper.ClientCnxnSocketNIO.cleanup(ClientCnxnSocketNIO.java:198)
	at org.apache.zookeeper.ClientCnxn$SendThread.cleanup(ClientCnxn.java:1325)
	at org.apache.zookeeper.ClientCnxn$SendThread.run(ClientCnxn.java:1245)
2020-09-05 23:09 DEBUG ClientCnxnSocketNIO:208 - Ignoring exception during shutdown output
java.nio.channels.ClosedChannelException
	at java.base/sun.nio.ch.SocketChannelImpl.ensureOpen(SocketChannelImpl.java:165)
	at java.base/sun.nio.ch.SocketChannelImpl.shutdownOutput(SocketChannelImpl.java:1006)
	at java.base/sun.nio.ch.SocketAdaptor.shutdownOutput(SocketAdaptor.java:395)
	at org.apache.zookeeper.ClientCnxnSocketNIO.cleanup(ClientCnxnSocketNIO.java:205)
	at org.apache.zookeeper.ClientCnxn$SendThread.cleanup(ClientCnxn.java:1325)
	at org.apache.zookeeper.ClientCnxn$SendThread.run(ClientCnxn.java:1245)
2020-09-05 23:09 DEBUG RetryLoop:171 - Retry-able exception received
org.apache.zookeeper.KeeperException$ConnectionLossException: KeeperErrorCode = ConnectionLoss for /node1/00001
	at org.apache.zookeeper.KeeperException.create(KeeperException.java:102)
	at org.apache.zookeeper.KeeperException.create(KeeperException.java:54)
	at org.apache.zookeeper.ZooKeeper.create(ZooKeeper.java:1549)
	at org.apache.curator.framework.imps.CreateBuilderImpl$17.call(CreateBuilderImpl.java:1180)
	at org.apache.curator.framework.imps.CreateBuilderImpl$17.call(CreateBuilderImpl.java:1156)
	at org.apache.curator.connection.StandardConnectionHandlingPolicy.callWithRetry(StandardConnectionHandlingPolicy.java:64)
	at org.apache.curator.RetryLoop.callWithRetry(RetryLoop.java:100)
	at org.apache.curator.framework.imps.CreateBuilderImpl.pathInForeground(CreateBuilderImpl.java:1153)
	at org.apache.curator.framework.imps.CreateBuilderImpl.protectedPathInForeground(CreateBuilderImpl.java:607)
	at org.apache.curator.framework.imps.CreateBuilderImpl.forPath(CreateBuilderImpl.java:597)
	at org.apache.curator.framework.imps.CreateBuilderImpl.forPath(CreateBuilderImpl.java:575)
	at org.apache.curator.framework.imps.CreateBuilderImpl.forPath(CreateBuilderImpl.java:51)
	at zookeeper.curator.Main.main(Main.java:21)
2020-09-05 23:09 DEBUG RetryLoop:179 - Retrying operation
2020-09-05 23:09 INFO  ClientCnxn:1106 - Opening socket connection to server 127.0.0.1/127.0.0.1:2181. Will not attempt to authenticate using SASL (unknown error)
2020-09-05 23:09 INFO  ClientCnxn:1235 - Socket error occurred: 127.0.0.1/127.0.0.1:2181: Connection refused: no further information
2020-09-05 23:09 DEBUG ClientCnxnSocketNIO:201 - Ignoring exception during shutdown input
java.nio.channels.ClosedChannelException
	at java.base/sun.nio.ch.SocketChannelImpl.ensureOpen(SocketChannelImpl.java:165)
	at java.base/sun.nio.ch.SocketChannelImpl.shutdownInput(SocketChannelImpl.java:989)
	at java.base/sun.nio.ch.SocketAdaptor.shutdownInput(SocketAdaptor.java:386)
	at org.apache.zookeeper.ClientCnxnSocketNIO.cleanup(ClientCnxnSocketNIO.java:198)
	at org.apache.zookeeper.ClientCnxn$SendThread.cleanup(ClientCnxn.java:1325)
	at org.apache.zookeeper.ClientCnxn$SendThread.run(ClientCnxn.java:1245)
2020-09-05 23:09 DEBUG ClientCnxnSocketNIO:208 - Ignoring exception during shutdown output
java.nio.channels.ClosedChannelException
	at java.base/sun.nio.ch.SocketChannelImpl.ensureOpen(SocketChannelImpl.java:165)
	at java.base/sun.nio.ch.SocketChannelImpl.shutdownOutput(SocketChannelImpl.java:1006)
	at java.base/sun.nio.ch.SocketAdaptor.shutdownOutput(SocketAdaptor.java:395)
	at org.apache.zookeeper.ClientCnxnSocketNIO.cleanup(ClientCnxnSocketNIO.java:205)
	at org.apache.zookeeper.ClientCnxn$SendThread.cleanup(ClientCnxn.java:1325)
	at org.apache.zookeeper.ClientCnxn$SendThread.run(ClientCnxn.java:1245)
2020-09-05 23:09 DEBUG RetryLoop:171 - Retry-able exception received
org.apache.zookeeper.KeeperException$ConnectionLossException: KeeperErrorCode = ConnectionLoss for /node1/00001
	at org.apache.zookeeper.KeeperException.create(KeeperException.java:102)
	at org.apache.zookeeper.KeeperException.create(KeeperException.java:54)
	at org.apache.zookeeper.ZooKeeper.create(ZooKeeper.java:1549)
	at org.apache.curator.framework.imps.CreateBuilderImpl$17.call(CreateBuilderImpl.java:1180)
	at org.apache.curator.framework.imps.CreateBuilderImpl$17.call(CreateBuilderImpl.java:1156)
	at org.apache.curator.connection.StandardConnectionHandlingPolicy.callWithRetry(StandardConnectionHandlingPolicy.java:64)
	at org.apache.curator.RetryLoop.callWithRetry(RetryLoop.java:100)
	at org.apache.curator.framework.imps.CreateBuilderImpl.pathInForeground(CreateBuilderImpl.java:1153)
	at org.apache.curator.framework.imps.CreateBuilderImpl.protectedPathInForeground(CreateBuilderImpl.java:607)
	at org.apache.curator.framework.imps.CreateBuilderImpl.forPath(CreateBuilderImpl.java:597)
	at org.apache.curator.framework.imps.CreateBuilderImpl.forPath(CreateBuilderImpl.java:575)
	at org.apache.curator.framework.imps.CreateBuilderImpl.forPath(CreateBuilderImpl.java:51)
	at zookeeper.curator.Main.main(Main.java:21)
2020-09-05 23:09 INFO  ClientCnxn:1106 - Opening socket connection to server 127.0.0.1/127.0.0.1:2181. Will not attempt to authenticate using SASL (unknown error)
2020-09-05 23:09 INFO  ClientCnxn:1235 - Socket error occurred: 127.0.0.1/127.0.0.1:2181: Connection refused: no further information
2020-09-05 23:09 DEBUG ClientCnxnSocketNIO:201 - Ignoring exception during shutdown input
java.nio.channels.ClosedChannelException
	at java.base/sun.nio.ch.SocketChannelImpl.ensureOpen(SocketChannelImpl.java:165)
	at java.base/sun.nio.ch.SocketChannelImpl.shutdownInput(SocketChannelImpl.java:989)
	at java.base/sun.nio.ch.SocketAdaptor.shutdownInput(SocketAdaptor.java:386)
	at org.apache.zookeeper.ClientCnxnSocketNIO.cleanup(ClientCnxnSocketNIO.java:198)
	at org.apache.zookeeper.ClientCnxn$SendThread.cleanup(ClientCnxn.java:1325)
	at org.apache.zookeeper.ClientCnxn$SendThread.run(ClientCnxn.java:1245)
2020-09-05 23:09 DEBUG ClientCnxnSocketNIO:208 - Ignoring exception during shutdown output
java.nio.channels.ClosedChannelException
	at java.base/sun.nio.ch.SocketChannelImpl.ensureOpen(SocketChannelImpl.java:165)
	at java.base/sun.nio.ch.SocketChannelImpl.shutdownOutput(SocketChannelImpl.java:1006)
	at java.base/sun.nio.ch.SocketAdaptor.shutdownOutput(SocketAdaptor.java:395)
	at org.apache.zookeeper.ClientCnxnSocketNIO.cleanup(ClientCnxnSocketNIO.java:205)
	at org.apache.zookeeper.ClientCnxn$SendThread.cleanup(ClientCnxn.java:1325)
	at org.apache.zookeeper.ClientCnxn$SendThread.run(ClientCnxn.java:1245)
2020-09-05 23:09 DEBUG RetryLoop:179 - Retrying operation
2020-09-05 23:09 INFO  ClientCnxn:1106 - Opening socket connection to server 127.0.0.1/127.0.0.1:2181. Will not attempt to authenticate using SASL (unknown error)
2020-09-05 23:09 INFO  ClientCnxn:1235 - Socket error occurred: 127.0.0.1/127.0.0.1:2181: Connection refused: no further information
2020-09-05 23:09 DEBUG ClientCnxnSocketNIO:201 - Ignoring exception during shutdown input
java.nio.channels.ClosedChannelException
	at java.base/sun.nio.ch.SocketChannelImpl.ensureOpen(SocketChannelImpl.java:165)
	at java.base/sun.nio.ch.SocketChannelImpl.shutdownInput(SocketChannelImpl.java:989)
	at java.base/sun.nio.ch.SocketAdaptor.shutdownInput(SocketAdaptor.java:386)
	at org.apache.zookeeper.ClientCnxnSocketNIO.cleanup(ClientCnxnSocketNIO.java:198)
	at org.apache.zookeeper.ClientCnxn$SendThread.cleanup(ClientCnxn.java:1325)
	at org.apache.zookeeper.ClientCnxn$SendThread.run(ClientCnxn.java:1245)
2020-09-05 23:09 DEBUG ClientCnxnSocketNIO:208 - Ignoring exception during shutdown output
java.nio.channels.ClosedChannelException
	at java.base/sun.nio.ch.SocketChannelImpl.ensureOpen(SocketChannelImpl.java:165)
	at java.base/sun.nio.ch.SocketChannelImpl.shutdownOutput(SocketChannelImpl.java:1006)
	at java.base/sun.nio.ch.SocketAdaptor.shutdownOutput(SocketAdaptor.java:395)
	at org.apache.zookeeper.ClientCnxnSocketNIO.cleanup(ClientCnxnSocketNIO.java:205)
	at org.apache.zookeeper.ClientCnxn$SendThread.cleanup(ClientCnxn.java:1325)
	at org.apache.zookeeper.ClientCnxn$SendThread.run(ClientCnxn.java:1245)
2020-09-05 23:09 DEBUG RetryLoop:171 - Retry-able exception received
org.apache.zookeeper.KeeperException$ConnectionLossException: KeeperErrorCode = ConnectionLoss for /node1/00001
	at org.apache.zookeeper.KeeperException.create(KeeperException.java:102)
	at org.apache.zookeeper.KeeperException.create(KeeperException.java:54)
	at org.apache.zookeeper.ZooKeeper.create(ZooKeeper.java:1549)
	at org.apache.curator.framework.imps.CreateBuilderImpl$17.call(CreateBuilderImpl.java:1180)
	at org.apache.curator.framework.imps.CreateBuilderImpl$17.call(CreateBuilderImpl.java:1156)
	at org.apache.curator.connection.StandardConnectionHandlingPolicy.callWithRetry(StandardConnectionHandlingPolicy.java:64)
	at org.apache.curator.RetryLoop.callWithRetry(RetryLoop.java:100)
	at org.apache.curator.framework.imps.CreateBuilderImpl.pathInForeground(CreateBuilderImpl.java:1153)
	at org.apache.curator.framework.imps.CreateBuilderImpl.protectedPathInForeground(CreateBuilderImpl.java:607)
	at org.apache.curator.framework.imps.CreateBuilderImpl.forPath(CreateBuilderImpl.java:597)
	at org.apache.curator.framework.imps.CreateBuilderImpl.forPath(CreateBuilderImpl.java:575)
	at org.apache.curator.framework.imps.CreateBuilderImpl.forPath(CreateBuilderImpl.java:51)
	at zookeeper.curator.Main.main(Main.java:21)
2020-09-05 23:09 DEBUG RetryLoop:188 - Retry policy not allowing retry
2020-09-05 23:29 INFO  ZooKeeper:109 - Client environment:zookeeper.version=3.5.4-beta-7f51e5b68cf2f80176ff944a9ebd2abbc65e7327, built on 05/11/2018 16:27 GMT
2020-09-05 23:29 INFO  ZooKeeper:109 - Client environment:host.name=DESKTOP-JVNO40K
2020-09-05 23:29 INFO  ZooKeeper:109 - Client environment:java.version=14.0.2
2020-09-05 23:29 INFO  ZooKeeper:109 - Client environment:java.vendor=Oracle Corporation
2020-09-05 23:29 INFO  ZooKeeper:109 - Client environment:java.home=C:\Users\tomoy\.jdks\openjdk-14.0.2
2020-09-05 23:29 INFO  ZooKeeper:109 - Client environment:java.class.path=C:\Users\tomoy\IdeaProjects\tomoya\target\classes;C:\Users\tomoy\.m2\repository\org\slf4j\slf4j-log4j12\1.7.25\slf4j-log4j12-1.7.25.jar;C:\Users\tomoy\.m2\repository\org\slf4j\slf4j-api\1.7.25\slf4j-api-1.7.25.jar;C:\Users\tomoy\.m2\repository\log4j\log4j\1.2.17\log4j-1.2.17.jar;C:\Users\tomoy\.m2\repository\org\projectlombok\lombok\1.18.8\lombok-1.18.8.jar;C:\Users\tomoy\.m2\repository\com\esotericsoftware\kryo\4.0.2\kryo-4.0.2.jar;C:\Users\tomoy\.m2\repository\com\esotericsoftware\reflectasm\1.11.3\reflectasm-1.11.3.jar;C:\Users\tomoy\.m2\repository\com\esotericsoftware\minlog\1.3.0\minlog-1.3.0.jar;C:\Users\tomoy\.m2\repository\org\objenesis\objenesis\2.5.1\objenesis-2.5.1.jar;C:\Users\tomoy\.m2\repository\io\netty\netty-all\4.1.25.Final\netty-all-4.1.25.Final.jar;C:\Users\tomoy\.m2\repository\cglib\cglib\3.3.0\cglib-3.3.0.jar;C:\Users\tomoy\.m2\repository\org\ow2\asm\asm\7.1\asm-7.1.jar;C:\Users\tomoy\.m2\repository\org\apache\curator\curator-framework\4.2.0\curator-framework-4.2.0.jar;C:\Users\tomoy\.m2\repository\org\apache\curator\curator-client\4.2.0\curator-client-4.2.0.jar;C:\Users\tomoy\.m2\repository\org\apache\zookeeper\zookeeper\3.5.4-beta\zookeeper-3.5.4-beta.jar;C:\Users\tomoy\.m2\repository\commons-cli\commons-cli\1.2\commons-cli-1.2.jar;C:\Users\tomoy\.m2\repository\org\apache\yetus\audience-annotations\0.5.0\audience-annotations-0.5.0.jar;C:\Users\tomoy\.m2\repository\io\netty\netty\3.10.6.Final\netty-3.10.6.Final.jar;C:\Users\tomoy\.m2\repository\com\google\guava\guava\27.0.1-jre\guava-27.0.1-jre.jar;C:\Users\tomoy\.m2\repository\com\google\guava\failureaccess\1.0.1\failureaccess-1.0.1.jar;C:\Users\tomoy\.m2\repository\com\google\guava\listenablefuture\9999.0-empty-to-avoid-conflict-with-guava\listenablefuture-9999.0-empty-to-avoid-conflict-with-guava.jar;C:\Users\tomoy\.m2\repository\com\google\code\findbugs\jsr305\3.0.2\jsr305-3.0.2.jar;C:\Users\tomoy\.m2\repository\org\checkerframework\checker-qual\2.5.2\checker-qual-2.5.2.jar;C:\Users\tomoy\.m2\repository\com\google\errorprone\error_prone_annotations\2.2.0\error_prone_annotations-2.2.0.jar;C:\Users\tomoy\.m2\repository\com\google\j2objc\j2objc-annotations\1.1\j2objc-annotations-1.1.jar;C:\Users\tomoy\.m2\repository\org\codehaus\mojo\animal-sniffer-annotations\1.17\animal-sniffer-annotations-1.17.jar;C:\Users\tomoy\.m2\repository\org\apache\curator\curator-recipes\4.2.0\curator-recipes-4.2.0.jar
2020-09-05 23:29 INFO  ZooKeeper:109 - Client environment:java.library.path=C:\Users\tomoy\.jdks\openjdk-14.0.2\bin;C:\Windows\Sun\Java\bin;C:\Windows\system32;C:\Windows;C:\Program Files (x86)\Common Files\Oracle\Java\javapath;C:\Windows\system32;C:\Windows;C:\Windows\System32\Wbem;C:\Windows\System32\WindowsPowerShell\v1.0\;C:\Windows\System32\OpenSSH\;C:\Users\tomoy\AppData\Local\Microsoft\WindowsApps;C:\Program Files\Bandizip\;C:\Users\tomoy\AppData\Local\Programs\Microsoft VS Code\bin;.
2020-09-05 23:29 INFO  ZooKeeper:109 - Client environment:java.io.tmpdir=C:\Users\tomoy\AppData\Local\Temp\
2020-09-05 23:29 INFO  ZooKeeper:109 - Client environment:java.compiler=<NA>
2020-09-05 23:29 INFO  ZooKeeper:109 - Client environment:os.name=Windows 10
2020-09-05 23:29 INFO  ZooKeeper:109 - Client environment:os.arch=amd64
2020-09-05 23:29 INFO  ZooKeeper:109 - Client environment:os.version=10.0
2020-09-05 23:29 INFO  ZooKeeper:109 - Client environment:user.name=tomoya
2020-09-05 23:29 INFO  ZooKeeper:109 - Client environment:user.home=C:\Users\tomoy
2020-09-05 23:29 INFO  ZooKeeper:109 - Client environment:user.dir=C:\Users\tomoy\IdeaProjects\tomoya
2020-09-05 23:29 INFO  ZooKeeper:109 - Client environment:os.memory.free=117MB
2020-09-05 23:29 INFO  ZooKeeper:109 - Client environment:os.memory.max=2020MB
2020-09-05 23:29 INFO  ZooKeeper:109 - Client environment:os.memory.total=128MB
2020-09-05 23:29 INFO  Compatibility:61 - Using emulated InjectSessionExpiration
2020-09-05 23:29 INFO  CuratorFrameworkImpl:308 - Starting
2020-09-05 23:29 DEBUG CuratorZookeeperClient:230 - Starting
2020-09-05 23:29 DEBUG ConnectionState:109 - Starting
2020-09-05 23:29 DEBUG ConnectionState:197 - reset
2020-09-05 23:29 INFO  ZooKeeper:868 - Initiating client connection, connectString=127.0.0.1:2181 sessionTimeout=60000 watcher=org.apache.curator.ConnectionState@1990a65e
2020-09-05 23:29 INFO  ClientCnxnSocket:236 - jute.maxbuffer value is 4194304 Bytes
2020-09-05 23:29 INFO  CuratorFrameworkImpl:356 - Default schema
2020-09-05 23:29 INFO  ClientCnxn:1106 - Opening socket connection to server 127.0.0.1/127.0.0.1:2181. Will not attempt to authenticate using SASL (unknown error)
2020-09-05 23:30 INFO  ClientCnxn:1235 - Socket error occurred: 127.0.0.1/127.0.0.1:2181: Connection refused: no further information
2020-09-05 23:30 DEBUG ClientCnxnSocketNIO:201 - Ignoring exception during shutdown input
java.nio.channels.ClosedChannelException
	at java.base/sun.nio.ch.SocketChannelImpl.ensureOpen(SocketChannelImpl.java:165)
	at java.base/sun.nio.ch.SocketChannelImpl.shutdownInput(SocketChannelImpl.java:989)
	at java.base/sun.nio.ch.SocketAdaptor.shutdownInput(SocketAdaptor.java:386)
	at org.apache.zookeeper.ClientCnxnSocketNIO.cleanup(ClientCnxnSocketNIO.java:198)
	at org.apache.zookeeper.ClientCnxn$SendThread.cleanup(ClientCnxn.java:1325)
	at org.apache.zookeeper.ClientCnxn$SendThread.run(ClientCnxn.java:1245)
2020-09-05 23:30 DEBUG ClientCnxnSocketNIO:208 - Ignoring exception during shutdown output
java.nio.channels.ClosedChannelException
	at java.base/sun.nio.ch.SocketChannelImpl.ensureOpen(SocketChannelImpl.java:165)
	at java.base/sun.nio.ch.SocketChannelImpl.shutdownOutput(SocketChannelImpl.java:1006)
	at java.base/sun.nio.ch.SocketAdaptor.shutdownOutput(SocketAdaptor.java:395)
	at org.apache.zookeeper.ClientCnxnSocketNIO.cleanup(ClientCnxnSocketNIO.java:205)
	at org.apache.zookeeper.ClientCnxn$SendThread.cleanup(ClientCnxn.java:1325)
	at org.apache.zookeeper.ClientCnxn$SendThread.run(ClientCnxn.java:1245)
2020-09-05 23:30 INFO  ClientCnxn:1106 - Opening socket connection to server 127.0.0.1/127.0.0.1:2181. Will not attempt to authenticate using SASL (unknown error)
2020-09-05 23:30 INFO  ClientCnxn:1235 - Socket error occurred: 127.0.0.1/127.0.0.1:2181: Connection refused: no further information
2020-09-05 23:30 DEBUG ClientCnxnSocketNIO:201 - Ignoring exception during shutdown input
java.nio.channels.ClosedChannelException
	at java.base/sun.nio.ch.SocketChannelImpl.ensureOpen(SocketChannelImpl.java:165)
	at java.base/sun.nio.ch.SocketChannelImpl.shutdownInput(SocketChannelImpl.java:989)
	at java.base/sun.nio.ch.SocketAdaptor.shutdownInput(SocketAdaptor.java:386)
	at org.apache.zookeeper.ClientCnxnSocketNIO.cleanup(ClientCnxnSocketNIO.java:198)
	at org.apache.zookeeper.ClientCnxn$SendThread.cleanup(ClientCnxn.java:1325)
	at org.apache.zookeeper.ClientCnxn$SendThread.run(ClientCnxn.java:1245)
2020-09-05 23:30 DEBUG ClientCnxnSocketNIO:208 - Ignoring exception during shutdown output
java.nio.channels.ClosedChannelException
	at java.base/sun.nio.ch.SocketChannelImpl.ensureOpen(SocketChannelImpl.java:165)
	at java.base/sun.nio.ch.SocketChannelImpl.shutdownOutput(SocketChannelImpl.java:1006)
	at java.base/sun.nio.ch.SocketAdaptor.shutdownOutput(SocketAdaptor.java:395)
	at org.apache.zookeeper.ClientCnxnSocketNIO.cleanup(ClientCnxnSocketNIO.java:205)
	at org.apache.zookeeper.ClientCnxn$SendThread.cleanup(ClientCnxn.java:1325)
	at org.apache.zookeeper.ClientCnxn$SendThread.run(ClientCnxn.java:1245)
2020-09-05 23:30 INFO  ClientCnxn:1106 - Opening socket connection to server 127.0.0.1/127.0.0.1:2181. Will not attempt to authenticate using SASL (unknown error)
2020-09-05 23:30 INFO  ClientCnxn:1235 - Socket error occurred: 127.0.0.1/127.0.0.1:2181: Connection refused: no further information
2020-09-05 23:30 DEBUG ClientCnxnSocketNIO:201 - Ignoring exception during shutdown input
java.nio.channels.ClosedChannelException
	at java.base/sun.nio.ch.SocketChannelImpl.ensureOpen(SocketChannelImpl.java:165)
	at java.base/sun.nio.ch.SocketChannelImpl.shutdownInput(SocketChannelImpl.java:989)
	at java.base/sun.nio.ch.SocketAdaptor.shutdownInput(SocketAdaptor.java:386)
	at org.apache.zookeeper.ClientCnxnSocketNIO.cleanup(ClientCnxnSocketNIO.java:198)
	at org.apache.zookeeper.ClientCnxn$SendThread.cleanup(ClientCnxn.java:1325)
	at org.apache.zookeeper.ClientCnxn$SendThread.run(ClientCnxn.java:1245)
2020-09-05 23:30 DEBUG ClientCnxnSocketNIO:208 - Ignoring exception during shutdown output
java.nio.channels.ClosedChannelException
	at java.base/sun.nio.ch.SocketChannelImpl.ensureOpen(SocketChannelImpl.java:165)
	at java.base/sun.nio.ch.SocketChannelImpl.shutdownOutput(SocketChannelImpl.java:1006)
	at java.base/sun.nio.ch.SocketAdaptor.shutdownOutput(SocketAdaptor.java:395)
	at org.apache.zookeeper.ClientCnxnSocketNIO.cleanup(ClientCnxnSocketNIO.java:205)
	at org.apache.zookeeper.ClientCnxn$SendThread.cleanup(ClientCnxn.java:1325)
	at org.apache.zookeeper.ClientCnxn$SendThread.run(ClientCnxn.java:1245)
2020-09-05 23:30 INFO  ClientCnxn:1106 - Opening socket connection to server 127.0.0.1/127.0.0.1:2181. Will not attempt to authenticate using SASL (unknown error)
2020-09-05 23:30 INFO  ClientCnxn:1235 - Socket error occurred: 127.0.0.1/127.0.0.1:2181: Connection refused: no further information
2020-09-05 23:30 DEBUG ClientCnxnSocketNIO:201 - Ignoring exception during shutdown input
java.nio.channels.ClosedChannelException
	at java.base/sun.nio.ch.SocketChannelImpl.ensureOpen(SocketChannelImpl.java:165)
	at java.base/sun.nio.ch.SocketChannelImpl.shutdownInput(SocketChannelImpl.java:989)
	at java.base/sun.nio.ch.SocketAdaptor.shutdownInput(SocketAdaptor.java:386)
	at org.apache.zookeeper.ClientCnxnSocketNIO.cleanup(ClientCnxnSocketNIO.java:198)
	at org.apache.zookeeper.ClientCnxn$SendThread.cleanup(ClientCnxn.java:1325)
	at org.apache.zookeeper.ClientCnxn$SendThread.run(ClientCnxn.java:1245)
2020-09-05 23:30 DEBUG ClientCnxnSocketNIO:208 - Ignoring exception during shutdown output
java.nio.channels.ClosedChannelException
	at java.base/sun.nio.ch.SocketChannelImpl.ensureOpen(SocketChannelImpl.java:165)
	at java.base/sun.nio.ch.SocketChannelImpl.shutdownOutput(SocketChannelImpl.java:1006)
	at java.base/sun.nio.ch.SocketAdaptor.shutdownOutput(SocketAdaptor.java:395)
	at org.apache.zookeeper.ClientCnxnSocketNIO.cleanup(ClientCnxnSocketNIO.java:205)
	at org.apache.zookeeper.ClientCnxn$SendThread.cleanup(ClientCnxn.java:1325)
	at org.apache.zookeeper.ClientCnxn$SendThread.run(ClientCnxn.java:1245)
2020-09-05 23:30 INFO  ClientCnxn:1106 - Opening socket connection to server 127.0.0.1/127.0.0.1:2181. Will not attempt to authenticate using SASL (unknown error)
2020-09-05 23:30 INFO  ClientCnxn:1235 - Socket error occurred: 127.0.0.1/127.0.0.1:2181: Connection refused: no further information
2020-09-05 23:30 DEBUG ClientCnxnSocketNIO:201 - Ignoring exception during shutdown input
java.nio.channels.ClosedChannelException
	at java.base/sun.nio.ch.SocketChannelImpl.ensureOpen(SocketChannelImpl.java:165)
	at java.base/sun.nio.ch.SocketChannelImpl.shutdownInput(SocketChannelImpl.java:989)
	at java.base/sun.nio.ch.SocketAdaptor.shutdownInput(SocketAdaptor.java:386)
	at org.apache.zookeeper.ClientCnxnSocketNIO.cleanup(ClientCnxnSocketNIO.java:198)
	at org.apache.zookeeper.ClientCnxn$SendThread.cleanup(ClientCnxn.java:1325)
	at org.apache.zookeeper.ClientCnxn$SendThread.run(ClientCnxn.java:1245)
2020-09-05 23:30 DEBUG ClientCnxnSocketNIO:208 - Ignoring exception during shutdown output
java.nio.channels.ClosedChannelException
	at java.base/sun.nio.ch.SocketChannelImpl.ensureOpen(SocketChannelImpl.java:165)
	at java.base/sun.nio.ch.SocketChannelImpl.shutdownOutput(SocketChannelImpl.java:1006)
	at java.base/sun.nio.ch.SocketAdaptor.shutdownOutput(SocketAdaptor.java:395)
	at org.apache.zookeeper.ClientCnxnSocketNIO.cleanup(ClientCnxnSocketNIO.java:205)
	at org.apache.zookeeper.ClientCnxn$SendThread.cleanup(ClientCnxn.java:1325)
	at org.apache.zookeeper.ClientCnxn$SendThread.run(ClientCnxn.java:1245)
2020-09-05 23:30 INFO  ClientCnxn:1106 - Opening socket connection to server 127.0.0.1/127.0.0.1:2181. Will not attempt to authenticate using SASL (unknown error)
2020-09-05 23:30 INFO  ClientCnxn:1235 - Socket error occurred: 127.0.0.1/127.0.0.1:2181: Connection refused: no further information
2020-09-05 23:30 DEBUG ClientCnxnSocketNIO:201 - Ignoring exception during shutdown input
java.nio.channels.ClosedChannelException
	at java.base/sun.nio.ch.SocketChannelImpl.ensureOpen(SocketChannelImpl.java:165)
	at java.base/sun.nio.ch.SocketChannelImpl.shutdownInput(SocketChannelImpl.java:989)
	at java.base/sun.nio.ch.SocketAdaptor.shutdownInput(SocketAdaptor.java:386)
	at org.apache.zookeeper.ClientCnxnSocketNIO.cleanup(ClientCnxnSocketNIO.java:198)
	at org.apache.zookeeper.ClientCnxn$SendThread.cleanup(ClientCnxn.java:1325)
	at org.apache.zookeeper.ClientCnxn$SendThread.run(ClientCnxn.java:1245)
2020-09-05 23:30 DEBUG ClientCnxnSocketNIO:208 - Ignoring exception during shutdown output
java.nio.channels.ClosedChannelException
	at java.base/sun.nio.ch.SocketChannelImpl.ensureOpen(SocketChannelImpl.java:165)
	at java.base/sun.nio.ch.SocketChannelImpl.shutdownOutput(SocketChannelImpl.java:1006)
	at java.base/sun.nio.ch.SocketAdaptor.shutdownOutput(SocketAdaptor.java:395)
	at org.apache.zookeeper.ClientCnxnSocketNIO.cleanup(ClientCnxnSocketNIO.java:205)
	at org.apache.zookeeper.ClientCnxn$SendThread.cleanup(ClientCnxn.java:1325)
	at org.apache.zookeeper.ClientCnxn$SendThread.run(ClientCnxn.java:1245)
2020-09-05 23:30 DEBUG RetryLoop:171 - Retry-able exception received
org.apache.zookeeper.KeeperException$ConnectionLossException: KeeperErrorCode = ConnectionLoss for /node1/00001
	at org.apache.zookeeper.KeeperException.create(KeeperException.java:102)
	at org.apache.zookeeper.KeeperException.create(KeeperException.java:54)
	at org.apache.zookeeper.ZooKeeper.create(ZooKeeper.java:1549)
	at org.apache.curator.framework.imps.CreateBuilderImpl$17.call(CreateBuilderImpl.java:1180)
	at org.apache.curator.framework.imps.CreateBuilderImpl$17.call(CreateBuilderImpl.java:1156)
	at org.apache.curator.connection.StandardConnectionHandlingPolicy.callWithRetry(StandardConnectionHandlingPolicy.java:64)
	at org.apache.curator.RetryLoop.callWithRetry(RetryLoop.java:100)
	at org.apache.curator.framework.imps.CreateBuilderImpl.pathInForeground(CreateBuilderImpl.java:1153)
	at org.apache.curator.framework.imps.CreateBuilderImpl.protectedPathInForeground(CreateBuilderImpl.java:607)
	at org.apache.curator.framework.imps.CreateBuilderImpl.forPath(CreateBuilderImpl.java:597)
	at org.apache.curator.framework.imps.CreateBuilderImpl.forPath(CreateBuilderImpl.java:575)
	at org.apache.curator.framework.imps.CreateBuilderImpl.forPath(CreateBuilderImpl.java:51)
	at zookeeper.curator.Main.main(Main.java:21)
2020-09-05 23:30 INFO  ClientCnxn:1106 - Opening socket connection to server 127.0.0.1/127.0.0.1:2181. Will not attempt to authenticate using SASL (unknown error)
2020-09-05 23:30 DEBUG RetryLoop:179 - Retrying operation
2020-09-05 23:30 INFO  ClientCnxn:1235 - Socket error occurred: 127.0.0.1/127.0.0.1:2181: Connection refused: no further information
2020-09-05 23:30 DEBUG ClientCnxnSocketNIO:201 - Ignoring exception during shutdown input
java.nio.channels.ClosedChannelException
	at java.base/sun.nio.ch.SocketChannelImpl.ensureOpen(SocketChannelImpl.java:165)
	at java.base/sun.nio.ch.SocketChannelImpl.shutdownInput(SocketChannelImpl.java:989)
	at java.base/sun.nio.ch.SocketAdaptor.shutdownInput(SocketAdaptor.java:386)
	at org.apache.zookeeper.ClientCnxnSocketNIO.cleanup(ClientCnxnSocketNIO.java:198)
	at org.apache.zookeeper.ClientCnxn$SendThread.cleanup(ClientCnxn.java:1325)
	at org.apache.zookeeper.ClientCnxn$SendThread.run(ClientCnxn.java:1245)
2020-09-05 23:30 DEBUG ClientCnxnSocketNIO:208 - Ignoring exception during shutdown output
java.nio.channels.ClosedChannelException
	at java.base/sun.nio.ch.SocketChannelImpl.ensureOpen(SocketChannelImpl.java:165)
	at java.base/sun.nio.ch.SocketChannelImpl.shutdownOutput(SocketChannelImpl.java:1006)
	at java.base/sun.nio.ch.SocketAdaptor.shutdownOutput(SocketAdaptor.java:395)
	at org.apache.zookeeper.ClientCnxnSocketNIO.cleanup(ClientCnxnSocketNIO.java:205)
	at org.apache.zookeeper.ClientCnxn$SendThread.cleanup(ClientCnxn.java:1325)
	at org.apache.zookeeper.ClientCnxn$SendThread.run(ClientCnxn.java:1245)
2020-09-05 23:30 DEBUG RetryLoop:171 - Retry-able exception received
org.apache.zookeeper.KeeperException$ConnectionLossException: KeeperErrorCode = ConnectionLoss for /node1/00001
	at org.apache.zookeeper.KeeperException.create(KeeperException.java:102)
	at org.apache.zookeeper.KeeperException.create(KeeperException.java:54)
	at org.apache.zookeeper.ZooKeeper.create(ZooKeeper.java:1549)
	at org.apache.curator.framework.imps.CreateBuilderImpl$17.call(CreateBuilderImpl.java:1180)
	at org.apache.curator.framework.imps.CreateBuilderImpl$17.call(CreateBuilderImpl.java:1156)
	at org.apache.curator.connection.StandardConnectionHandlingPolicy.callWithRetry(StandardConnectionHandlingPolicy.java:64)
	at org.apache.curator.RetryLoop.callWithRetry(RetryLoop.java:100)
	at org.apache.curator.framework.imps.CreateBuilderImpl.pathInForeground(CreateBuilderImpl.java:1153)
	at org.apache.curator.framework.imps.CreateBuilderImpl.protectedPathInForeground(CreateBuilderImpl.java:607)
	at org.apache.curator.framework.imps.CreateBuilderImpl.forPath(CreateBuilderImpl.java:597)
	at org.apache.curator.framework.imps.CreateBuilderImpl.forPath(CreateBuilderImpl.java:575)
	at org.apache.curator.framework.imps.CreateBuilderImpl.forPath(CreateBuilderImpl.java:51)
	at zookeeper.curator.Main.main(Main.java:21)
2020-09-05 23:30 INFO  ClientCnxn:1106 - Opening socket connection to server 127.0.0.1/127.0.0.1:2181. Will not attempt to authenticate using SASL (unknown error)
2020-09-05 23:30 DEBUG RetryLoop:179 - Retrying operation
2020-09-05 23:30 INFO  ConnectionStateManager:251 - State change: SUSPENDED
2020-09-05 23:30 ERROR CuratorFrameworkImpl:694 - Background operation retry gave up
org.apache.zookeeper.KeeperException$ConnectionLossException: KeeperErrorCode = ConnectionLoss
	at org.apache.zookeeper.KeeperException.create(KeeperException.java:102)
	at org.apache.curator.framework.imps.CuratorFrameworkImpl.checkBackgroundRetry(CuratorFrameworkImpl.java:862)
	at org.apache.curator.framework.imps.CuratorFrameworkImpl.performBackgroundOperation(CuratorFrameworkImpl.java:990)
	at org.apache.curator.framework.imps.CuratorFrameworkImpl.backgroundOperationsLoop(CuratorFrameworkImpl.java:943)
	at org.apache.curator.framework.imps.CuratorFrameworkImpl.access$300(CuratorFrameworkImpl.java:66)
	at org.apache.curator.framework.imps.CuratorFrameworkImpl$4.call(CuratorFrameworkImpl.java:346)
	at java.base/java.util.concurrent.FutureTask.run(FutureTask.java:264)
	at java.base/java.util.concurrent.ScheduledThreadPoolExecutor$ScheduledFutureTask.run(ScheduledThreadPoolExecutor.java:304)
	at java.base/java.util.concurrent.ThreadPoolExecutor.runWorker(ThreadPoolExecutor.java:1130)
	at java.base/java.util.concurrent.ThreadPoolExecutor$Worker.run(ThreadPoolExecutor.java:630)
	at java.base/java.lang.Thread.run(Thread.java:832)
2020-09-05 23:30 ERROR CuratorFrameworkImpl:694 - Background retry gave up
org.apache.curator.CuratorConnectionLossException: KeeperErrorCode = ConnectionLoss
	at org.apache.curator.framework.imps.CuratorFrameworkImpl.performBackgroundOperation(CuratorFrameworkImpl.java:972)
	at org.apache.curator.framework.imps.CuratorFrameworkImpl.backgroundOperationsLoop(CuratorFrameworkImpl.java:943)
	at org.apache.curator.framework.imps.CuratorFrameworkImpl.access$300(CuratorFrameworkImpl.java:66)
	at org.apache.curator.framework.imps.CuratorFrameworkImpl$4.call(CuratorFrameworkImpl.java:346)
	at java.base/java.util.concurrent.FutureTask.run(FutureTask.java:264)
	at java.base/java.util.concurrent.ScheduledThreadPoolExecutor$ScheduledFutureTask.run(ScheduledThreadPoolExecutor.java:304)
	at java.base/java.util.concurrent.ThreadPoolExecutor.runWorker(ThreadPoolExecutor.java:1130)
	at java.base/java.util.concurrent.ThreadPoolExecutor$Worker.run(ThreadPoolExecutor.java:630)
	at java.base/java.lang.Thread.run(Thread.java:832)
2020-09-05 23:30 INFO  ClientCnxn:1235 - Socket error occurred: 127.0.0.1/127.0.0.1:2181: Connection refused: no further information
2020-09-05 23:30 DEBUG ClientCnxnSocketNIO:201 - Ignoring exception during shutdown input
java.nio.channels.ClosedChannelException
	at java.base/sun.nio.ch.SocketChannelImpl.ensureOpen(SocketChannelImpl.java:165)
	at java.base/sun.nio.ch.SocketChannelImpl.shutdownInput(SocketChannelImpl.java:989)
	at java.base/sun.nio.ch.SocketAdaptor.shutdownInput(SocketAdaptor.java:386)
	at org.apache.zookeeper.ClientCnxnSocketNIO.cleanup(ClientCnxnSocketNIO.java:198)
	at org.apache.zookeeper.ClientCnxn$SendThread.cleanup(ClientCnxn.java:1325)
	at org.apache.zookeeper.ClientCnxn$SendThread.run(ClientCnxn.java:1245)
2020-09-05 23:30 DEBUG ClientCnxnSocketNIO:208 - Ignoring exception during shutdown output
java.nio.channels.ClosedChannelException
	at java.base/sun.nio.ch.SocketChannelImpl.ensureOpen(SocketChannelImpl.java:165)
	at java.base/sun.nio.ch.SocketChannelImpl.shutdownOutput(SocketChannelImpl.java:1006)
	at java.base/sun.nio.ch.SocketAdaptor.shutdownOutput(SocketAdaptor.java:395)
	at org.apache.zookeeper.ClientCnxnSocketNIO.cleanup(ClientCnxnSocketNIO.java:205)
	at org.apache.zookeeper.ClientCnxn$SendThread.cleanup(ClientCnxn.java:1325)
	at org.apache.zookeeper.ClientCnxn$SendThread.run(ClientCnxn.java:1245)
2020-09-05 23:30 DEBUG RetryLoop:171 - Retry-able exception received
org.apache.zookeeper.KeeperException$ConnectionLossException: KeeperErrorCode = ConnectionLoss for /node1/00001
	at org.apache.zookeeper.KeeperException.create(KeeperException.java:102)
	at org.apache.zookeeper.KeeperException.create(KeeperException.java:54)
	at org.apache.zookeeper.ZooKeeper.create(ZooKeeper.java:1549)
	at org.apache.curator.framework.imps.CreateBuilderImpl$17.call(CreateBuilderImpl.java:1180)
	at org.apache.curator.framework.imps.CreateBuilderImpl$17.call(CreateBuilderImpl.java:1156)
	at org.apache.curator.connection.StandardConnectionHandlingPolicy.callWithRetry(StandardConnectionHandlingPolicy.java:64)
	at org.apache.curator.RetryLoop.callWithRetry(RetryLoop.java:100)
	at org.apache.curator.framework.imps.CreateBuilderImpl.pathInForeground(CreateBuilderImpl.java:1153)
	at org.apache.curator.framework.imps.CreateBuilderImpl.protectedPathInForeground(CreateBuilderImpl.java:607)
	at org.apache.curator.framework.imps.CreateBuilderImpl.forPath(CreateBuilderImpl.java:597)
	at org.apache.curator.framework.imps.CreateBuilderImpl.forPath(CreateBuilderImpl.java:575)
	at org.apache.curator.framework.imps.CreateBuilderImpl.forPath(CreateBuilderImpl.java:51)
	at zookeeper.curator.Main.main(Main.java:21)
2020-09-05 23:30 INFO  ClientCnxn:1106 - Opening socket connection to server 127.0.0.1/127.0.0.1:2181. Will not attempt to authenticate using SASL (unknown error)
2020-09-05 23:30 INFO  ClientCnxn:1235 - Socket error occurred: 127.0.0.1/127.0.0.1:2181: Connection refused: no further information
2020-09-05 23:30 DEBUG ClientCnxnSocketNIO:201 - Ignoring exception during shutdown input
java.nio.channels.ClosedChannelException
	at java.base/sun.nio.ch.SocketChannelImpl.ensureOpen(SocketChannelImpl.java:165)
	at java.base/sun.nio.ch.SocketChannelImpl.shutdownInput(SocketChannelImpl.java:989)
	at java.base/sun.nio.ch.SocketAdaptor.shutdownInput(SocketAdaptor.java:386)
	at org.apache.zookeeper.ClientCnxnSocketNIO.cleanup(ClientCnxnSocketNIO.java:198)
	at org.apache.zookeeper.ClientCnxn$SendThread.cleanup(ClientCnxn.java:1325)
	at org.apache.zookeeper.ClientCnxn$SendThread.run(ClientCnxn.java:1245)
2020-09-05 23:30 DEBUG ClientCnxnSocketNIO:208 - Ignoring exception during shutdown output
java.nio.channels.ClosedChannelException
	at java.base/sun.nio.ch.SocketChannelImpl.ensureOpen(SocketChannelImpl.java:165)
	at java.base/sun.nio.ch.SocketChannelImpl.shutdownOutput(SocketChannelImpl.java:1006)
	at java.base/sun.nio.ch.SocketAdaptor.shutdownOutput(SocketAdaptor.java:395)
	at org.apache.zookeeper.ClientCnxnSocketNIO.cleanup(ClientCnxnSocketNIO.java:205)
	at org.apache.zookeeper.ClientCnxn$SendThread.cleanup(ClientCnxn.java:1325)
	at org.apache.zookeeper.ClientCnxn$SendThread.run(ClientCnxn.java:1245)
2020-09-05 23:30 DEBUG RetryLoop:179 - Retrying operation
2020-09-05 23:30 INFO  ClientCnxn:1106 - Opening socket connection to server 127.0.0.1/127.0.0.1:2181. Will not attempt to authenticate using SASL (unknown error)
2020-09-05 23:30 INFO  ClientCnxn:1235 - Socket error occurred: 127.0.0.1/127.0.0.1:2181: Connection refused: no further information
2020-09-05 23:30 DEBUG ClientCnxnSocketNIO:201 - Ignoring exception during shutdown input
java.nio.channels.ClosedChannelException
	at java.base/sun.nio.ch.SocketChannelImpl.ensureOpen(SocketChannelImpl.java:165)
	at java.base/sun.nio.ch.SocketChannelImpl.shutdownInput(SocketChannelImpl.java:989)
	at java.base/sun.nio.ch.SocketAdaptor.shutdownInput(SocketAdaptor.java:386)
	at org.apache.zookeeper.ClientCnxnSocketNIO.cleanup(ClientCnxnSocketNIO.java:198)
	at org.apache.zookeeper.ClientCnxn$SendThread.cleanup(ClientCnxn.java:1325)
	at org.apache.zookeeper.ClientCnxn$SendThread.run(ClientCnxn.java:1245)
2020-09-05 23:30 DEBUG ClientCnxnSocketNIO:208 - Ignoring exception during shutdown output
java.nio.channels.ClosedChannelException
	at java.base/sun.nio.ch.SocketChannelImpl.ensureOpen(SocketChannelImpl.java:165)
	at java.base/sun.nio.ch.SocketChannelImpl.shutdownOutput(SocketChannelImpl.java:1006)
	at java.base/sun.nio.ch.SocketAdaptor.shutdownOutput(SocketAdaptor.java:395)
	at org.apache.zookeeper.ClientCnxnSocketNIO.cleanup(ClientCnxnSocketNIO.java:205)
	at org.apache.zookeeper.ClientCnxn$SendThread.cleanup(ClientCnxn.java:1325)
	at org.apache.zookeeper.ClientCnxn$SendThread.run(ClientCnxn.java:1245)
2020-09-05 23:30 DEBUG RetryLoop:171 - Retry-able exception received
org.apache.zookeeper.KeeperException$ConnectionLossException: KeeperErrorCode = ConnectionLoss for /node1/00001
	at org.apache.zookeeper.KeeperException.create(KeeperException.java:102)
	at org.apache.zookeeper.KeeperException.create(KeeperException.java:54)
	at org.apache.zookeeper.ZooKeeper.create(ZooKeeper.java:1549)
	at org.apache.curator.framework.imps.CreateBuilderImpl$17.call(CreateBuilderImpl.java:1180)
	at org.apache.curator.framework.imps.CreateBuilderImpl$17.call(CreateBuilderImpl.java:1156)
	at org.apache.curator.connection.StandardConnectionHandlingPolicy.callWithRetry(StandardConnectionHandlingPolicy.java:64)
	at org.apache.curator.RetryLoop.callWithRetry(RetryLoop.java:100)
	at org.apache.curator.framework.imps.CreateBuilderImpl.pathInForeground(CreateBuilderImpl.java:1153)
	at org.apache.curator.framework.imps.CreateBuilderImpl.protectedPathInForeground(CreateBuilderImpl.java:607)
	at org.apache.curator.framework.imps.CreateBuilderImpl.forPath(CreateBuilderImpl.java:597)
	at org.apache.curator.framework.imps.CreateBuilderImpl.forPath(CreateBuilderImpl.java:575)
	at org.apache.curator.framework.imps.CreateBuilderImpl.forPath(CreateBuilderImpl.java:51)
	at zookeeper.curator.Main.main(Main.java:21)
2020-09-05 23:30 DEBUG RetryLoop:188 - Retry policy not allowing retry
2020-09-05 23:41 INFO  ZooKeeper:109 - Client environment:zookeeper.version=3.5.4-beta-7f51e5b68cf2f80176ff944a9ebd2abbc65e7327, built on 05/11/2018 16:27 GMT
2020-09-05 23:41 INFO  ZooKeeper:109 - Client environment:host.name=DESKTOP-JVNO40K
2020-09-05 23:41 INFO  ZooKeeper:109 - Client environment:java.version=14.0.2
2020-09-05 23:41 INFO  ZooKeeper:109 - Client environment:java.vendor=Oracle Corporation
2020-09-05 23:41 INFO  ZooKeeper:109 - Client environment:java.home=C:\Users\tomoy\.jdks\openjdk-14.0.2
2020-09-05 23:41 INFO  ZooKeeper:109 - Client environment:java.class.path=C:\Users\tomoy\IdeaProjects\tomoya\target\classes;C:\Users\tomoy\.m2\repository\org\slf4j\slf4j-log4j12\1.7.25\slf4j-log4j12-1.7.25.jar;C:\Users\tomoy\.m2\repository\org\slf4j\slf4j-api\1.7.25\slf4j-api-1.7.25.jar;C:\Users\tomoy\.m2\repository\log4j\log4j\1.2.17\log4j-1.2.17.jar;C:\Users\tomoy\.m2\repository\org\projectlombok\lombok\1.18.8\lombok-1.18.8.jar;C:\Users\tomoy\.m2\repository\com\esotericsoftware\kryo\4.0.2\kryo-4.0.2.jar;C:\Users\tomoy\.m2\repository\com\esotericsoftware\reflectasm\1.11.3\reflectasm-1.11.3.jar;C:\Users\tomoy\.m2\repository\com\esotericsoftware\minlog\1.3.0\minlog-1.3.0.jar;C:\Users\tomoy\.m2\repository\org\objenesis\objenesis\2.5.1\objenesis-2.5.1.jar;C:\Users\tomoy\.m2\repository\io\netty\netty-all\4.1.25.Final\netty-all-4.1.25.Final.jar;C:\Users\tomoy\.m2\repository\cglib\cglib\3.3.0\cglib-3.3.0.jar;C:\Users\tomoy\.m2\repository\org\ow2\asm\asm\7.1\asm-7.1.jar;C:\Users\tomoy\.m2\repository\org\apache\curator\curator-framework\4.2.0\curator-framework-4.2.0.jar;C:\Users\tomoy\.m2\repository\org\apache\curator\curator-client\4.2.0\curator-client-4.2.0.jar;C:\Users\tomoy\.m2\repository\org\apache\zookeeper\zookeeper\3.5.4-beta\zookeeper-3.5.4-beta.jar;C:\Users\tomoy\.m2\repository\commons-cli\commons-cli\1.2\commons-cli-1.2.jar;C:\Users\tomoy\.m2\repository\org\apache\yetus\audience-annotations\0.5.0\audience-annotations-0.5.0.jar;C:\Users\tomoy\.m2\repository\io\netty\netty\3.10.6.Final\netty-3.10.6.Final.jar;C:\Users\tomoy\.m2\repository\com\google\guava\guava\27.0.1-jre\guava-27.0.1-jre.jar;C:\Users\tomoy\.m2\repository\com\google\guava\failureaccess\1.0.1\failureaccess-1.0.1.jar;C:\Users\tomoy\.m2\repository\com\google\guava\listenablefuture\9999.0-empty-to-avoid-conflict-with-guava\listenablefuture-9999.0-empty-to-avoid-conflict-with-guava.jar;C:\Users\tomoy\.m2\repository\com\google\code\findbugs\jsr305\3.0.2\jsr305-3.0.2.jar;C:\Users\tomoy\.m2\repository\org\checkerframework\checker-qual\2.5.2\checker-qual-2.5.2.jar;C:\Users\tomoy\.m2\repository\com\google\errorprone\error_prone_annotations\2.2.0\error_prone_annotations-2.2.0.jar;C:\Users\tomoy\.m2\repository\com\google\j2objc\j2objc-annotations\1.1\j2objc-annotations-1.1.jar;C:\Users\tomoy\.m2\repository\org\codehaus\mojo\animal-sniffer-annotations\1.17\animal-sniffer-annotations-1.17.jar;C:\Users\tomoy\.m2\repository\org\apache\curator\curator-recipes\4.2.0\curator-recipes-4.2.0.jar
2020-09-05 23:41 INFO  ZooKeeper:109 - Client environment:java.library.path=C:\Users\tomoy\.jdks\openjdk-14.0.2\bin;C:\Windows\Sun\Java\bin;C:\Windows\system32;C:\Windows;C:\Program Files (x86)\Common Files\Oracle\Java\javapath;C:\Windows\system32;C:\Windows;C:\Windows\System32\Wbem;C:\Windows\System32\WindowsPowerShell\v1.0\;C:\Windows\System32\OpenSSH\;C:\Users\tomoy\AppData\Local\Microsoft\WindowsApps;C:\Program Files\Bandizip\;C:\Users\tomoy\AppData\Local\Programs\Microsoft VS Code\bin;.
2020-09-05 23:41 INFO  ZooKeeper:109 - Client environment:java.io.tmpdir=C:\Users\tomoy\AppData\Local\Temp\
2020-09-05 23:41 INFO  ZooKeeper:109 - Client environment:java.compiler=<NA>
2020-09-05 23:41 INFO  ZooKeeper:109 - Client environment:os.name=Windows 10
2020-09-05 23:41 INFO  ZooKeeper:109 - Client environment:os.arch=amd64
2020-09-05 23:41 INFO  ZooKeeper:109 - Client environment:os.version=10.0
2020-09-05 23:41 INFO  ZooKeeper:109 - Client environment:user.name=tomoya
2020-09-05 23:41 INFO  ZooKeeper:109 - Client environment:user.home=C:\Users\tomoy
2020-09-05 23:41 INFO  ZooKeeper:109 - Client environment:user.dir=C:\Users\tomoy\IdeaProjects\tomoya
2020-09-05 23:41 INFO  ZooKeeper:109 - Client environment:os.memory.free=117MB
2020-09-05 23:41 INFO  ZooKeeper:109 - Client environment:os.memory.max=2020MB
2020-09-05 23:41 INFO  ZooKeeper:109 - Client environment:os.memory.total=128MB
2020-09-05 23:41 INFO  Compatibility:61 - Using emulated InjectSessionExpiration
2020-09-05 23:41 INFO  CuratorFrameworkImpl:308 - Starting
2020-09-05 23:41 DEBUG CuratorZookeeperClient:230 - Starting
2020-09-05 23:41 DEBUG ConnectionState:109 - Starting
2020-09-05 23:41 DEBUG ConnectionState:197 - reset
2020-09-05 23:41 INFO  ZooKeeper:868 - Initiating client connection, connectString=192.168.99.100:2181 sessionTimeout=60000 watcher=org.apache.curator.ConnectionState@1990a65e
2020-09-05 23:41 INFO  ClientCnxnSocket:236 - jute.maxbuffer value is 4194304 Bytes
2020-09-05 23:41 INFO  ClientCnxn:1106 - Opening socket connection to server 192.168.99.100/192.168.99.100:2181. Will not attempt to authenticate using SASL (unknown error)
2020-09-05 23:41 INFO  CuratorFrameworkImpl:356 - Default schema
2020-09-05 23:41 INFO  ClientCnxn:947 - Socket connection established, initiating session, client: /192.168.99.1:58580, server: 192.168.99.100/192.168.99.100:2181
2020-09-05 23:41 DEBUG ClientCnxn:1015 - Session establishment request sent on 192.168.99.100/192.168.99.100:2181
2020-09-05 23:41 INFO  ClientCnxn:1381 - Session establishment complete on server 192.168.99.100/192.168.99.100:2181, sessionid = 0x100000d33eb0002, negotiated timeout = 40000
2020-09-05 23:41 DEBUG ConnectionState:177 - Negotiated session timeout: 40000
2020-09-05 23:41 INFO  ConnectionStateManager:251 - State change: CONNECTED
2020-09-05 23:41 DEBUG CuratorFrameworkImpl:1022 - Clearing sleep for 1 operations
2020-09-05 23:41 DEBUG ClientCnxn:911 - Reading reply sessionid:0x100000d33eb0002, packet:: clientPath:/zookeeper/config serverPath:/zookeeper/config finished:false header:: 1,4  replyHeader:: 1,12,0  request:: '/zookeeper/config,T  response:: ,s{0,0,0,0,0,0,-1,0,0,0,0} 
2020-09-05 23:41 DEBUG ClientCnxn:911 - Reading reply sessionid:0x100000d33eb0002, packet:: clientPath:/zookeeper/config serverPath:/zookeeper/config finished:false header:: 2,4  replyHeader:: 2,12,0  request:: '/zookeeper/config,T  response:: ,s{0,0,0,0,0,0,-1,0,0,0,0} 
2020-09-05 23:41 INFO  EnsembleTracker:201 - New config event received: {}
2020-09-05 23:41 DEBUG EnsembleTracker:219 - Ignoring new config as it is empty
2020-09-05 23:41 INFO  EnsembleTracker:201 - New config event received: {}
2020-09-05 23:41 DEBUG EnsembleTracker:219 - Ignoring new config as it is empty
2020-09-05 23:41 DEBUG ClientCnxn:911 - Reading reply sessionid:0x100000d33eb0002, packet:: clientPath:null serverPath:null finished:false header:: 3,15  replyHeader:: 3,13,0  request:: '/node1/00001,#3139322e3136382e35392e31,v{s{31,s{'world,'anyone}}},0  response:: '/node1/00001,s{13,13,1599320497249,1599320497249,0,0,0,0,12,0,13} 
2020-09-05 23:41 INFO  ZooKeeper:109 - Client environment:zookeeper.version=3.5.4-beta-7f51e5b68cf2f80176ff944a9ebd2abbc65e7327, built on 05/11/2018 16:27 GMT
2020-09-05 23:41 INFO  ZooKeeper:109 - Client environment:host.name=DESKTOP-JVNO40K
2020-09-05 23:41 INFO  ZooKeeper:109 - Client environment:java.version=14.0.2
2020-09-05 23:41 INFO  ZooKeeper:109 - Client environment:java.vendor=Oracle Corporation
2020-09-05 23:41 INFO  ZooKeeper:109 - Client environment:java.home=C:\Users\tomoy\.jdks\openjdk-14.0.2
2020-09-05 23:41 INFO  ZooKeeper:109 - Client environment:java.class.path=C:\Users\tomoy\IdeaProjects\tomoya\target\classes;C:\Users\tomoy\.m2\repository\org\slf4j\slf4j-log4j12\1.7.25\slf4j-log4j12-1.7.25.jar;C:\Users\tomoy\.m2\repository\org\slf4j\slf4j-api\1.7.25\slf4j-api-1.7.25.jar;C:\Users\tomoy\.m2\repository\log4j\log4j\1.2.17\log4j-1.2.17.jar;C:\Users\tomoy\.m2\repository\org\projectlombok\lombok\1.18.8\lombok-1.18.8.jar;C:\Users\tomoy\.m2\repository\com\esotericsoftware\kryo\4.0.2\kryo-4.0.2.jar;C:\Users\tomoy\.m2\repository\com\esotericsoftware\reflectasm\1.11.3\reflectasm-1.11.3.jar;C:\Users\tomoy\.m2\repository\com\esotericsoftware\minlog\1.3.0\minlog-1.3.0.jar;C:\Users\tomoy\.m2\repository\org\objenesis\objenesis\2.5.1\objenesis-2.5.1.jar;C:\Users\tomoy\.m2\repository\io\netty\netty-all\4.1.25.Final\netty-all-4.1.25.Final.jar;C:\Users\tomoy\.m2\repository\cglib\cglib\3.3.0\cglib-3.3.0.jar;C:\Users\tomoy\.m2\repository\org\ow2\asm\asm\7.1\asm-7.1.jar;C:\Users\tomoy\.m2\repository\org\apache\curator\curator-framework\4.2.0\curator-framework-4.2.0.jar;C:\Users\tomoy\.m2\repository\org\apache\curator\curator-client\4.2.0\curator-client-4.2.0.jar;C:\Users\tomoy\.m2\repository\org\apache\zookeeper\zookeeper\3.5.4-beta\zookeeper-3.5.4-beta.jar;C:\Users\tomoy\.m2\repository\commons-cli\commons-cli\1.2\commons-cli-1.2.jar;C:\Users\tomoy\.m2\repository\org\apache\yetus\audience-annotations\0.5.0\audience-annotations-0.5.0.jar;C:\Users\tomoy\.m2\repository\io\netty\netty\3.10.6.Final\netty-3.10.6.Final.jar;C:\Users\tomoy\.m2\repository\com\google\guava\guava\27.0.1-jre\guava-27.0.1-jre.jar;C:\Users\tomoy\.m2\repository\com\google\guava\failureaccess\1.0.1\failureaccess-1.0.1.jar;C:\Users\tomoy\.m2\repository\com\google\guava\listenablefuture\9999.0-empty-to-avoid-conflict-with-guava\listenablefuture-9999.0-empty-to-avoid-conflict-with-guava.jar;C:\Users\tomoy\.m2\repository\com\google\code\findbugs\jsr305\3.0.2\jsr305-3.0.2.jar;C:\Users\tomoy\.m2\repository\org\checkerframework\checker-qual\2.5.2\checker-qual-2.5.2.jar;C:\Users\tomoy\.m2\repository\com\google\errorprone\error_prone_annotations\2.2.0\error_prone_annotations-2.2.0.jar;C:\Users\tomoy\.m2\repository\com\google\j2objc\j2objc-annotations\1.1\j2objc-annotations-1.1.jar;C:\Users\tomoy\.m2\repository\org\codehaus\mojo\animal-sniffer-annotations\1.17\animal-sniffer-annotations-1.17.jar;C:\Users\tomoy\.m2\repository\org\apache\curator\curator-recipes\4.2.0\curator-recipes-4.2.0.jar
2020-09-05 23:41 INFO  ZooKeeper:109 - Client environment:java.library.path=C:\Users\tomoy\.jdks\openjdk-14.0.2\bin;C:\Windows\Sun\Java\bin;C:\Windows\system32;C:\Windows;C:\Program Files (x86)\Common Files\Oracle\Java\javapath;C:\Windows\system32;C:\Windows;C:\Windows\System32\Wbem;C:\Windows\System32\WindowsPowerShell\v1.0\;C:\Windows\System32\OpenSSH\;C:\Users\tomoy\AppData\Local\Microsoft\WindowsApps;C:\Program Files\Bandizip\;C:\Users\tomoy\AppData\Local\Programs\Microsoft VS Code\bin;.
2020-09-05 23:41 INFO  ZooKeeper:109 - Client environment:java.io.tmpdir=C:\Users\tomoy\AppData\Local\Temp\
2020-09-05 23:41 INFO  ZooKeeper:109 - Client environment:java.compiler=<NA>
2020-09-05 23:41 INFO  ZooKeeper:109 - Client environment:os.name=Windows 10
2020-09-05 23:41 INFO  ZooKeeper:109 - Client environment:os.arch=amd64
2020-09-05 23:41 INFO  ZooKeeper:109 - Client environment:os.version=10.0
2020-09-05 23:41 INFO  ZooKeeper:109 - Client environment:user.name=tomoya
2020-09-05 23:41 INFO  ZooKeeper:109 - Client environment:user.home=C:\Users\tomoy
2020-09-05 23:41 INFO  ZooKeeper:109 - Client environment:user.dir=C:\Users\tomoy\IdeaProjects\tomoya
2020-09-05 23:41 INFO  ZooKeeper:109 - Client environment:os.memory.free=117MB
2020-09-05 23:41 INFO  ZooKeeper:109 - Client environment:os.memory.max=2020MB
2020-09-05 23:41 INFO  ZooKeeper:109 - Client environment:os.memory.total=128MB
2020-09-05 23:41 INFO  Compatibility:61 - Using emulated InjectSessionExpiration
2020-09-05 23:41 INFO  CuratorFrameworkImpl:308 - Starting
2020-09-05 23:41 DEBUG CuratorZookeeperClient:230 - Starting
2020-09-05 23:41 DEBUG ConnectionState:109 - Starting
2020-09-05 23:41 DEBUG ConnectionState:197 - reset
2020-09-05 23:41 INFO  ZooKeeper:868 - Initiating client connection, connectString=192.168.99.100:2181 sessionTimeout=60000 watcher=org.apache.curator.ConnectionState@1990a65e
2020-09-05 23:41 INFO  ClientCnxnSocket:236 - jute.maxbuffer value is 4194304 Bytes
2020-09-05 23:41 INFO  ClientCnxn:1106 - Opening socket connection to server 192.168.99.100/192.168.99.100:2181. Will not attempt to authenticate using SASL (unknown error)
2020-09-05 23:41 INFO  CuratorFrameworkImpl:356 - Default schema
2020-09-05 23:41 INFO  ClientCnxn:947 - Socket connection established, initiating session, client: /192.168.99.1:58589, server: 192.168.99.100/192.168.99.100:2181
2020-09-05 23:41 DEBUG ClientCnxn:1015 - Session establishment request sent on 192.168.99.100/192.168.99.100:2181
2020-09-05 23:41 INFO  ClientCnxn:1381 - Session establishment complete on server 192.168.99.100/192.168.99.100:2181, sessionid = 0x100000d33eb0003, negotiated timeout = 40000
2020-09-05 23:41 DEBUG ConnectionState:177 - Negotiated session timeout: 40000
2020-09-05 23:41 INFO  ConnectionStateManager:251 - State change: CONNECTED
2020-09-05 23:41 DEBUG CuratorFrameworkImpl:1022 - Clearing sleep for 1 operations
2020-09-05 23:41 DEBUG ClientCnxn:911 - Reading reply sessionid:0x100000d33eb0003, packet:: clientPath:/zookeeper/config serverPath:/zookeeper/config finished:false header:: 1,4  replyHeader:: 1,14,0  request:: '/zookeeper/config,T  response:: ,s{0,0,0,0,0,0,-1,0,0,0,0} 
2020-09-05 23:41 DEBUG ClientCnxn:911 - Reading reply sessionid:0x100000d33eb0003, packet:: clientPath:/zookeeper/config serverPath:/zookeeper/config finished:false header:: 2,4  replyHeader:: 2,14,0  request:: '/zookeeper/config,T  response:: ,s{0,0,0,0,0,0,-1,0,0,0,0} 
2020-09-05 23:41 INFO  EnsembleTracker:201 - New config event received: {}
2020-09-05 23:41 DEBUG EnsembleTracker:219 - Ignoring new config as it is empty
2020-09-05 23:41 INFO  EnsembleTracker:201 - New config event received: {}
2020-09-05 23:41 DEBUG EnsembleTracker:219 - Ignoring new config as it is empty
2020-09-05 23:41 DEBUG ClientCnxn:911 - Reading reply sessionid:0x100000d33eb0003, packet:: clientPath:null serverPath:null finished:false header:: 3,15  replyHeader:: 3,15,-110  request:: '/node1/00001,#3139322e3136382e35392e31,v{s{31,s{'world,'anyone}}},0  response::  
2020-09-05 23:41 INFO  ZooKeeper:109 - Client environment:zookeeper.version=3.5.4-beta-7f51e5b68cf2f80176ff944a9ebd2abbc65e7327, built on 05/11/2018 16:27 GMT
2020-09-05 23:41 INFO  ZooKeeper:109 - Client environment:host.name=DESKTOP-JVNO40K
2020-09-05 23:41 INFO  ZooKeeper:109 - Client environment:java.version=14.0.2
2020-09-05 23:41 INFO  ZooKeeper:109 - Client environment:java.vendor=Oracle Corporation
2020-09-05 23:41 INFO  ZooKeeper:109 - Client environment:java.home=C:\Users\tomoy\.jdks\openjdk-14.0.2
2020-09-05 23:41 INFO  ZooKeeper:109 - Client environment:java.class.path=C:\Users\tomoy\IdeaProjects\tomoya\target\classes;C:\Users\tomoy\.m2\repository\org\slf4j\slf4j-log4j12\1.7.25\slf4j-log4j12-1.7.25.jar;C:\Users\tomoy\.m2\repository\org\slf4j\slf4j-api\1.7.25\slf4j-api-1.7.25.jar;C:\Users\tomoy\.m2\repository\log4j\log4j\1.2.17\log4j-1.2.17.jar;C:\Users\tomoy\.m2\repository\org\projectlombok\lombok\1.18.8\lombok-1.18.8.jar;C:\Users\tomoy\.m2\repository\com\esotericsoftware\kryo\4.0.2\kryo-4.0.2.jar;C:\Users\tomoy\.m2\repository\com\esotericsoftware\reflectasm\1.11.3\reflectasm-1.11.3.jar;C:\Users\tomoy\.m2\repository\com\esotericsoftware\minlog\1.3.0\minlog-1.3.0.jar;C:\Users\tomoy\.m2\repository\org\objenesis\objenesis\2.5.1\objenesis-2.5.1.jar;C:\Users\tomoy\.m2\repository\io\netty\netty-all\4.1.25.Final\netty-all-4.1.25.Final.jar;C:\Users\tomoy\.m2\repository\cglib\cglib\3.3.0\cglib-3.3.0.jar;C:\Users\tomoy\.m2\repository\org\ow2\asm\asm\7.1\asm-7.1.jar;C:\Users\tomoy\.m2\repository\org\apache\curator\curator-framework\4.2.0\curator-framework-4.2.0.jar;C:\Users\tomoy\.m2\repository\org\apache\curator\curator-client\4.2.0\curator-client-4.2.0.jar;C:\Users\tomoy\.m2\repository\org\apache\zookeeper\zookeeper\3.5.4-beta\zookeeper-3.5.4-beta.jar;C:\Users\tomoy\.m2\repository\commons-cli\commons-cli\1.2\commons-cli-1.2.jar;C:\Users\tomoy\.m2\repository\org\apache\yetus\audience-annotations\0.5.0\audience-annotations-0.5.0.jar;C:\Users\tomoy\.m2\repository\io\netty\netty\3.10.6.Final\netty-3.10.6.Final.jar;C:\Users\tomoy\.m2\repository\com\google\guava\guava\27.0.1-jre\guava-27.0.1-jre.jar;C:\Users\tomoy\.m2\repository\com\google\guava\failureaccess\1.0.1\failureaccess-1.0.1.jar;C:\Users\tomoy\.m2\repository\com\google\guava\listenablefuture\9999.0-empty-to-avoid-conflict-with-guava\listenablefuture-9999.0-empty-to-avoid-conflict-with-guava.jar;C:\Users\tomoy\.m2\repository\com\google\code\findbugs\jsr305\3.0.2\jsr305-3.0.2.jar;C:\Users\tomoy\.m2\repository\org\checkerframework\checker-qual\2.5.2\checker-qual-2.5.2.jar;C:\Users\tomoy\.m2\repository\com\google\errorprone\error_prone_annotations\2.2.0\error_prone_annotations-2.2.0.jar;C:\Users\tomoy\.m2\repository\com\google\j2objc\j2objc-annotations\1.1\j2objc-annotations-1.1.jar;C:\Users\tomoy\.m2\repository\org\codehaus\mojo\animal-sniffer-annotations\1.17\animal-sniffer-annotations-1.17.jar;C:\Users\tomoy\.m2\repository\org\apache\curator\curator-recipes\4.2.0\curator-recipes-4.2.0.jar
2020-09-05 23:41 INFO  ZooKeeper:109 - Client environment:java.library.path=C:\Users\tomoy\.jdks\openjdk-14.0.2\bin;C:\Windows\Sun\Java\bin;C:\Windows\system32;C:\Windows;C:\Program Files (x86)\Common Files\Oracle\Java\javapath;C:\Windows\system32;C:\Windows;C:\Windows\System32\Wbem;C:\Windows\System32\WindowsPowerShell\v1.0\;C:\Windows\System32\OpenSSH\;C:\Users\tomoy\AppData\Local\Microsoft\WindowsApps;C:\Program Files\Bandizip\;C:\Users\tomoy\AppData\Local\Programs\Microsoft VS Code\bin;.
2020-09-05 23:41 INFO  ZooKeeper:109 - Client environment:java.io.tmpdir=C:\Users\tomoy\AppData\Local\Temp\
2020-09-05 23:41 INFO  ZooKeeper:109 - Client environment:java.compiler=<NA>
2020-09-05 23:41 INFO  ZooKeeper:109 - Client environment:os.name=Windows 10
2020-09-05 23:41 INFO  ZooKeeper:109 - Client environment:os.arch=amd64
2020-09-05 23:41 INFO  ZooKeeper:109 - Client environment:os.version=10.0
2020-09-05 23:41 INFO  ZooKeeper:109 - Client environment:user.name=tomoya
2020-09-05 23:41 INFO  ZooKeeper:109 - Client environment:user.home=C:\Users\tomoy
2020-09-05 23:41 INFO  ZooKeeper:109 - Client environment:user.dir=C:\Users\tomoy\IdeaProjects\tomoya
2020-09-05 23:41 INFO  ZooKeeper:109 - Client environment:os.memory.free=117MB
2020-09-05 23:41 INFO  ZooKeeper:109 - Client environment:os.memory.max=2020MB
2020-09-05 23:41 INFO  ZooKeeper:109 - Client environment:os.memory.total=128MB
2020-09-05 23:41 INFO  Compatibility:61 - Using emulated InjectSessionExpiration
2020-09-05 23:41 INFO  CuratorFrameworkImpl:308 - Starting
2020-09-05 23:41 DEBUG CuratorZookeeperClient:230 - Starting
2020-09-05 23:41 DEBUG ConnectionState:109 - Starting
2020-09-05 23:41 DEBUG ConnectionState:197 - reset
2020-09-05 23:41 INFO  ZooKeeper:868 - Initiating client connection, connectString=192.168.99.100:2181 sessionTimeout=60000 watcher=org.apache.curator.ConnectionState@1990a65e
2020-09-05 23:41 INFO  ClientCnxnSocket:236 - jute.maxbuffer value is 4194304 Bytes
2020-09-05 23:41 INFO  ClientCnxn:1106 - Opening socket connection to server 192.168.99.100/192.168.99.100:2181. Will not attempt to authenticate using SASL (unknown error)
2020-09-05 23:41 INFO  CuratorFrameworkImpl:356 - Default schema
2020-09-05 23:41 INFO  ClientCnxn:947 - Socket connection established, initiating session, client: /192.168.99.1:58597, server: 192.168.99.100/192.168.99.100:2181
2020-09-05 23:41 DEBUG ClientCnxn:1015 - Session establishment request sent on 192.168.99.100/192.168.99.100:2181
2020-09-05 23:41 INFO  ClientCnxn:1381 - Session establishment complete on server 192.168.99.100/192.168.99.100:2181, sessionid = 0x100000d33eb0004, negotiated timeout = 40000
2020-09-05 23:41 DEBUG ConnectionState:177 - Negotiated session timeout: 40000
2020-09-05 23:41 INFO  ConnectionStateManager:251 - State change: CONNECTED
2020-09-05 23:41 DEBUG CuratorFrameworkImpl:1022 - Clearing sleep for 1 operations
2020-09-05 23:41 DEBUG ClientCnxn:911 - Reading reply sessionid:0x100000d33eb0004, packet:: clientPath:/zookeeper/config serverPath:/zookeeper/config finished:false header:: 1,4  replyHeader:: 1,16,0  request:: '/zookeeper/config,T  response:: ,s{0,0,0,0,0,0,-1,0,0,0,0} 
2020-09-05 23:41 DEBUG ClientCnxn:911 - Reading reply sessionid:0x100000d33eb0004, packet:: clientPath:/zookeeper/config serverPath:/zookeeper/config finished:false header:: 2,4  replyHeader:: 2,16,0  request:: '/zookeeper/config,T  response:: ,s{0,0,0,0,0,0,-1,0,0,0,0} 
2020-09-05 23:41 INFO  EnsembleTracker:201 - New config event received: {}
2020-09-05 23:41 DEBUG EnsembleTracker:219 - Ignoring new config as it is empty
2020-09-05 23:41 INFO  EnsembleTracker:201 - New config event received: {}
2020-09-05 23:41 DEBUG EnsembleTracker:219 - Ignoring new config as it is empty
2020-09-05 23:41 DEBUG ClientCnxn:911 - Reading reply sessionid:0x100000d33eb0004, packet:: clientPath:null serverPath:null finished:false header:: 3,15  replyHeader:: 3,17,-110  request:: '/node1/00001,#3139322e3136382e35392e31,v{s{31,s{'world,'anyone}}},0  response::  
2020-09-05 23:42 INFO  ZooKeeper:109 - Client environment:zookeeper.version=3.5.4-beta-7f51e5b68cf2f80176ff944a9ebd2abbc65e7327, built on 05/11/2018 16:27 GMT
2020-09-05 23:42 INFO  ZooKeeper:109 - Client environment:host.name=DESKTOP-JVNO40K
2020-09-05 23:42 INFO  ZooKeeper:109 - Client environment:java.version=14.0.2
2020-09-05 23:42 INFO  ZooKeeper:109 - Client environment:java.vendor=Oracle Corporation
2020-09-05 23:42 INFO  ZooKeeper:109 - Client environment:java.home=C:\Users\tomoy\.jdks\openjdk-14.0.2
2020-09-05 23:42 INFO  ZooKeeper:109 - Client environment:java.class.path=C:\Users\tomoy\IdeaProjects\tomoya\target\classes;C:\Users\tomoy\.m2\repository\org\slf4j\slf4j-log4j12\1.7.25\slf4j-log4j12-1.7.25.jar;C:\Users\tomoy\.m2\repository\org\slf4j\slf4j-api\1.7.25\slf4j-api-1.7.25.jar;C:\Users\tomoy\.m2\repository\log4j\log4j\1.2.17\log4j-1.2.17.jar;C:\Users\tomoy\.m2\repository\org\projectlombok\lombok\1.18.8\lombok-1.18.8.jar;C:\Users\tomoy\.m2\repository\com\esotericsoftware\kryo\4.0.2\kryo-4.0.2.jar;C:\Users\tomoy\.m2\repository\com\esotericsoftware\reflectasm\1.11.3\reflectasm-1.11.3.jar;C:\Users\tomoy\.m2\repository\com\esotericsoftware\minlog\1.3.0\minlog-1.3.0.jar;C:\Users\tomoy\.m2\repository\org\objenesis\objenesis\2.5.1\objenesis-2.5.1.jar;C:\Users\tomoy\.m2\repository\io\netty\netty-all\4.1.25.Final\netty-all-4.1.25.Final.jar;C:\Users\tomoy\.m2\repository\cglib\cglib\3.3.0\cglib-3.3.0.jar;C:\Users\tomoy\.m2\repository\org\ow2\asm\asm\7.1\asm-7.1.jar;C:\Users\tomoy\.m2\repository\org\apache\curator\curator-framework\4.2.0\curator-framework-4.2.0.jar;C:\Users\tomoy\.m2\repository\org\apache\curator\curator-client\4.2.0\curator-client-4.2.0.jar;C:\Users\tomoy\.m2\repository\org\apache\zookeeper\zookeeper\3.5.4-beta\zookeeper-3.5.4-beta.jar;C:\Users\tomoy\.m2\repository\commons-cli\commons-cli\1.2\commons-cli-1.2.jar;C:\Users\tomoy\.m2\repository\org\apache\yetus\audience-annotations\0.5.0\audience-annotations-0.5.0.jar;C:\Users\tomoy\.m2\repository\io\netty\netty\3.10.6.Final\netty-3.10.6.Final.jar;C:\Users\tomoy\.m2\repository\com\google\guava\guava\27.0.1-jre\guava-27.0.1-jre.jar;C:\Users\tomoy\.m2\repository\com\google\guava\failureaccess\1.0.1\failureaccess-1.0.1.jar;C:\Users\tomoy\.m2\repository\com\google\guava\listenablefuture\9999.0-empty-to-avoid-conflict-with-guava\listenablefuture-9999.0-empty-to-avoid-conflict-with-guava.jar;C:\Users\tomoy\.m2\repository\com\google\code\findbugs\jsr305\3.0.2\jsr305-3.0.2.jar;C:\Users\tomoy\.m2\repository\org\checkerframework\checker-qual\2.5.2\checker-qual-2.5.2.jar;C:\Users\tomoy\.m2\repository\com\google\errorprone\error_prone_annotations\2.2.0\error_prone_annotations-2.2.0.jar;C:\Users\tomoy\.m2\repository\com\google\j2objc\j2objc-annotations\1.1\j2objc-annotations-1.1.jar;C:\Users\tomoy\.m2\repository\org\codehaus\mojo\animal-sniffer-annotations\1.17\animal-sniffer-annotations-1.17.jar;C:\Users\tomoy\.m2\repository\org\apache\curator\curator-recipes\4.2.0\curator-recipes-4.2.0.jar
2020-09-05 23:42 INFO  ZooKeeper:109 - Client environment:java.library.path=C:\Users\tomoy\.jdks\openjdk-14.0.2\bin;C:\Windows\Sun\Java\bin;C:\Windows\system32;C:\Windows;C:\Program Files (x86)\Common Files\Oracle\Java\javapath;C:\Windows\system32;C:\Windows;C:\Windows\System32\Wbem;C:\Windows\System32\WindowsPowerShell\v1.0\;C:\Windows\System32\OpenSSH\;C:\Users\tomoy\AppData\Local\Microsoft\WindowsApps;C:\Program Files\Bandizip\;C:\Users\tomoy\AppData\Local\Programs\Microsoft VS Code\bin;.
2020-09-05 23:42 INFO  ZooKeeper:109 - Client environment:java.io.tmpdir=C:\Users\tomoy\AppData\Local\Temp\
2020-09-05 23:42 INFO  ZooKeeper:109 - Client environment:java.compiler=<NA>
2020-09-05 23:42 INFO  ZooKeeper:109 - Client environment:os.name=Windows 10
2020-09-05 23:42 INFO  ZooKeeper:109 - Client environment:os.arch=amd64
2020-09-05 23:42 INFO  ZooKeeper:109 - Client environment:os.version=10.0
2020-09-05 23:42 INFO  ZooKeeper:109 - Client environment:user.name=tomoya
2020-09-05 23:42 INFO  ZooKeeper:109 - Client environment:user.home=C:\Users\tomoy
2020-09-05 23:42 INFO  ZooKeeper:109 - Client environment:user.dir=C:\Users\tomoy\IdeaProjects\tomoya
2020-09-05 23:42 INFO  ZooKeeper:109 - Client environment:os.memory.free=117MB
2020-09-05 23:42 INFO  ZooKeeper:109 - Client environment:os.memory.max=2020MB
2020-09-05 23:42 INFO  ZooKeeper:109 - Client environment:os.memory.total=128MB
2020-09-05 23:42 INFO  Compatibility:61 - Using emulated InjectSessionExpiration
2020-09-05 23:42 INFO  CuratorFrameworkImpl:308 - Starting
2020-09-05 23:42 DEBUG CuratorZookeeperClient:230 - Starting
2020-09-05 23:42 DEBUG ConnectionState:109 - Starting
2020-09-05 23:42 DEBUG ConnectionState:197 - reset
2020-09-05 23:42 INFO  ZooKeeper:868 - Initiating client connection, connectString=192.168.99.100:2181 sessionTimeout=60000 watcher=org.apache.curator.ConnectionState@1990a65e
2020-09-05 23:42 INFO  ClientCnxnSocket:236 - jute.maxbuffer value is 4194304 Bytes
2020-09-05 23:42 INFO  CuratorFrameworkImpl:356 - Default schema
2020-09-05 23:42 INFO  ClientCnxn:1106 - Opening socket connection to server 192.168.99.100/192.168.99.100:2181. Will not attempt to authenticate using SASL (unknown error)
2020-09-05 23:42 INFO  ClientCnxn:947 - Socket connection established, initiating session, client: /192.168.99.1:58609, server: 192.168.99.100/192.168.99.100:2181
2020-09-05 23:42 DEBUG ClientCnxn:1015 - Session establishment request sent on 192.168.99.100/192.168.99.100:2181
2020-09-05 23:42 INFO  ClientCnxn:1381 - Session establishment complete on server 192.168.99.100/192.168.99.100:2181, sessionid = 0x100000d33eb0005, negotiated timeout = 40000
2020-09-05 23:42 DEBUG ConnectionState:177 - Negotiated session timeout: 40000
2020-09-05 23:42 INFO  ConnectionStateManager:251 - State change: CONNECTED
2020-09-05 23:42 DEBUG CuratorFrameworkImpl:1022 - Clearing sleep for 1 operations
2020-09-05 23:42 DEBUG ClientCnxn:911 - Reading reply sessionid:0x100000d33eb0005, packet:: clientPath:/zookeeper/config serverPath:/zookeeper/config finished:false header:: 1,4  replyHeader:: 1,18,0  request:: '/zookeeper/config,T  response:: ,s{0,0,0,0,0,0,-1,0,0,0,0} 
2020-09-05 23:42 DEBUG ClientCnxn:911 - Reading reply sessionid:0x100000d33eb0005, packet:: clientPath:/zookeeper/config serverPath:/zookeeper/config finished:false header:: 2,4  replyHeader:: 2,18,0  request:: '/zookeeper/config,T  response:: ,s{0,0,0,0,0,0,-1,0,0,0,0} 
2020-09-05 23:42 INFO  EnsembleTracker:201 - New config event received: {}
2020-09-05 23:42 DEBUG EnsembleTracker:219 - Ignoring new config as it is empty
2020-09-05 23:42 INFO  EnsembleTracker:201 - New config event received: {}
2020-09-05 23:42 DEBUG EnsembleTracker:219 - Ignoring new config as it is empty
2020-09-05 23:42 DEBUG ClientCnxn:911 - Reading reply sessionid:0x100000d33eb0005, packet:: clientPath:null serverPath:null finished:false header:: 3,15  replyHeader:: 3,19,-110  request:: '/node1/00001,#3139322e3136382e35392e31,v{s{31,s{'world,'anyone}}},0  response::  
2020-09-06 09:10 INFO  ZooKeeper:109 - Client environment:zookeeper.version=3.5.4-beta-7f51e5b68cf2f80176ff944a9ebd2abbc65e7327, built on 05/11/2018 16:27 GMT
2020-09-06 09:10 INFO  ZooKeeper:109 - Client environment:host.name=DESKTOP-JVNO40K
2020-09-06 09:10 INFO  ZooKeeper:109 - Client environment:java.version=14.0.2
2020-09-06 09:10 INFO  ZooKeeper:109 - Client environment:java.vendor=Oracle Corporation
2020-09-06 09:10 INFO  ZooKeeper:109 - Client environment:java.home=C:\Users\tomoy\.jdks\openjdk-14.0.2
2020-09-06 09:10 INFO  ZooKeeper:109 - Client environment:java.class.path=C:\Users\tomoy\IdeaProjects\tomoya\target\classes;C:\Users\tomoy\.m2\repository\org\slf4j\slf4j-log4j12\1.7.25\slf4j-log4j12-1.7.25.jar;C:\Users\tomoy\.m2\repository\org\slf4j\slf4j-api\1.7.25\slf4j-api-1.7.25.jar;C:\Users\tomoy\.m2\repository\log4j\log4j\1.2.17\log4j-1.2.17.jar;C:\Users\tomoy\.m2\repository\org\projectlombok\lombok\1.18.8\lombok-1.18.8.jar;C:\Users\tomoy\.m2\repository\com\esotericsoftware\kryo\4.0.2\kryo-4.0.2.jar;C:\Users\tomoy\.m2\repository\com\esotericsoftware\reflectasm\1.11.3\reflectasm-1.11.3.jar;C:\Users\tomoy\.m2\repository\com\esotericsoftware\minlog\1.3.0\minlog-1.3.0.jar;C:\Users\tomoy\.m2\repository\org\objenesis\objenesis\2.5.1\objenesis-2.5.1.jar;C:\Users\tomoy\.m2\repository\io\netty\netty-all\4.1.25.Final\netty-all-4.1.25.Final.jar;C:\Users\tomoy\.m2\repository\cglib\cglib\3.3.0\cglib-3.3.0.jar;C:\Users\tomoy\.m2\repository\org\ow2\asm\asm\7.1\asm-7.1.jar;C:\Users\tomoy\.m2\repository\org\apache\curator\curator-framework\4.2.0\curator-framework-4.2.0.jar;C:\Users\tomoy\.m2\repository\org\apache\curator\curator-client\4.2.0\curator-client-4.2.0.jar;C:\Users\tomoy\.m2\repository\org\apache\zookeeper\zookeeper\3.5.4-beta\zookeeper-3.5.4-beta.jar;C:\Users\tomoy\.m2\repository\commons-cli\commons-cli\1.2\commons-cli-1.2.jar;C:\Users\tomoy\.m2\repository\org\apache\yetus\audience-annotations\0.5.0\audience-annotations-0.5.0.jar;C:\Users\tomoy\.m2\repository\io\netty\netty\3.10.6.Final\netty-3.10.6.Final.jar;C:\Users\tomoy\.m2\repository\com\google\guava\guava\27.0.1-jre\guava-27.0.1-jre.jar;C:\Users\tomoy\.m2\repository\com\google\guava\failureaccess\1.0.1\failureaccess-1.0.1.jar;C:\Users\tomoy\.m2\repository\com\google\guava\listenablefuture\9999.0-empty-to-avoid-conflict-with-guava\listenablefuture-9999.0-empty-to-avoid-conflict-with-guava.jar;C:\Users\tomoy\.m2\repository\com\google\code\findbugs\jsr305\3.0.2\jsr305-3.0.2.jar;C:\Users\tomoy\.m2\repository\org\checkerframework\checker-qual\2.5.2\checker-qual-2.5.2.jar;C:\Users\tomoy\.m2\repository\com\google\errorprone\error_prone_annotations\2.2.0\error_prone_annotations-2.2.0.jar;C:\Users\tomoy\.m2\repository\com\google\j2objc\j2objc-annotations\1.1\j2objc-annotations-1.1.jar;C:\Users\tomoy\.m2\repository\org\codehaus\mojo\animal-sniffer-annotations\1.17\animal-sniffer-annotations-1.17.jar;C:\Users\tomoy\.m2\repository\org\apache\curator\curator-recipes\4.2.0\curator-recipes-4.2.0.jar
2020-09-06 09:10 INFO  ZooKeeper:109 - Client environment:java.library.path=C:\Users\tomoy\.jdks\openjdk-14.0.2\bin;C:\Windows\Sun\Java\bin;C:\Windows\system32;C:\Windows;C:\Program Files (x86)\Common Files\Oracle\Java\javapath;C:\Windows\system32;C:\Windows;C:\Windows\System32\Wbem;C:\Windows\System32\WindowsPowerShell\v1.0\;C:\Windows\System32\OpenSSH\;C:\Users\tomoy\AppData\Local\Microsoft\WindowsApps;C:\Program Files\Bandizip\;C:\Users\tomoy\AppData\Local\Programs\Microsoft VS Code\bin;.
2020-09-06 09:10 INFO  ZooKeeper:109 - Client environment:java.io.tmpdir=C:\Users\tomoy\AppData\Local\Temp\
2020-09-06 09:10 INFO  ZooKeeper:109 - Client environment:java.compiler=<NA>
2020-09-06 09:10 INFO  ZooKeeper:109 - Client environment:os.name=Windows 10
2020-09-06 09:10 INFO  ZooKeeper:109 - Client environment:os.arch=amd64
2020-09-06 09:10 INFO  ZooKeeper:109 - Client environment:os.version=10.0
2020-09-06 09:10 INFO  ZooKeeper:109 - Client environment:user.name=tomoya
2020-09-06 09:10 INFO  ZooKeeper:109 - Client environment:user.home=C:\Users\tomoy
2020-09-06 09:10 INFO  ZooKeeper:109 - Client environment:user.dir=C:\Users\tomoy\IdeaProjects\tomoya
2020-09-06 09:10 INFO  ZooKeeper:109 - Client environment:os.memory.free=117MB
2020-09-06 09:10 INFO  ZooKeeper:109 - Client environment:os.memory.max=2020MB
2020-09-06 09:10 INFO  ZooKeeper:109 - Client environment:os.memory.total=128MB
2020-09-06 09:10 INFO  Compatibility:61 - Using emulated InjectSessionExpiration
2020-09-06 09:10 INFO  CuratorFrameworkImpl:308 - Starting
2020-09-06 09:10 DEBUG CuratorZookeeperClient:230 - Starting
2020-09-06 09:10 DEBUG ConnectionState:109 - Starting
2020-09-06 09:10 DEBUG ConnectionState:197 - reset
2020-09-06 09:10 INFO  ZooKeeper:868 - Initiating client connection, connectString=192.168.99.100:2181 sessionTimeout=60000 watcher=org.apache.curator.ConnectionState@1990a65e
2020-09-06 09:10 INFO  ClientCnxnSocket:236 - jute.maxbuffer value is 4194304 Bytes
2020-09-06 09:10 INFO  ClientCnxn:1106 - Opening socket connection to server 192.168.99.100/192.168.99.100:2181. Will not attempt to authenticate using SASL (unknown error)
2020-09-06 09:10 INFO  CuratorFrameworkImpl:356 - Default schema
2020-09-06 09:10 INFO  ClientCnxn:947 - Socket connection established, initiating session, client: /192.168.99.1:51075, server: 192.168.99.100/192.168.99.100:2181
2020-09-06 09:10 DEBUG ClientCnxn:1015 - Session establishment request sent on 192.168.99.100/192.168.99.100:2181
2020-09-06 09:10 INFO  ClientCnxn:1381 - Session establishment complete on server 192.168.99.100/192.168.99.100:2181, sessionid = 0x100000d33eb0007, negotiated timeout = 40000
2020-09-06 09:10 DEBUG ConnectionState:177 - Negotiated session timeout: 40000
2020-09-06 09:10 INFO  ConnectionStateManager:251 - State change: CONNECTED
2020-09-06 09:10 DEBUG CuratorFrameworkImpl:1022 - Clearing sleep for 1 operations
2020-09-06 09:10 DEBUG ClientCnxn:911 - Reading reply sessionid:0x100000d33eb0007, packet:: clientPath:/zookeeper/config serverPath:/zookeeper/config finished:false header:: 1,4  replyHeader:: 1,26,0  request:: '/zookeeper/config,T  response:: ,s{0,0,0,0,0,0,-1,0,0,0,0} 
2020-09-06 09:10 DEBUG ClientCnxn:911 - Reading reply sessionid:0x100000d33eb0007, packet:: clientPath:/zookeeper/config serverPath:/zookeeper/config finished:false header:: 2,4  replyHeader:: 2,26,0  request:: '/zookeeper/config,T  response:: ,s{0,0,0,0,0,0,-1,0,0,0,0} 
2020-09-06 09:10 INFO  EnsembleTracker:201 - New config event received: {}
2020-09-06 09:10 DEBUG EnsembleTracker:219 - Ignoring new config as it is empty
2020-09-06 09:10 INFO  EnsembleTracker:201 - New config event received: {}
2020-09-06 09:10 DEBUG EnsembleTracker:219 - Ignoring new config as it is empty
2020-09-06 09:10 DEBUG ClientCnxn:911 - Reading reply sessionid:0x100000d33eb0007, packet:: clientPath:null serverPath:null finished:false header:: 3,15  replyHeader:: 3,27,-110  request:: '/node1/00001,#6a617661,v{s{31,s{'world,'anyone}}},1  response::  
2020-09-06 09:16 INFO  ZooKeeper:109 - Client environment:zookeeper.version=3.5.4-beta-7f51e5b68cf2f80176ff944a9ebd2abbc65e7327, built on 05/11/2018 16:27 GMT
2020-09-06 09:16 INFO  ZooKeeper:109 - Client environment:host.name=DESKTOP-JVNO40K
2020-09-06 09:16 INFO  ZooKeeper:109 - Client environment:java.version=14.0.2
2020-09-06 09:16 INFO  ZooKeeper:109 - Client environment:java.vendor=Oracle Corporation
2020-09-06 09:16 INFO  ZooKeeper:109 - Client environment:java.home=C:\Users\tomoy\.jdks\openjdk-14.0.2
2020-09-06 09:16 INFO  ZooKeeper:109 - Client environment:java.class.path=C:\Users\tomoy\IdeaProjects\tomoya\target\classes;C:\Users\tomoy\.m2\repository\org\slf4j\slf4j-log4j12\1.7.25\slf4j-log4j12-1.7.25.jar;C:\Users\tomoy\.m2\repository\org\slf4j\slf4j-api\1.7.25\slf4j-api-1.7.25.jar;C:\Users\tomoy\.m2\repository\log4j\log4j\1.2.17\log4j-1.2.17.jar;C:\Users\tomoy\.m2\repository\org\projectlombok\lombok\1.18.8\lombok-1.18.8.jar;C:\Users\tomoy\.m2\repository\com\esotericsoftware\kryo\4.0.2\kryo-4.0.2.jar;C:\Users\tomoy\.m2\repository\com\esotericsoftware\reflectasm\1.11.3\reflectasm-1.11.3.jar;C:\Users\tomoy\.m2\repository\com\esotericsoftware\minlog\1.3.0\minlog-1.3.0.jar;C:\Users\tomoy\.m2\repository\org\objenesis\objenesis\2.5.1\objenesis-2.5.1.jar;C:\Users\tomoy\.m2\repository\io\netty\netty-all\4.1.25.Final\netty-all-4.1.25.Final.jar;C:\Users\tomoy\.m2\repository\cglib\cglib\3.3.0\cglib-3.3.0.jar;C:\Users\tomoy\.m2\repository\org\ow2\asm\asm\7.1\asm-7.1.jar;C:\Users\tomoy\.m2\repository\org\apache\curator\curator-framework\4.2.0\curator-framework-4.2.0.jar;C:\Users\tomoy\.m2\repository\org\apache\curator\curator-client\4.2.0\curator-client-4.2.0.jar;C:\Users\tomoy\.m2\repository\org\apache\zookeeper\zookeeper\3.5.4-beta\zookeeper-3.5.4-beta.jar;C:\Users\tomoy\.m2\repository\commons-cli\commons-cli\1.2\commons-cli-1.2.jar;C:\Users\tomoy\.m2\repository\org\apache\yetus\audience-annotations\0.5.0\audience-annotations-0.5.0.jar;C:\Users\tomoy\.m2\repository\io\netty\netty\3.10.6.Final\netty-3.10.6.Final.jar;C:\Users\tomoy\.m2\repository\com\google\guava\guava\27.0.1-jre\guava-27.0.1-jre.jar;C:\Users\tomoy\.m2\repository\com\google\guava\failureaccess\1.0.1\failureaccess-1.0.1.jar;C:\Users\tomoy\.m2\repository\com\google\guava\listenablefuture\9999.0-empty-to-avoid-conflict-with-guava\listenablefuture-9999.0-empty-to-avoid-conflict-with-guava.jar;C:\Users\tomoy\.m2\repository\com\google\code\findbugs\jsr305\3.0.2\jsr305-3.0.2.jar;C:\Users\tomoy\.m2\repository\org\checkerframework\checker-qual\2.5.2\checker-qual-2.5.2.jar;C:\Users\tomoy\.m2\repository\com\google\errorprone\error_prone_annotations\2.2.0\error_prone_annotations-2.2.0.jar;C:\Users\tomoy\.m2\repository\com\google\j2objc\j2objc-annotations\1.1\j2objc-annotations-1.1.jar;C:\Users\tomoy\.m2\repository\org\codehaus\mojo\animal-sniffer-annotations\1.17\animal-sniffer-annotations-1.17.jar;C:\Users\tomoy\.m2\repository\org\apache\curator\curator-recipes\4.2.0\curator-recipes-4.2.0.jar
2020-09-06 09:16 INFO  ZooKeeper:109 - Client environment:java.library.path=C:\Users\tomoy\.jdks\openjdk-14.0.2\bin;C:\Windows\Sun\Java\bin;C:\Windows\system32;C:\Windows;C:\Program Files (x86)\Common Files\Oracle\Java\javapath;C:\Windows\system32;C:\Windows;C:\Windows\System32\Wbem;C:\Windows\System32\WindowsPowerShell\v1.0\;C:\Windows\System32\OpenSSH\;C:\Users\tomoy\AppData\Local\Microsoft\WindowsApps;C:\Program Files\Bandizip\;C:\Users\tomoy\AppData\Local\Programs\Microsoft VS Code\bin;.
2020-09-06 09:16 INFO  ZooKeeper:109 - Client environment:java.io.tmpdir=C:\Users\tomoy\AppData\Local\Temp\
2020-09-06 09:16 INFO  ZooKeeper:109 - Client environment:java.compiler=<NA>
2020-09-06 09:16 INFO  ZooKeeper:109 - Client environment:os.name=Windows 10
2020-09-06 09:16 INFO  ZooKeeper:109 - Client environment:os.arch=amd64
2020-09-06 09:16 INFO  ZooKeeper:109 - Client environment:os.version=10.0
2020-09-06 09:16 INFO  ZooKeeper:109 - Client environment:user.name=tomoya
2020-09-06 09:16 INFO  ZooKeeper:109 - Client environment:user.home=C:\Users\tomoy
2020-09-06 09:16 INFO  ZooKeeper:109 - Client environment:user.dir=C:\Users\tomoy\IdeaProjects\tomoya
2020-09-06 09:16 INFO  ZooKeeper:109 - Client environment:os.memory.free=117MB
2020-09-06 09:16 INFO  ZooKeeper:109 - Client environment:os.memory.max=2020MB
2020-09-06 09:16 INFO  ZooKeeper:109 - Client environment:os.memory.total=128MB
2020-09-06 09:16 INFO  Compatibility:61 - Using emulated InjectSessionExpiration
2020-09-06 09:16 INFO  CuratorFrameworkImpl:308 - Starting
2020-09-06 09:16 DEBUG CuratorZookeeperClient:230 - Starting
2020-09-06 09:16 DEBUG ConnectionState:109 - Starting
2020-09-06 09:16 DEBUG ConnectionState:197 - reset
2020-09-06 09:16 INFO  ZooKeeper:868 - Initiating client connection, connectString=192.168.99.100:2181 sessionTimeout=60000 watcher=org.apache.curator.ConnectionState@1990a65e
2020-09-06 09:16 INFO  ClientCnxnSocket:236 - jute.maxbuffer value is 4194304 Bytes
2020-09-06 09:16 INFO  ClientCnxn:1106 - Opening socket connection to server 192.168.99.100/192.168.99.100:2181. Will not attempt to authenticate using SASL (unknown error)
2020-09-06 09:16 INFO  CuratorFrameworkImpl:356 - Default schema
2020-09-06 09:16 INFO  ClientCnxn:947 - Socket connection established, initiating session, client: /192.168.99.1:51407, server: 192.168.99.100/192.168.99.100:2181
2020-09-06 09:16 DEBUG ClientCnxn:1015 - Session establishment request sent on 192.168.99.100/192.168.99.100:2181
2020-09-06 09:16 INFO  ClientCnxn:1381 - Session establishment complete on server 192.168.99.100/192.168.99.100:2181, sessionid = 0x100000d33eb0008, negotiated timeout = 40000
2020-09-06 09:16 DEBUG ConnectionState:177 - Negotiated session timeout: 40000
2020-09-06 09:16 INFO  ConnectionStateManager:251 - State change: CONNECTED
2020-09-06 09:16 DEBUG CuratorFrameworkImpl:1022 - Clearing sleep for 1 operations
2020-09-06 09:16 DEBUG ClientCnxn:911 - Reading reply sessionid:0x100000d33eb0008, packet:: clientPath:/zookeeper/config serverPath:/zookeeper/config finished:false header:: 1,4  replyHeader:: 1,32,0  request:: '/zookeeper/config,T  response:: ,s{0,0,0,0,0,0,-1,0,0,0,0} 
2020-09-06 09:16 DEBUG ClientCnxn:911 - Reading reply sessionid:0x100000d33eb0008, packet:: clientPath:/zookeeper/config serverPath:/zookeeper/config finished:false header:: 2,4  replyHeader:: 2,32,0  request:: '/zookeeper/config,T  response:: ,s{0,0,0,0,0,0,-1,0,0,0,0} 
2020-09-06 09:16 INFO  EnsembleTracker:201 - New config event received: {}
2020-09-06 09:16 DEBUG EnsembleTracker:219 - Ignoring new config as it is empty
2020-09-06 09:16 INFO  EnsembleTracker:201 - New config event received: {}
2020-09-06 09:16 DEBUG EnsembleTracker:219 - Ignoring new config as it is empty
2020-09-06 09:16 DEBUG ClientCnxn:911 - Reading reply sessionid:0x100000d33eb0008, packet:: clientPath:null serverPath:null finished:false header:: 3,15  replyHeader:: 3,33,0  request:: '/node1/00001,#6a617661,v{s{31,s{'world,'anyone}}},1  response:: '/node1/00001,s{33,33,1599354987994,1599354987994,0,0,0,72057650743541768,4,0,33} 
2020-09-06 09:16 DEBUG ClientCnxn:911 - Reading reply sessionid:0x100000d33eb0008, packet:: clientPath:null serverPath:null finished:false header:: 4,4  replyHeader:: 4,33,0  request:: '/node1/00001,F  response:: #6a617661,s{33,33,1599354987994,1599354987994,0,0,0,72057650743541768,4,0,33} 
2020-09-06 09:16 DEBUG ClientCnxn:911 - Reading reply sessionid:0x100000d33eb0008, packet:: clientPath:null serverPath:null finished:false header:: 5,3  replyHeader:: 5,33,0  request:: '/node1,F  response:: s{2,8,1599314169249,1599315024158,3,5,0,0,5,1,33} 
2020-09-06 09:16 DEBUG ClientCnxn:911 - Reading reply sessionid:0x100000d33eb0008, packet:: clientPath:null serverPath:null finished:false header:: 6,5  replyHeader:: 6,34,0  request:: '/node1/00001,#632b2b,-1  response:: s{33,34,1599354987994,1599354988023,1,0,0,72057650743541768,3,0,33} 
2020-09-06 09:16 DEBUG ClientCnxn:911 - Reading reply sessionid:0x100000d33eb0008, packet:: clientPath:null serverPath:null finished:false header:: 7,3  replyHeader:: 7,34,-101  request:: '/node1/foo,F  response::  
2020-09-06 09:16 DEBUG ClientCnxn:911 - Reading reply sessionid:0x100000d33eb0008, packet:: clientPath:null serverPath:null finished:false header:: 8,3  replyHeader:: 8,34,0  request:: '/node1/00001,F  response:: s{33,34,1599354987994,1599354988023,1,0,0,72057650743541768,3,0,33} 
2020-09-06 09:16 DEBUG HelloServer:41 - 33,34,1599354987994,1599354988023,1,0,0,72057650743541768,3,0,33

2020-09-06 09:16 DEBUG ClientCnxn:911 - Reading reply sessionid:0x100000d33eb0008, packet:: clientPath:null serverPath:null finished:false header:: 9,12  replyHeader:: 9,34,0  request:: '/node1,F  response:: v{'00001},s{2,8,1599314169249,1599315024158,3,5,0,0,5,1,33} 
2020-09-06 09:16 DEBUG HelloServer:43 - [00001]
2020-09-06 09:16 DEBUG ClientCnxn:911 - Reading reply sessionid:0x100000d33eb0008, packet:: clientPath:/node1 serverPath:/node1 finished:false header:: 10,12  replyHeader:: 10,34,0  request:: '/node1,T  response:: v{'00001},s{2,8,1599314169249,1599315024158,3,5,0,0,5,1,33} 
2020-09-06 09:16 DEBUG ClientCnxn:911 - Reading reply sessionid:0x100000d33eb0008, packet:: clientPath:null serverPath:null finished:false header:: 11,2  replyHeader:: 11,35,-111  request:: '/node1,-1  response:: null
2020-09-06 09:16 DEBUG ClientCnxn:911 - Reading reply sessionid:0x100000d33eb0008, packet:: clientPath:/node1/00001 serverPath:/node1/00001 finished:false header:: 12,4  replyHeader:: 12,35,0  request:: '/node1/00001,T  response:: #632b2b,s{33,34,1599354987994,1599354988023,1,0,0,72057650743541768,3,0,33} 
2020-09-06 09:16 DEBUG HelloServer:35 - CHILD_ADDED
2020-09-06 09:16 DEBUG ClientCnxn:911 - Reading reply sessionid:0x100000d33eb0008, packet:: clientPath:null serverPath:null finished:false header:: 13,8  replyHeader:: 13,35,0  request:: '/node1,F  response:: v{'00001} 
2020-09-06 09:16 DEBUG ClientCnxn:911 - Reading reply sessionid:0x100000d33eb0008, packet:: clientPath:null serverPath:null finished:false header:: 14,8  replyHeader:: 14,35,0  request:: '/node1/00001,F  response:: v{} 
2020-09-06 09:16 DEBUG ClientCnxn:834 - Got notification sessionid:0x100000d33eb0008
2020-09-06 09:16 DEBUG ClientCnxn:856 - Got WatchedEvent state:SyncConnected type:NodeDeleted path:/node1/00001 for sessionid 0x100000d33eb0008
2020-09-06 09:16 DEBUG ClientCnxn:834 - Got notification sessionid:0x100000d33eb0008
2020-09-06 09:16 DEBUG ClientCnxn:856 - Got WatchedEvent state:SyncConnected type:NodeChildrenChanged path:/node1 for sessionid 0x100000d33eb0008
2020-09-06 09:16 DEBUG HelloServer:35 - CHILD_REMOVED
2020-09-06 09:16 DEBUG ClientCnxn:911 - Reading reply sessionid:0x100000d33eb0008, packet:: clientPath:null serverPath:null finished:false header:: 15,2  replyHeader:: 15,36,0  request:: '/node1/00001,-1  response:: null
2020-09-06 09:16 DEBUG ClientCnxn:911 - Reading reply sessionid:0x100000d33eb0008, packet:: clientPath:/node1 serverPath:/node1 finished:false header:: 16,12  replyHeader:: 16,36,0  request:: '/node1,T  response:: v{},s{2,8,1599314169249,1599315024158,3,6,0,0,5,0,36} 
2020-09-06 09:16 DEBUG ClientCnxn:834 - Got notification sessionid:0x100000d33eb0008
2020-09-06 09:16 DEBUG ClientCnxn:856 - Got WatchedEvent state:SyncConnected type:NodeDeleted path:/node1 for sessionid 0x100000d33eb0008
2020-09-06 09:16 DEBUG ClientCnxn:911 - Reading reply sessionid:0x100000d33eb0008, packet:: clientPath:null serverPath:null finished:false header:: 17,2  replyHeader:: 17,37,0  request:: '/node1,-1  response:: null
2020-09-06 09:16 INFO  ZooKeeper:109 - Client environment:zookeeper.version=3.5.4-beta-7f51e5b68cf2f80176ff944a9ebd2abbc65e7327, built on 05/11/2018 16:27 GMT
2020-09-06 09:16 INFO  ZooKeeper:109 - Client environment:host.name=DESKTOP-JVNO40K
2020-09-06 09:16 INFO  ZooKeeper:109 - Client environment:java.version=14.0.2
2020-09-06 09:16 INFO  ZooKeeper:109 - Client environment:java.vendor=Oracle Corporation
2020-09-06 09:16 INFO  ZooKeeper:109 - Client environment:java.home=C:\Users\tomoy\.jdks\openjdk-14.0.2
2020-09-06 09:16 INFO  ZooKeeper:109 - Client environment:java.class.path=C:\Users\tomoy\IdeaProjects\tomoya\target\classes;C:\Users\tomoy\.m2\repository\org\slf4j\slf4j-log4j12\1.7.25\slf4j-log4j12-1.7.25.jar;C:\Users\tomoy\.m2\repository\org\slf4j\slf4j-api\1.7.25\slf4j-api-1.7.25.jar;C:\Users\tomoy\.m2\repository\log4j\log4j\1.2.17\log4j-1.2.17.jar;C:\Users\tomoy\.m2\repository\org\projectlombok\lombok\1.18.8\lombok-1.18.8.jar;C:\Users\tomoy\.m2\repository\com\esotericsoftware\kryo\4.0.2\kryo-4.0.2.jar;C:\Users\tomoy\.m2\repository\com\esotericsoftware\reflectasm\1.11.3\reflectasm-1.11.3.jar;C:\Users\tomoy\.m2\repository\com\esotericsoftware\minlog\1.3.0\minlog-1.3.0.jar;C:\Users\tomoy\.m2\repository\org\objenesis\objenesis\2.5.1\objenesis-2.5.1.jar;C:\Users\tomoy\.m2\repository\io\netty\netty-all\4.1.25.Final\netty-all-4.1.25.Final.jar;C:\Users\tomoy\.m2\repository\cglib\cglib\3.3.0\cglib-3.3.0.jar;C:\Users\tomoy\.m2\repository\org\ow2\asm\asm\7.1\asm-7.1.jar;C:\Users\tomoy\.m2\repository\org\apache\curator\curator-framework\4.2.0\curator-framework-4.2.0.jar;C:\Users\tomoy\.m2\repository\org\apache\curator\curator-client\4.2.0\curator-client-4.2.0.jar;C:\Users\tomoy\.m2\repository\org\apache\zookeeper\zookeeper\3.5.4-beta\zookeeper-3.5.4-beta.jar;C:\Users\tomoy\.m2\repository\commons-cli\commons-cli\1.2\commons-cli-1.2.jar;C:\Users\tomoy\.m2\repository\org\apache\yetus\audience-annotations\0.5.0\audience-annotations-0.5.0.jar;C:\Users\tomoy\.m2\repository\io\netty\netty\3.10.6.Final\netty-3.10.6.Final.jar;C:\Users\tomoy\.m2\repository\com\google\guava\guava\27.0.1-jre\guava-27.0.1-jre.jar;C:\Users\tomoy\.m2\repository\com\google\guava\failureaccess\1.0.1\failureaccess-1.0.1.jar;C:\Users\tomoy\.m2\repository\com\google\guava\listenablefuture\9999.0-empty-to-avoid-conflict-with-guava\listenablefuture-9999.0-empty-to-avoid-conflict-with-guava.jar;C:\Users\tomoy\.m2\repository\com\google\code\findbugs\jsr305\3.0.2\jsr305-3.0.2.jar;C:\Users\tomoy\.m2\repository\org\checkerframework\checker-qual\2.5.2\checker-qual-2.5.2.jar;C:\Users\tomoy\.m2\repository\com\google\errorprone\error_prone_annotations\2.2.0\error_prone_annotations-2.2.0.jar;C:\Users\tomoy\.m2\repository\com\google\j2objc\j2objc-annotations\1.1\j2objc-annotations-1.1.jar;C:\Users\tomoy\.m2\repository\org\codehaus\mojo\animal-sniffer-annotations\1.17\animal-sniffer-annotations-1.17.jar;C:\Users\tomoy\.m2\repository\org\apache\curator\curator-recipes\4.2.0\curator-recipes-4.2.0.jar
2020-09-06 09:16 INFO  ZooKeeper:109 - Client environment:java.library.path=C:\Users\tomoy\.jdks\openjdk-14.0.2\bin;C:\Windows\Sun\Java\bin;C:\Windows\system32;C:\Windows;C:\Program Files (x86)\Common Files\Oracle\Java\javapath;C:\Windows\system32;C:\Windows;C:\Windows\System32\Wbem;C:\Windows\System32\WindowsPowerShell\v1.0\;C:\Windows\System32\OpenSSH\;C:\Users\tomoy\AppData\Local\Microsoft\WindowsApps;C:\Program Files\Bandizip\;C:\Users\tomoy\AppData\Local\Programs\Microsoft VS Code\bin;.
2020-09-06 09:16 INFO  ZooKeeper:109 - Client environment:java.io.tmpdir=C:\Users\tomoy\AppData\Local\Temp\
2020-09-06 09:16 INFO  ZooKeeper:109 - Client environment:java.compiler=<NA>
2020-09-06 09:16 INFO  ZooKeeper:109 - Client environment:os.name=Windows 10
2020-09-06 09:16 INFO  ZooKeeper:109 - Client environment:os.arch=amd64
2020-09-06 09:16 INFO  ZooKeeper:109 - Client environment:os.version=10.0
2020-09-06 09:16 INFO  ZooKeeper:109 - Client environment:user.name=tomoya
2020-09-06 09:16 INFO  ZooKeeper:109 - Client environment:user.home=C:\Users\tomoy
2020-09-06 09:16 INFO  ZooKeeper:109 - Client environment:user.dir=C:\Users\tomoy\IdeaProjects\tomoya
2020-09-06 09:16 INFO  ZooKeeper:109 - Client environment:os.memory.free=117MB
2020-09-06 09:16 INFO  ZooKeeper:109 - Client environment:os.memory.max=2020MB
2020-09-06 09:16 INFO  ZooKeeper:109 - Client environment:os.memory.total=128MB
2020-09-06 09:16 INFO  Compatibility:61 - Using emulated InjectSessionExpiration
2020-09-06 09:16 INFO  CuratorFrameworkImpl:308 - Starting
2020-09-06 09:16 DEBUG CuratorZookeeperClient:230 - Starting
2020-09-06 09:16 DEBUG ConnectionState:109 - Starting
2020-09-06 09:16 DEBUG ConnectionState:197 - reset
2020-09-06 09:16 INFO  ZooKeeper:868 - Initiating client connection, connectString=192.168.99.100:2181 sessionTimeout=60000 watcher=org.apache.curator.ConnectionState@1990a65e
2020-09-06 09:16 INFO  ClientCnxnSocket:236 - jute.maxbuffer value is 4194304 Bytes
2020-09-06 09:16 INFO  ClientCnxn:1106 - Opening socket connection to server 192.168.99.100/192.168.99.100:2181. Will not attempt to authenticate using SASL (unknown error)
2020-09-06 09:16 INFO  CuratorFrameworkImpl:356 - Default schema
2020-09-06 09:16 INFO  ClientCnxn:947 - Socket connection established, initiating session, client: /192.168.99.1:51420, server: 192.168.99.100/192.168.99.100:2181
2020-09-06 09:16 DEBUG ClientCnxn:1015 - Session establishment request sent on 192.168.99.100/192.168.99.100:2181
2020-09-06 09:16 INFO  ClientCnxn:1381 - Session establishment complete on server 192.168.99.100/192.168.99.100:2181, sessionid = 0x100000d33eb0009, negotiated timeout = 40000
2020-09-06 09:16 DEBUG ConnectionState:177 - Negotiated session timeout: 40000
2020-09-06 09:16 INFO  ConnectionStateManager:251 - State change: CONNECTED
2020-09-06 09:16 DEBUG CuratorFrameworkImpl:1022 - Clearing sleep for 1 operations
2020-09-06 09:16 DEBUG ClientCnxn:911 - Reading reply sessionid:0x100000d33eb0009, packet:: clientPath:/zookeeper/config serverPath:/zookeeper/config finished:false header:: 1,4  replyHeader:: 1,38,0  request:: '/zookeeper/config,T  response:: ,s{0,0,0,0,0,0,-1,0,0,0,0} 
2020-09-06 09:16 DEBUG ClientCnxn:911 - Reading reply sessionid:0x100000d33eb0009, packet:: clientPath:/zookeeper/config serverPath:/zookeeper/config finished:false header:: 2,4  replyHeader:: 2,38,0  request:: '/zookeeper/config,T  response:: ,s{0,0,0,0,0,0,-1,0,0,0,0} 
2020-09-06 09:16 INFO  EnsembleTracker:201 - New config event received: {}
2020-09-06 09:16 DEBUG EnsembleTracker:219 - Ignoring new config as it is empty
2020-09-06 09:16 INFO  EnsembleTracker:201 - New config event received: {}
2020-09-06 09:16 DEBUG EnsembleTracker:219 - Ignoring new config as it is empty
2020-09-06 09:16 DEBUG ClientCnxn:911 - Reading reply sessionid:0x100000d33eb0009, packet:: clientPath:null serverPath:null finished:false header:: 3,15  replyHeader:: 3,39,-101  request:: '/node1/00001,#6a617661,v{s{31,s{'world,'anyone}}},1  response::  
2020-09-06 09:16 DEBUG ClientCnxn:911 - Reading reply sessionid:0x100000d33eb0009, packet:: clientPath:null serverPath:null finished:false header:: 4,3  replyHeader:: 4,39,-101  request:: '/node1,F  response::  
2020-09-06 09:16 DEBUG ClientCnxn:911 - Reading reply sessionid:0x100000d33eb0009, packet:: clientPath:null serverPath:null finished:false header:: 5,1  replyHeader:: 5,40,0  request:: '/node1,,v{s{31,s{'world,'anyone}}},0  response:: '/node1 
2020-09-06 09:16 DEBUG ClientCnxn:911 - Reading reply sessionid:0x100000d33eb0009, packet:: clientPath:null serverPath:null finished:false header:: 6,15  replyHeader:: 6,41,0  request:: '/node1/00001,#6a617661,v{s{31,s{'world,'anyone}}},1  response:: '/node1/00001,s{41,41,1599355009793,1599355009793,0,0,0,72057650743541769,4,0,41} 
2020-09-06 09:16 DEBUG ClientCnxn:911 - Reading reply sessionid:0x100000d33eb0009, packet:: clientPath:null serverPath:null finished:false header:: 7,4  replyHeader:: 7,41,0  request:: '/node1/00001,F  response:: #6a617661,s{41,41,1599355009793,1599355009793,0,0,0,72057650743541769,4,0,41} 
2020-09-06 09:16 DEBUG ClientCnxn:911 - Reading reply sessionid:0x100000d33eb0009, packet:: clientPath:null serverPath:null finished:false header:: 8,3  replyHeader:: 8,41,0  request:: '/node1,F  response:: s{40,40,1599355009789,1599355009789,0,1,0,0,0,1,41} 
2020-09-06 09:16 DEBUG ClientCnxn:911 - Reading reply sessionid:0x100000d33eb0009, packet:: clientPath:null serverPath:null finished:false header:: 9,3  replyHeader:: 9,41,-101  request:: '/node1/foo,F  response::  
2020-09-06 09:16 DEBUG ClientCnxn:911 - Reading reply sessionid:0x100000d33eb0009, packet:: clientPath:null serverPath:null finished:false header:: 10,5  replyHeader:: 10,42,0  request:: '/node1/00001,#632b2b,-1  response:: s{41,42,1599355009793,1599355009816,1,0,0,72057650743541769,3,0,41} 
2020-09-06 09:16 DEBUG ClientCnxn:911 - Reading reply sessionid:0x100000d33eb0009, packet:: clientPath:null serverPath:null finished:false header:: 11,3  replyHeader:: 11,42,0  request:: '/node1/00001,F  response:: s{41,42,1599355009793,1599355009816,1,0,0,72057650743541769,3,0,41} 
2020-09-06 09:16 DEBUG HelloServer:41 - 41,42,1599355009793,1599355009816,1,0,0,72057650743541769,3,0,41

2020-09-06 09:16 DEBUG ClientCnxn:911 - Reading reply sessionid:0x100000d33eb0009, packet:: clientPath:/node1 serverPath:/node1 finished:false header:: 12,12  replyHeader:: 12,42,0  request:: '/node1,T  response:: v{'00001},s{40,40,1599355009789,1599355009789,0,1,0,0,0,1,41} 
2020-09-06 09:16 DEBUG ClientCnxn:911 - Reading reply sessionid:0x100000d33eb0009, packet:: clientPath:null serverPath:null finished:false header:: 13,12  replyHeader:: 13,42,0  request:: '/node1,F  response:: v{'00001},s{40,40,1599355009789,1599355009789,0,1,0,0,0,1,41} 
2020-09-06 09:16 DEBUG HelloServer:43 - [00001]
2020-09-06 09:16 DEBUG ClientCnxn:911 - Reading reply sessionid:0x100000d33eb0009, packet:: clientPath:/node1/00001 serverPath:/node1/00001 finished:false header:: 14,4  replyHeader:: 14,42,0  request:: '/node1/00001,T  response:: #632b2b,s{41,42,1599355009793,1599355009816,1,0,0,72057650743541769,3,0,41} 
2020-09-06 09:16 DEBUG ClientCnxn:911 - Reading reply sessionid:0x100000d33eb0009, packet:: clientPath:null serverPath:null finished:false header:: 15,2  replyHeader:: 15,43,-111  request:: '/node1,-1  response:: null
2020-09-06 09:16 DEBUG HelloServer:35 - CHILD_ADDED
2020-09-06 09:16 DEBUG ClientCnxn:911 - Reading reply sessionid:0x100000d33eb0009, packet:: clientPath:null serverPath:null finished:false header:: 16,8  replyHeader:: 16,43,0  request:: '/node1,F  response:: v{'00001} 
2020-09-06 09:16 DEBUG ClientCnxn:911 - Reading reply sessionid:0x100000d33eb0009, packet:: clientPath:null serverPath:null finished:false header:: 17,8  replyHeader:: 17,43,0  request:: '/node1/00001,F  response:: v{} 
2020-09-06 09:16 DEBUG ClientCnxn:834 - Got notification sessionid:0x100000d33eb0009
2020-09-06 09:16 DEBUG ClientCnxn:856 - Got WatchedEvent state:SyncConnected type:NodeDeleted path:/node1/00001 for sessionid 0x100000d33eb0009
2020-09-06 09:16 DEBUG ClientCnxn:834 - Got notification sessionid:0x100000d33eb0009
2020-09-06 09:16 DEBUG HelloServer:35 - CHILD_REMOVED
2020-09-06 09:16 DEBUG ClientCnxn:856 - Got WatchedEvent state:SyncConnected type:NodeChildrenChanged path:/node1 for sessionid 0x100000d33eb0009
2020-09-06 09:16 DEBUG ClientCnxn:911 - Reading reply sessionid:0x100000d33eb0009, packet:: clientPath:null serverPath:null finished:false header:: 18,2  replyHeader:: 18,44,0  request:: '/node1/00001,-1  response:: null
2020-09-06 09:16 DEBUG ClientCnxn:911 - Reading reply sessionid:0x100000d33eb0009, packet:: clientPath:/node1 serverPath:/node1 finished:false header:: 19,12  replyHeader:: 19,44,0  request:: '/node1,T  response:: v{},s{40,40,1599355009789,1599355009789,0,2,0,0,0,0,44} 
2020-09-06 09:16 DEBUG ClientCnxn:834 - Got notification sessionid:0x100000d33eb0009
2020-09-06 09:16 DEBUG ClientCnxn:856 - Got WatchedEvent state:SyncConnected type:NodeDeleted path:/node1 for sessionid 0x100000d33eb0009
2020-09-06 09:16 DEBUG ClientCnxn:911 - Reading reply sessionid:0x100000d33eb0009, packet:: clientPath:null serverPath:null finished:false header:: 20,2  replyHeader:: 20,45,0  request:: '/node1,-1  response:: null
2020-09-06 09:16 DEBUG ClientCnxn:911 - Reading reply sessionid:0x100000d33eb0009, packet:: clientPath:/node1 serverPath:/node1 finished:false header:: 21,12  replyHeader:: 21,45,-101  request:: '/node1,T  response:: v{} 
2020-09-06 09:18 INFO  ZooKeeper:109 - Client environment:zookeeper.version=3.5.4-beta-7f51e5b68cf2f80176ff944a9ebd2abbc65e7327, built on 05/11/2018 16:27 GMT
2020-09-06 09:18 INFO  ZooKeeper:109 - Client environment:host.name=DESKTOP-JVNO40K
2020-09-06 09:18 INFO  ZooKeeper:109 - Client environment:java.version=14.0.2
2020-09-06 09:18 INFO  ZooKeeper:109 - Client environment:java.vendor=Oracle Corporation
2020-09-06 09:18 INFO  ZooKeeper:109 - Client environment:java.home=C:\Users\tomoy\.jdks\openjdk-14.0.2
2020-09-06 09:18 INFO  ZooKeeper:109 - Client environment:java.class.path=C:\Users\tomoy\IdeaProjects\tomoya\target\classes;C:\Users\tomoy\.m2\repository\org\slf4j\slf4j-log4j12\1.7.25\slf4j-log4j12-1.7.25.jar;C:\Users\tomoy\.m2\repository\org\slf4j\slf4j-api\1.7.25\slf4j-api-1.7.25.jar;C:\Users\tomoy\.m2\repository\log4j\log4j\1.2.17\log4j-1.2.17.jar;C:\Users\tomoy\.m2\repository\org\projectlombok\lombok\1.18.8\lombok-1.18.8.jar;C:\Users\tomoy\.m2\repository\com\esotericsoftware\kryo\4.0.2\kryo-4.0.2.jar;C:\Users\tomoy\.m2\repository\com\esotericsoftware\reflectasm\1.11.3\reflectasm-1.11.3.jar;C:\Users\tomoy\.m2\repository\com\esotericsoftware\minlog\1.3.0\minlog-1.3.0.jar;C:\Users\tomoy\.m2\repository\org\objenesis\objenesis\2.5.1\objenesis-2.5.1.jar;C:\Users\tomoy\.m2\repository\io\netty\netty-all\4.1.25.Final\netty-all-4.1.25.Final.jar;C:\Users\tomoy\.m2\repository\cglib\cglib\3.3.0\cglib-3.3.0.jar;C:\Users\tomoy\.m2\repository\org\ow2\asm\asm\7.1\asm-7.1.jar;C:\Users\tomoy\.m2\repository\org\apache\curator\curator-framework\4.2.0\curator-framework-4.2.0.jar;C:\Users\tomoy\.m2\repository\org\apache\curator\curator-client\4.2.0\curator-client-4.2.0.jar;C:\Users\tomoy\.m2\repository\org\apache\zookeeper\zookeeper\3.5.4-beta\zookeeper-3.5.4-beta.jar;C:\Users\tomoy\.m2\repository\commons-cli\commons-cli\1.2\commons-cli-1.2.jar;C:\Users\tomoy\.m2\repository\org\apache\yetus\audience-annotations\0.5.0\audience-annotations-0.5.0.jar;C:\Users\tomoy\.m2\repository\io\netty\netty\3.10.6.Final\netty-3.10.6.Final.jar;C:\Users\tomoy\.m2\repository\com\google\guava\guava\27.0.1-jre\guava-27.0.1-jre.jar;C:\Users\tomoy\.m2\repository\com\google\guava\failureaccess\1.0.1\failureaccess-1.0.1.jar;C:\Users\tomoy\.m2\repository\com\google\guava\listenablefuture\9999.0-empty-to-avoid-conflict-with-guava\listenablefuture-9999.0-empty-to-avoid-conflict-with-guava.jar;C:\Users\tomoy\.m2\repository\com\google\code\findbugs\jsr305\3.0.2\jsr305-3.0.2.jar;C:\Users\tomoy\.m2\repository\org\checkerframework\checker-qual\2.5.2\checker-qual-2.5.2.jar;C:\Users\tomoy\.m2\repository\com\google\errorprone\error_prone_annotations\2.2.0\error_prone_annotations-2.2.0.jar;C:\Users\tomoy\.m2\repository\com\google\j2objc\j2objc-annotations\1.1\j2objc-annotations-1.1.jar;C:\Users\tomoy\.m2\repository\org\codehaus\mojo\animal-sniffer-annotations\1.17\animal-sniffer-annotations-1.17.jar;C:\Users\tomoy\.m2\repository\org\apache\curator\curator-recipes\4.2.0\curator-recipes-4.2.0.jar
2020-09-06 09:18 INFO  ZooKeeper:109 - Client environment:java.library.path=C:\Users\tomoy\.jdks\openjdk-14.0.2\bin;C:\Windows\Sun\Java\bin;C:\Windows\system32;C:\Windows;C:\Program Files (x86)\Common Files\Oracle\Java\javapath;C:\Windows\system32;C:\Windows;C:\Windows\System32\Wbem;C:\Windows\System32\WindowsPowerShell\v1.0\;C:\Windows\System32\OpenSSH\;C:\Users\tomoy\AppData\Local\Microsoft\WindowsApps;C:\Program Files\Bandizip\;C:\Users\tomoy\AppData\Local\Programs\Microsoft VS Code\bin;.
2020-09-06 09:18 INFO  ZooKeeper:109 - Client environment:java.io.tmpdir=C:\Users\tomoy\AppData\Local\Temp\
2020-09-06 09:18 INFO  ZooKeeper:109 - Client environment:java.compiler=<NA>
2020-09-06 09:18 INFO  ZooKeeper:109 - Client environment:os.name=Windows 10
2020-09-06 09:18 INFO  ZooKeeper:109 - Client environment:os.arch=amd64
2020-09-06 09:18 INFO  ZooKeeper:109 - Client environment:os.version=10.0
2020-09-06 09:18 INFO  ZooKeeper:109 - Client environment:user.name=tomoya
2020-09-06 09:18 INFO  ZooKeeper:109 - Client environment:user.home=C:\Users\tomoy
2020-09-06 09:18 INFO  ZooKeeper:109 - Client environment:user.dir=C:\Users\tomoy\IdeaProjects\tomoya
2020-09-06 09:18 INFO  ZooKeeper:109 - Client environment:os.memory.free=117MB
2020-09-06 09:18 INFO  ZooKeeper:109 - Client environment:os.memory.max=2020MB
2020-09-06 09:18 INFO  ZooKeeper:109 - Client environment:os.memory.total=128MB
2020-09-06 09:18 INFO  Compatibility:61 - Using emulated InjectSessionExpiration
2020-09-06 09:18 INFO  CuratorFrameworkImpl:308 - Starting
2020-09-06 09:18 DEBUG CuratorZookeeperClient:230 - Starting
2020-09-06 09:18 DEBUG ConnectionState:109 - Starting
2020-09-06 09:18 DEBUG ConnectionState:197 - reset
2020-09-06 09:18 INFO  ZooKeeper:868 - Initiating client connection, connectString=192.168.99.100:2181 sessionTimeout=60000 watcher=org.apache.curator.ConnectionState@1990a65e
2020-09-06 09:18 INFO  ClientCnxnSocket:236 - jute.maxbuffer value is 4194304 Bytes
2020-09-06 09:18 INFO  ClientCnxn:1106 - Opening socket connection to server 192.168.99.100/192.168.99.100:2181. Will not attempt to authenticate using SASL (unknown error)
2020-09-06 09:18 INFO  CuratorFrameworkImpl:356 - Default schema
2020-09-06 09:18 INFO  ClientCnxn:947 - Socket connection established, initiating session, client: /192.168.99.1:51461, server: 192.168.99.100/192.168.99.100:2181
2020-09-06 09:18 DEBUG ClientCnxn:1015 - Session establishment request sent on 192.168.99.100/192.168.99.100:2181
2020-09-06 09:18 INFO  ClientCnxn:1381 - Session establishment complete on server 192.168.99.100/192.168.99.100:2181, sessionid = 0x100000d33eb000a, negotiated timeout = 40000
2020-09-06 09:18 DEBUG ConnectionState:177 - Negotiated session timeout: 40000
2020-09-06 09:18 INFO  ConnectionStateManager:251 - State change: CONNECTED
2020-09-06 09:18 DEBUG CuratorFrameworkImpl:1022 - Clearing sleep for 1 operations
2020-09-06 09:18 DEBUG ClientCnxn:911 - Reading reply sessionid:0x100000d33eb000a, packet:: clientPath:/zookeeper/config serverPath:/zookeeper/config finished:false header:: 1,4  replyHeader:: 1,48,0  request:: '/zookeeper/config,T  response:: ,s{0,0,0,0,0,0,-1,0,0,0,0} 
2020-09-06 09:18 DEBUG ClientCnxn:911 - Reading reply sessionid:0x100000d33eb000a, packet:: clientPath:/zookeeper/config serverPath:/zookeeper/config finished:false header:: 2,4  replyHeader:: 2,48,0  request:: '/zookeeper/config,T  response:: ,s{0,0,0,0,0,0,-1,0,0,0,0} 
2020-09-06 09:18 INFO  EnsembleTracker:201 - New config event received: {}
2020-09-06 09:18 DEBUG EnsembleTracker:219 - Ignoring new config as it is empty
2020-09-06 09:18 DEBUG ClientCnxn:911 - Reading reply sessionid:0x100000d33eb000a, packet:: clientPath:null serverPath:null finished:false header:: 3,15  replyHeader:: 3,49,-101  request:: '/node1/00001,#6a617661,v{s{31,s{'world,'anyone}}},1  response::  
2020-09-06 09:18 INFO  EnsembleTracker:201 - New config event received: {}
2020-09-06 09:18 DEBUG EnsembleTracker:219 - Ignoring new config as it is empty
2020-09-06 09:18 DEBUG ClientCnxn:911 - Reading reply sessionid:0x100000d33eb000a, packet:: clientPath:null serverPath:null finished:false header:: 4,3  replyHeader:: 4,49,-101  request:: '/node1,F  response::  
2020-09-06 09:18 DEBUG ClientCnxn:911 - Reading reply sessionid:0x100000d33eb000a, packet:: clientPath:null serverPath:null finished:false header:: 5,1  replyHeader:: 5,50,0  request:: '/node1,,v{s{31,s{'world,'anyone}}},0  response:: '/node1 
2020-09-06 09:18 DEBUG ClientCnxn:911 - Reading reply sessionid:0x100000d33eb000a, packet:: clientPath:null serverPath:null finished:false header:: 6,15  replyHeader:: 6,51,0  request:: '/node1/00001,#6a617661,v{s{31,s{'world,'anyone}}},1  response:: '/node1/00001,s{51,51,1599355100518,1599355100518,0,0,0,72057650743541770,4,0,51} 
2020-09-06 09:18 DEBUG ClientCnxn:911 - Reading reply sessionid:0x100000d33eb000a, packet:: clientPath:null serverPath:null finished:false header:: 7,4  replyHeader:: 7,51,0  request:: '/node1/00001,F  response:: #6a617661,s{51,51,1599355100518,1599355100518,0,0,0,72057650743541770,4,0,51} 
2020-09-06 09:18 DEBUG ClientCnxn:911 - Reading reply sessionid:0x100000d33eb000a, packet:: clientPath:null serverPath:null finished:false header:: 8,3  replyHeader:: 8,51,0  request:: '/node1,F  response:: s{50,50,1599355100514,1599355100514,0,1,0,0,0,1,51} 
2020-09-06 09:18 DEBUG ClientCnxn:911 - Reading reply sessionid:0x100000d33eb000a, packet:: clientPath:null serverPath:null finished:false header:: 9,3  replyHeader:: 9,51,-101  request:: '/node1/foo,F  response::  
2020-09-06 09:18 DEBUG ClientCnxn:911 - Reading reply sessionid:0x100000d33eb000a, packet:: clientPath:null serverPath:null finished:false header:: 10,5  replyHeader:: 10,52,0  request:: '/node1/00001,#632b2b,-1  response:: s{51,52,1599355100518,1599355100540,1,0,0,72057650743541770,3,0,51} 
2020-09-06 09:18 DEBUG ClientCnxn:911 - Reading reply sessionid:0x100000d33eb000a, packet:: clientPath:null serverPath:null finished:false header:: 11,3  replyHeader:: 11,52,0  request:: '/node1/00001,F  response:: s{51,52,1599355100518,1599355100540,1,0,0,72057650743541770,3,0,51} 
2020-09-06 09:18 DEBUG ClientCnxn:911 - Reading reply sessionid:0x100000d33eb000a, packet:: clientPath:/node1 serverPath:/node1 finished:false header:: 12,12  replyHeader:: 12,52,0  request:: '/node1,T  response:: v{'00001},s{50,50,1599355100514,1599355100514,0,1,0,0,0,1,51} 
2020-09-06 09:18 DEBUG ClientCnxn:911 - Reading reply sessionid:0x100000d33eb000a, packet:: clientPath:null serverPath:null finished:false header:: 13,12  replyHeader:: 13,52,0  request:: '/node1,F  response:: v{'00001},s{50,50,1599355100514,1599355100514,0,1,0,0,0,1,51} 
2020-09-06 09:18 DEBUG HelloServer:45 - [00001]
2020-09-06 09:18 DEBUG ClientCnxn:911 - Reading reply sessionid:0x100000d33eb000a, packet:: clientPath:/node1/00001 serverPath:/node1/00001 finished:false header:: 14,4  replyHeader:: 14,52,0  request:: '/node1/00001,T  response:: #632b2b,s{51,52,1599355100518,1599355100540,1,0,0,72057650743541770,3,0,51} 
2020-09-06 09:18 DEBUG ClientCnxn:911 - Reading reply sessionid:0x100000d33eb000a, packet:: clientPath:null serverPath:null finished:false header:: 15,2  replyHeader:: 15,53,-111  request:: '/node1,-1  response:: null
2020-09-06 09:18 DEBUG ClientCnxn:911 - Reading reply sessionid:0x100000d33eb000a, packet:: clientPath:null serverPath:null finished:false header:: 16,8  replyHeader:: 16,53,0  request:: '/node1,F  response:: v{'00001} 
2020-09-06 09:18 DEBUG ClientCnxn:911 - Reading reply sessionid:0x100000d33eb000a, packet:: clientPath:null serverPath:null finished:false header:: 17,8  replyHeader:: 17,53,0  request:: '/node1/00001,F  response:: v{} 
2020-09-06 09:18 DEBUG ClientCnxn:834 - Got notification sessionid:0x100000d33eb000a
2020-09-06 09:18 DEBUG ClientCnxn:856 - Got WatchedEvent state:SyncConnected type:NodeDeleted path:/node1/00001 for sessionid 0x100000d33eb000a
2020-09-06 09:18 DEBUG ClientCnxn:834 - Got notification sessionid:0x100000d33eb000a
2020-09-06 09:18 DEBUG ClientCnxn:856 - Got WatchedEvent state:SyncConnected type:NodeChildrenChanged path:/node1 for sessionid 0x100000d33eb000a
2020-09-06 09:18 DEBUG ClientCnxn:911 - Reading reply sessionid:0x100000d33eb000a, packet:: clientPath:null serverPath:null finished:false header:: 18,2  replyHeader:: 18,54,0  request:: '/node1/00001,-1  response:: null
2020-09-06 09:18 DEBUG ClientCnxn:911 - Reading reply sessionid:0x100000d33eb000a, packet:: clientPath:/node1 serverPath:/node1 finished:false header:: 19,12  replyHeader:: 19,54,0  request:: '/node1,T  response:: v{},s{50,50,1599355100514,1599355100514,0,2,0,0,0,0,54} 
2020-09-06 09:18 DEBUG ClientCnxn:834 - Got notification sessionid:0x100000d33eb000a
2020-09-06 09:18 DEBUG ClientCnxn:856 - Got WatchedEvent state:SyncConnected type:NodeDeleted path:/node1 for sessionid 0x100000d33eb000a
2020-09-06 09:18 DEBUG ClientCnxn:911 - Reading reply sessionid:0x100000d33eb000a, packet:: clientPath:null serverPath:null finished:false header:: 20,2  replyHeader:: 20,55,0  request:: '/node1,-1  response:: null
2020-09-06 09:18 DEBUG ClientCnxn:911 - Reading reply sessionid:0x100000d33eb000a, packet:: clientPath:/node1 serverPath:/node1 finished:false header:: 21,12  replyHeader:: 21,55,-101  request:: '/node1,T  response:: v{} 
2020-09-06 09:22 INFO  ZooKeeper:109 - Client environment:zookeeper.version=3.5.4-beta-7f51e5b68cf2f80176ff944a9ebd2abbc65e7327, built on 05/11/2018 16:27 GMT
2020-09-06 09:22 INFO  ZooKeeper:109 - Client environment:host.name=DESKTOP-JVNO40K
2020-09-06 09:22 INFO  ZooKeeper:109 - Client environment:java.version=14.0.2
2020-09-06 09:22 INFO  ZooKeeper:109 - Client environment:java.vendor=Oracle Corporation
2020-09-06 09:22 INFO  ZooKeeper:109 - Client environment:java.home=C:\Users\tomoy\.jdks\openjdk-14.0.2
2020-09-06 09:22 INFO  ZooKeeper:109 - Client environment:java.class.path=C:\Users\tomoy\IdeaProjects\tomoya\target\classes;C:\Users\tomoy\.m2\repository\org\slf4j\slf4j-log4j12\1.7.25\slf4j-log4j12-1.7.25.jar;C:\Users\tomoy\.m2\repository\org\slf4j\slf4j-api\1.7.25\slf4j-api-1.7.25.jar;C:\Users\tomoy\.m2\repository\log4j\log4j\1.2.17\log4j-1.2.17.jar;C:\Users\tomoy\.m2\repository\org\projectlombok\lombok\1.18.8\lombok-1.18.8.jar;C:\Users\tomoy\.m2\repository\com\esotericsoftware\kryo\4.0.2\kryo-4.0.2.jar;C:\Users\tomoy\.m2\repository\com\esotericsoftware\reflectasm\1.11.3\reflectasm-1.11.3.jar;C:\Users\tomoy\.m2\repository\com\esotericsoftware\minlog\1.3.0\minlog-1.3.0.jar;C:\Users\tomoy\.m2\repository\org\objenesis\objenesis\2.5.1\objenesis-2.5.1.jar;C:\Users\tomoy\.m2\repository\io\netty\netty-all\4.1.25.Final\netty-all-4.1.25.Final.jar;C:\Users\tomoy\.m2\repository\cglib\cglib\3.3.0\cglib-3.3.0.jar;C:\Users\tomoy\.m2\repository\org\ow2\asm\asm\7.1\asm-7.1.jar;C:\Users\tomoy\.m2\repository\org\apache\curator\curator-framework\4.2.0\curator-framework-4.2.0.jar;C:\Users\tomoy\.m2\repository\org\apache\curator\curator-client\4.2.0\curator-client-4.2.0.jar;C:\Users\tomoy\.m2\repository\org\apache\zookeeper\zookeeper\3.5.4-beta\zookeeper-3.5.4-beta.jar;C:\Users\tomoy\.m2\repository\commons-cli\commons-cli\1.2\commons-cli-1.2.jar;C:\Users\tomoy\.m2\repository\org\apache\yetus\audience-annotations\0.5.0\audience-annotations-0.5.0.jar;C:\Users\tomoy\.m2\repository\io\netty\netty\3.10.6.Final\netty-3.10.6.Final.jar;C:\Users\tomoy\.m2\repository\com\google\guava\guava\27.0.1-jre\guava-27.0.1-jre.jar;C:\Users\tomoy\.m2\repository\com\google\guava\failureaccess\1.0.1\failureaccess-1.0.1.jar;C:\Users\tomoy\.m2\repository\com\google\guava\listenablefuture\9999.0-empty-to-avoid-conflict-with-guava\listenablefuture-9999.0-empty-to-avoid-conflict-with-guava.jar;C:\Users\tomoy\.m2\repository\com\google\code\findbugs\jsr305\3.0.2\jsr305-3.0.2.jar;C:\Users\tomoy\.m2\repository\org\checkerframework\checker-qual\2.5.2\checker-qual-2.5.2.jar;C:\Users\tomoy\.m2\repository\com\google\errorprone\error_prone_annotations\2.2.0\error_prone_annotations-2.2.0.jar;C:\Users\tomoy\.m2\repository\com\google\j2objc\j2objc-annotations\1.1\j2objc-annotations-1.1.jar;C:\Users\tomoy\.m2\repository\org\codehaus\mojo\animal-sniffer-annotations\1.17\animal-sniffer-annotations-1.17.jar;C:\Users\tomoy\.m2\repository\org\apache\curator\curator-recipes\4.2.0\curator-recipes-4.2.0.jar
2020-09-06 09:22 INFO  ZooKeeper:109 - Client environment:java.library.path=C:\Users\tomoy\.jdks\openjdk-14.0.2\bin;C:\Windows\Sun\Java\bin;C:\Windows\system32;C:\Windows;C:\Program Files (x86)\Common Files\Oracle\Java\javapath;C:\Windows\system32;C:\Windows;C:\Windows\System32\Wbem;C:\Windows\System32\WindowsPowerShell\v1.0\;C:\Windows\System32\OpenSSH\;C:\Users\tomoy\AppData\Local\Microsoft\WindowsApps;C:\Program Files\Bandizip\;C:\Users\tomoy\AppData\Local\Programs\Microsoft VS Code\bin;.
2020-09-06 09:22 INFO  ZooKeeper:109 - Client environment:java.io.tmpdir=C:\Users\tomoy\AppData\Local\Temp\
2020-09-06 09:22 INFO  ZooKeeper:109 - Client environment:java.compiler=<NA>
2020-09-06 09:22 INFO  ZooKeeper:109 - Client environment:os.name=Windows 10
2020-09-06 09:22 INFO  ZooKeeper:109 - Client environment:os.arch=amd64
2020-09-06 09:22 INFO  ZooKeeper:109 - Client environment:os.version=10.0
2020-09-06 09:22 INFO  ZooKeeper:109 - Client environment:user.name=tomoya
2020-09-06 09:22 INFO  ZooKeeper:109 - Client environment:user.home=C:\Users\tomoy
2020-09-06 09:22 INFO  ZooKeeper:109 - Client environment:user.dir=C:\Users\tomoy\IdeaProjects\tomoya
2020-09-06 09:22 INFO  ZooKeeper:109 - Client environment:os.memory.free=117MB
2020-09-06 09:22 INFO  ZooKeeper:109 - Client environment:os.memory.max=2020MB
2020-09-06 09:22 INFO  ZooKeeper:109 - Client environment:os.memory.total=128MB
2020-09-06 09:22 INFO  Compatibility:61 - Using emulated InjectSessionExpiration
2020-09-06 09:22 INFO  CuratorFrameworkImpl:308 - Starting
2020-09-06 09:22 DEBUG CuratorZookeeperClient:230 - Starting
2020-09-06 09:22 DEBUG ConnectionState:109 - Starting
2020-09-06 09:22 DEBUG ConnectionState:197 - reset
2020-09-06 09:22 INFO  ZooKeeper:868 - Initiating client connection, connectString=192.168.99.100:2181 sessionTimeout=60000 watcher=org.apache.curator.ConnectionState@1990a65e
2020-09-06 09:22 INFO  ClientCnxnSocket:236 - jute.maxbuffer value is 4194304 Bytes
2020-09-06 09:22 INFO  ClientCnxn:1106 - Opening socket connection to server 192.168.99.100/192.168.99.100:2181. Will not attempt to authenticate using SASL (unknown error)
2020-09-06 09:22 INFO  CuratorFrameworkImpl:356 - Default schema
2020-09-06 09:22 INFO  ClientCnxn:947 - Socket connection established, initiating session, client: /192.168.99.1:51593, server: 192.168.99.100/192.168.99.100:2181
2020-09-06 09:22 DEBUG ClientCnxn:1015 - Session establishment request sent on 192.168.99.100/192.168.99.100:2181
2020-09-06 09:22 INFO  ClientCnxn:1381 - Session establishment complete on server 192.168.99.100/192.168.99.100:2181, sessionid = 0x100000d33eb000b, negotiated timeout = 40000
2020-09-06 09:22 DEBUG ConnectionState:177 - Negotiated session timeout: 40000
2020-09-06 09:22 INFO  ConnectionStateManager:251 - State change: CONNECTED
2020-09-06 09:22 DEBUG CuratorFrameworkImpl:1022 - Clearing sleep for 1 operations
2020-09-06 09:22 DEBUG ClientCnxn:911 - Reading reply sessionid:0x100000d33eb000b, packet:: clientPath:/zookeeper/config serverPath:/zookeeper/config finished:false header:: 1,4  replyHeader:: 1,57,0  request:: '/zookeeper/config,T  response:: ,s{0,0,0,0,0,0,-1,0,0,0,0} 
2020-09-06 09:22 DEBUG ClientCnxn:911 - Reading reply sessionid:0x100000d33eb000b, packet:: clientPath:/zookeeper/config serverPath:/zookeeper/config finished:false header:: 2,4  replyHeader:: 2,57,0  request:: '/zookeeper/config,T  response:: ,s{0,0,0,0,0,0,-1,0,0,0,0} 
2020-09-06 09:22 INFO  EnsembleTracker:201 - New config event received: {}
2020-09-06 09:22 DEBUG EnsembleTracker:219 - Ignoring new config as it is empty
2020-09-06 09:22 INFO  EnsembleTracker:201 - New config event received: {}
2020-09-06 09:22 DEBUG EnsembleTracker:219 - Ignoring new config as it is empty
2020-09-06 09:22 DEBUG ClientCnxn:911 - Reading reply sessionid:0x100000d33eb000b, packet:: clientPath:null serverPath:null finished:false header:: 3,15  replyHeader:: 3,58,-101  request:: '/node1/00001,#6a617661,v{s{31,s{'world,'anyone}}},1  response::  
2020-09-06 09:22 DEBUG ClientCnxn:911 - Reading reply sessionid:0x100000d33eb000b, packet:: clientPath:null serverPath:null finished:false header:: 4,3  replyHeader:: 4,58,-101  request:: '/node1,F  response::  
2020-09-06 09:22 DEBUG ClientCnxn:911 - Reading reply sessionid:0x100000d33eb000b, packet:: clientPath:null serverPath:null finished:false header:: 5,1  replyHeader:: 5,59,0  request:: '/node1,,v{s{31,s{'world,'anyone}}},0  response:: '/node1 
2020-09-06 09:22 DEBUG ClientCnxn:911 - Reading reply sessionid:0x100000d33eb000b, packet:: clientPath:null serverPath:null finished:false header:: 6,15  replyHeader:: 6,60,0  request:: '/node1/00001,#6a617661,v{s{31,s{'world,'anyone}}},1  response:: '/node1/00001,s{60,60,1599355325538,1599355325538,0,0,0,72057650743541771,4,0,60} 
2020-09-06 09:22 DEBUG ClientCnxn:911 - Reading reply sessionid:0x100000d33eb000b, packet:: clientPath:null serverPath:null finished:false header:: 7,4  replyHeader:: 7,60,0  request:: '/node1/00001,F  response:: #6a617661,s{60,60,1599355325538,1599355325538,0,0,0,72057650743541771,4,0,60} 
2020-09-06 09:22 DEBUG ClientCnxn:911 - Reading reply sessionid:0x100000d33eb000b, packet:: clientPath:null serverPath:null finished:false header:: 8,3  replyHeader:: 8,60,0  request:: '/node1,F  response:: s{59,59,1599355325535,1599355325535,0,1,0,0,0,1,60} 
2020-09-06 09:22 DEBUG ClientCnxn:911 - Reading reply sessionid:0x100000d33eb000b, packet:: clientPath:null serverPath:null finished:false header:: 9,3  replyHeader:: 9,60,-101  request:: '/node1/foo,F  response::  
2020-09-06 09:22 DEBUG ClientCnxn:911 - Reading reply sessionid:0x100000d33eb000b, packet:: clientPath:null serverPath:null finished:false header:: 10,5  replyHeader:: 10,61,0  request:: '/node1/00001,#632b2b,-1  response:: s{60,61,1599355325538,1599355325560,1,0,0,72057650743541771,3,0,60} 
2020-09-06 09:22 DEBUG ClientCnxn:911 - Reading reply sessionid:0x100000d33eb000b, packet:: clientPath:null serverPath:null finished:false header:: 11,4  replyHeader:: 11,61,0  request:: '/node1/00001,F  response:: #632b2b,s{60,61,1599355325538,1599355325560,1,0,0,72057650743541771,3,0,60} 
2020-09-06 09:22 DEBUG ClientCnxn:911 - Reading reply sessionid:0x100000d33eb000b, packet:: clientPath:/node1 serverPath:/node1 finished:false header:: 12,12  replyHeader:: 12,61,0  request:: '/node1,T  response:: v{'00001},s{59,59,1599355325535,1599355325535,0,1,0,0,0,1,60} 
2020-09-06 09:22 DEBUG ClientCnxn:911 - Reading reply sessionid:0x100000d33eb000b, packet:: clientPath:null serverPath:null finished:false header:: 13,3  replyHeader:: 13,61,0  request:: '/node1/00001,F  response:: s{60,61,1599355325538,1599355325560,1,0,0,72057650743541771,3,0,60} 
2020-09-06 09:22 DEBUG ClientCnxn:911 - Reading reply sessionid:0x100000d33eb000b, packet:: clientPath:null serverPath:null finished:false header:: 14,12  replyHeader:: 14,61,0  request:: '/node1,F  response:: v{'00001},s{59,59,1599355325535,1599355325535,0,1,0,0,0,1,60} 
2020-09-06 09:22 DEBUG ClientCnxn:911 - Reading reply sessionid:0x100000d33eb000b, packet:: clientPath:/node1/00001 serverPath:/node1/00001 finished:false header:: 15,4  replyHeader:: 15,61,0  request:: '/node1/00001,T  response:: #632b2b,s{60,61,1599355325538,1599355325560,1,0,0,72057650743541771,3,0,60} 
2020-09-06 09:22 DEBUG ClientCnxn:911 - Reading reply sessionid:0x100000d33eb000b, packet:: clientPath:null serverPath:null finished:false header:: 16,2  replyHeader:: 16,62,-111  request:: '/node1,-1  response:: null
2020-09-06 09:22 DEBUG ClientCnxn:911 - Reading reply sessionid:0x100000d33eb000b, packet:: clientPath:null serverPath:null finished:false header:: 17,8  replyHeader:: 17,62,0  request:: '/node1,F  response:: v{'00001} 
2020-09-06 09:22 DEBUG ClientCnxn:911 - Reading reply sessionid:0x100000d33eb000b, packet:: clientPath:null serverPath:null finished:false header:: 18,8  replyHeader:: 18,62,0  request:: '/node1/00001,F  response:: v{} 
2020-09-06 09:22 DEBUG ClientCnxn:834 - Got notification sessionid:0x100000d33eb000b
2020-09-06 09:22 DEBUG ClientCnxn:856 - Got WatchedEvent state:SyncConnected type:NodeDeleted path:/node1/00001 for sessionid 0x100000d33eb000b
2020-09-06 09:22 DEBUG ClientCnxn:834 - Got notification sessionid:0x100000d33eb000b
2020-09-06 09:22 DEBUG ClientCnxn:856 - Got WatchedEvent state:SyncConnected type:NodeChildrenChanged path:/node1 for sessionid 0x100000d33eb000b
2020-09-06 09:22 DEBUG ClientCnxn:911 - Reading reply sessionid:0x100000d33eb000b, packet:: clientPath:null serverPath:null finished:false header:: 19,2  replyHeader:: 19,63,0  request:: '/node1/00001,-1  response:: null
2020-09-06 09:22 DEBUG ClientCnxn:911 - Reading reply sessionid:0x100000d33eb000b, packet:: clientPath:/node1 serverPath:/node1 finished:false header:: 20,12  replyHeader:: 20,63,0  request:: '/node1,T  response:: v{},s{59,59,1599355325535,1599355325535,0,2,0,0,0,0,63} 
2020-09-06 09:22 DEBUG ClientCnxn:834 - Got notification sessionid:0x100000d33eb000b
2020-09-06 09:22 DEBUG ClientCnxn:856 - Got WatchedEvent state:SyncConnected type:NodeDeleted path:/node1 for sessionid 0x100000d33eb000b
2020-09-06 09:22 DEBUG ClientCnxn:911 - Reading reply sessionid:0x100000d33eb000b, packet:: clientPath:null serverPath:null finished:false header:: 21,2  replyHeader:: 21,64,0  request:: '/node1,-1  response:: null
2020-09-06 09:23 INFO  ZooKeeper:109 - Client environment:zookeeper.version=3.5.4-beta-7f51e5b68cf2f80176ff944a9ebd2abbc65e7327, built on 05/11/2018 16:27 GMT
2020-09-06 09:23 INFO  ZooKeeper:109 - Client environment:host.name=DESKTOP-JVNO40K
2020-09-06 09:23 INFO  ZooKeeper:109 - Client environment:java.version=14.0.2
2020-09-06 09:23 INFO  ZooKeeper:109 - Client environment:java.vendor=Oracle Corporation
2020-09-06 09:23 INFO  ZooKeeper:109 - Client environment:java.home=C:\Users\tomoy\.jdks\openjdk-14.0.2
2020-09-06 09:23 INFO  ZooKeeper:109 - Client environment:java.class.path=C:\Users\tomoy\IdeaProjects\tomoya\target\classes;C:\Users\tomoy\.m2\repository\org\slf4j\slf4j-log4j12\1.7.25\slf4j-log4j12-1.7.25.jar;C:\Users\tomoy\.m2\repository\org\slf4j\slf4j-api\1.7.25\slf4j-api-1.7.25.jar;C:\Users\tomoy\.m2\repository\log4j\log4j\1.2.17\log4j-1.2.17.jar;C:\Users\tomoy\.m2\repository\org\projectlombok\lombok\1.18.8\lombok-1.18.8.jar;C:\Users\tomoy\.m2\repository\com\esotericsoftware\kryo\4.0.2\kryo-4.0.2.jar;C:\Users\tomoy\.m2\repository\com\esotericsoftware\reflectasm\1.11.3\reflectasm-1.11.3.jar;C:\Users\tomoy\.m2\repository\com\esotericsoftware\minlog\1.3.0\minlog-1.3.0.jar;C:\Users\tomoy\.m2\repository\org\objenesis\objenesis\2.5.1\objenesis-2.5.1.jar;C:\Users\tomoy\.m2\repository\io\netty\netty-all\4.1.25.Final\netty-all-4.1.25.Final.jar;C:\Users\tomoy\.m2\repository\cglib\cglib\3.3.0\cglib-3.3.0.jar;C:\Users\tomoy\.m2\repository\org\ow2\asm\asm\7.1\asm-7.1.jar;C:\Users\tomoy\.m2\repository\org\apache\curator\curator-framework\4.2.0\curator-framework-4.2.0.jar;C:\Users\tomoy\.m2\repository\org\apache\curator\curator-client\4.2.0\curator-client-4.2.0.jar;C:\Users\tomoy\.m2\repository\org\apache\zookeeper\zookeeper\3.5.4-beta\zookeeper-3.5.4-beta.jar;C:\Users\tomoy\.m2\repository\commons-cli\commons-cli\1.2\commons-cli-1.2.jar;C:\Users\tomoy\.m2\repository\org\apache\yetus\audience-annotations\0.5.0\audience-annotations-0.5.0.jar;C:\Users\tomoy\.m2\repository\io\netty\netty\3.10.6.Final\netty-3.10.6.Final.jar;C:\Users\tomoy\.m2\repository\com\google\guava\guava\27.0.1-jre\guava-27.0.1-jre.jar;C:\Users\tomoy\.m2\repository\com\google\guava\failureaccess\1.0.1\failureaccess-1.0.1.jar;C:\Users\tomoy\.m2\repository\com\google\guava\listenablefuture\9999.0-empty-to-avoid-conflict-with-guava\listenablefuture-9999.0-empty-to-avoid-conflict-with-guava.jar;C:\Users\tomoy\.m2\repository\com\google\code\findbugs\jsr305\3.0.2\jsr305-3.0.2.jar;C:\Users\tomoy\.m2\repository\org\checkerframework\checker-qual\2.5.2\checker-qual-2.5.2.jar;C:\Users\tomoy\.m2\repository\com\google\errorprone\error_prone_annotations\2.2.0\error_prone_annotations-2.2.0.jar;C:\Users\tomoy\.m2\repository\com\google\j2objc\j2objc-annotations\1.1\j2objc-annotations-1.1.jar;C:\Users\tomoy\.m2\repository\org\codehaus\mojo\animal-sniffer-annotations\1.17\animal-sniffer-annotations-1.17.jar;C:\Users\tomoy\.m2\repository\org\apache\curator\curator-recipes\4.2.0\curator-recipes-4.2.0.jar
2020-09-06 09:23 INFO  ZooKeeper:109 - Client environment:java.library.path=C:\Users\tomoy\.jdks\openjdk-14.0.2\bin;C:\Windows\Sun\Java\bin;C:\Windows\system32;C:\Windows;C:\Program Files (x86)\Common Files\Oracle\Java\javapath;C:\Windows\system32;C:\Windows;C:\Windows\System32\Wbem;C:\Windows\System32\WindowsPowerShell\v1.0\;C:\Windows\System32\OpenSSH\;C:\Users\tomoy\AppData\Local\Microsoft\WindowsApps;C:\Program Files\Bandizip\;C:\Users\tomoy\AppData\Local\Programs\Microsoft VS Code\bin;.
2020-09-06 09:23 INFO  ZooKeeper:109 - Client environment:java.io.tmpdir=C:\Users\tomoy\AppData\Local\Temp\
2020-09-06 09:23 INFO  ZooKeeper:109 - Client environment:java.compiler=<NA>
2020-09-06 09:23 INFO  ZooKeeper:109 - Client environment:os.name=Windows 10
2020-09-06 09:23 INFO  ZooKeeper:109 - Client environment:os.arch=amd64
2020-09-06 09:23 INFO  ZooKeeper:109 - Client environment:os.version=10.0
2020-09-06 09:23 INFO  ZooKeeper:109 - Client environment:user.name=tomoya
2020-09-06 09:23 INFO  ZooKeeper:109 - Client environment:user.home=C:\Users\tomoy
2020-09-06 09:23 INFO  ZooKeeper:109 - Client environment:user.dir=C:\Users\tomoy\IdeaProjects\tomoya
2020-09-06 09:23 INFO  ZooKeeper:109 - Client environment:os.memory.free=117MB
2020-09-06 09:23 INFO  ZooKeeper:109 - Client environment:os.memory.max=2020MB
2020-09-06 09:23 INFO  ZooKeeper:109 - Client environment:os.memory.total=128MB
2020-09-06 09:23 INFO  Compatibility:61 - Using emulated InjectSessionExpiration
2020-09-06 09:23 INFO  CuratorFrameworkImpl:308 - Starting
2020-09-06 09:23 DEBUG CuratorZookeeperClient:230 - Starting
2020-09-06 09:23 DEBUG ConnectionState:109 - Starting
2020-09-06 09:23 DEBUG ConnectionState:197 - reset
2020-09-06 09:23 INFO  ZooKeeper:868 - Initiating client connection, connectString=192.168.99.100:2181 sessionTimeout=60000 watcher=org.apache.curator.ConnectionState@1990a65e
2020-09-06 09:23 INFO  ClientCnxnSocket:236 - jute.maxbuffer value is 4194304 Bytes
2020-09-06 09:23 INFO  ClientCnxn:1106 - Opening socket connection to server 192.168.99.100/192.168.99.100:2181. Will not attempt to authenticate using SASL (unknown error)
2020-09-06 09:23 INFO  CuratorFrameworkImpl:356 - Default schema
2020-09-06 09:23 INFO  ClientCnxn:947 - Socket connection established, initiating session, client: /192.168.99.1:51637, server: 192.168.99.100/192.168.99.100:2181
2020-09-06 09:23 DEBUG ClientCnxn:1015 - Session establishment request sent on 192.168.99.100/192.168.99.100:2181
2020-09-06 09:23 INFO  ClientCnxn:1381 - Session establishment complete on server 192.168.99.100/192.168.99.100:2181, sessionid = 0x100000d33eb000c, negotiated timeout = 40000
2020-09-06 09:23 DEBUG ConnectionState:177 - Negotiated session timeout: 40000
2020-09-06 09:23 INFO  ConnectionStateManager:251 - State change: CONNECTED
2020-09-06 09:23 DEBUG CuratorFrameworkImpl:1022 - Clearing sleep for 1 operations
2020-09-06 09:23 DEBUG ClientCnxn:911 - Reading reply sessionid:0x100000d33eb000c, packet:: clientPath:/zookeeper/config serverPath:/zookeeper/config finished:false header:: 1,4  replyHeader:: 1,66,0  request:: '/zookeeper/config,T  response:: ,s{0,0,0,0,0,0,-1,0,0,0,0} 
2020-09-06 09:23 DEBUG ClientCnxn:911 - Reading reply sessionid:0x100000d33eb000c, packet:: clientPath:/zookeeper/config serverPath:/zookeeper/config finished:false header:: 2,4  replyHeader:: 2,66,0  request:: '/zookeeper/config,T  response:: ,s{0,0,0,0,0,0,-1,0,0,0,0} 
2020-09-06 09:23 INFO  EnsembleTracker:201 - New config event received: {}
2020-09-06 09:23 DEBUG EnsembleTracker:219 - Ignoring new config as it is empty
2020-09-06 09:23 DEBUG ClientCnxn:911 - Reading reply sessionid:0x100000d33eb000c, packet:: clientPath:null serverPath:null finished:false header:: 3,15  replyHeader:: 3,67,-101  request:: '/node1/00001,#6a617661,v{s{31,s{'world,'anyone}}},1  response::  
2020-09-06 09:23 INFO  EnsembleTracker:201 - New config event received: {}
2020-09-06 09:23 DEBUG EnsembleTracker:219 - Ignoring new config as it is empty
2020-09-06 09:23 DEBUG ClientCnxn:911 - Reading reply sessionid:0x100000d33eb000c, packet:: clientPath:null serverPath:null finished:false header:: 4,3  replyHeader:: 4,67,-101  request:: '/node1,F  response::  
2020-09-06 09:23 DEBUG ClientCnxn:911 - Reading reply sessionid:0x100000d33eb000c, packet:: clientPath:null serverPath:null finished:false header:: 5,1  replyHeader:: 5,68,0  request:: '/node1,,v{s{31,s{'world,'anyone}}},0  response:: '/node1 
2020-09-06 09:23 DEBUG ClientCnxn:911 - Reading reply sessionid:0x100000d33eb000c, packet:: clientPath:null serverPath:null finished:false header:: 6,15  replyHeader:: 6,69,0  request:: '/node1/00001,#6a617661,v{s{31,s{'world,'anyone}}},1  response:: '/node1/00001,s{69,69,1599355386907,1599355386907,0,0,0,72057650743541772,4,0,69} 
2020-09-06 09:23 DEBUG ClientCnxn:911 - Reading reply sessionid:0x100000d33eb000c, packet:: clientPath:null serverPath:null finished:false header:: 7,4  replyHeader:: 7,69,0  request:: '/node1/00001,F  response:: #6a617661,s{69,69,1599355386907,1599355386907,0,0,0,72057650743541772,4,0,69} 
2020-09-06 09:23 DEBUG ClientCnxn:911 - Reading reply sessionid:0x100000d33eb000c, packet:: clientPath:null serverPath:null finished:false header:: 8,3  replyHeader:: 8,69,0  request:: '/node1,F  response:: s{68,68,1599355386904,1599355386904,0,1,0,0,0,1,69} 
2020-09-06 09:23 DEBUG ClientCnxn:911 - Reading reply sessionid:0x100000d33eb000c, packet:: clientPath:null serverPath:null finished:false header:: 9,3  replyHeader:: 9,69,-101  request:: '/node1/foo,F  response::  
2020-09-06 09:23 DEBUG ClientCnxn:911 - Reading reply sessionid:0x100000d33eb000c, packet:: clientPath:null serverPath:null finished:false header:: 10,5  replyHeader:: 10,70,0  request:: '/node1/00001,#632b2b,-1  response:: s{69,70,1599355386907,1599355386936,1,0,0,72057650743541772,3,0,69} 
2020-09-06 09:23 DEBUG ClientCnxn:911 - Reading reply sessionid:0x100000d33eb000c, packet:: clientPath:/node1 serverPath:/node1 finished:false header:: 11,12  replyHeader:: 11,70,0  request:: '/node1,T  response:: v{'00001},s{68,68,1599355386904,1599355386904,0,1,0,0,0,1,69} 
2020-09-06 09:23 DEBUG ClientCnxn:911 - Reading reply sessionid:0x100000d33eb000c, packet:: clientPath:null serverPath:null finished:false header:: 12,4  replyHeader:: 12,70,0  request:: '/node1/00001,F  response:: #632b2b,s{69,70,1599355386907,1599355386936,1,0,0,72057650743541772,3,0,69} 
2020-09-06 09:23 DEBUG ClientCnxn:911 - Reading reply sessionid:0x100000d33eb000c, packet:: clientPath:null serverPath:null finished:false header:: 13,3  replyHeader:: 13,70,0  request:: '/node1/00001,F  response:: s{69,70,1599355386907,1599355386936,1,0,0,72057650743541772,3,0,69} 
2020-09-06 09:23 DEBUG ClientCnxn:911 - Reading reply sessionid:0x100000d33eb000c, packet:: clientPath:/node1/00001 serverPath:/node1/00001 finished:false header:: 14,4  replyHeader:: 14,70,0  request:: '/node1/00001,T  response:: #632b2b,s{69,70,1599355386907,1599355386936,1,0,0,72057650743541772,3,0,69} 
2020-09-06 09:23 DEBUG ClientCnxn:911 - Reading reply sessionid:0x100000d33eb000c, packet:: clientPath:null serverPath:null finished:false header:: 15,12  replyHeader:: 15,70,0  request:: '/node1,F  response:: v{'00001},s{68,68,1599355386904,1599355386904,0,1,0,0,0,1,69} 
2020-09-06 09:23 DEBUG ClientCnxn:911 - Reading reply sessionid:0x100000d33eb000c, packet:: clientPath:null serverPath:null finished:false header:: 16,2  replyHeader:: 16,71,-111  request:: '/node1,-1  response:: null
2020-09-06 09:23 DEBUG ClientCnxn:911 - Reading reply sessionid:0x100000d33eb000c, packet:: clientPath:null serverPath:null finished:false header:: 17,8  replyHeader:: 17,71,0  request:: '/node1,F  response:: v{'00001} 
2020-09-06 09:23 DEBUG ClientCnxn:911 - Reading reply sessionid:0x100000d33eb000c, packet:: clientPath:null serverPath:null finished:false header:: 18,8  replyHeader:: 18,71,0  request:: '/node1/00001,F  response:: v{} 
2020-09-06 09:23 DEBUG ClientCnxn:834 - Got notification sessionid:0x100000d33eb000c
2020-09-06 09:23 DEBUG ClientCnxn:856 - Got WatchedEvent state:SyncConnected type:NodeDeleted path:/node1/00001 for sessionid 0x100000d33eb000c
2020-09-06 09:23 DEBUG ClientCnxn:834 - Got notification sessionid:0x100000d33eb000c
2020-09-06 09:23 DEBUG ClientCnxn:856 - Got WatchedEvent state:SyncConnected type:NodeChildrenChanged path:/node1 for sessionid 0x100000d33eb000c
2020-09-06 09:23 DEBUG ClientCnxn:911 - Reading reply sessionid:0x100000d33eb000c, packet:: clientPath:null serverPath:null finished:false header:: 19,2  replyHeader:: 19,72,0  request:: '/node1/00001,-1  response:: null
2020-09-06 09:23 DEBUG ClientCnxn:911 - Reading reply sessionid:0x100000d33eb000c, packet:: clientPath:/node1 serverPath:/node1 finished:false header:: 20,12  replyHeader:: 20,72,0  request:: '/node1,T  response:: v{},s{68,68,1599355386904,1599355386904,0,2,0,0,0,0,72} 
2020-09-06 09:23 DEBUG ClientCnxn:834 - Got notification sessionid:0x100000d33eb000c
2020-09-06 09:23 DEBUG ClientCnxn:856 - Got WatchedEvent state:SyncConnected type:NodeDeleted path:/node1 for sessionid 0x100000d33eb000c
2020-09-06 09:23 DEBUG ClientCnxn:911 - Reading reply sessionid:0x100000d33eb000c, packet:: clientPath:null serverPath:null finished:false header:: 21,2  replyHeader:: 21,73,0  request:: '/node1,-1  response:: null
2020-09-06 09:23 DEBUG ClientCnxn:911 - Reading reply sessionid:0x100000d33eb000c, packet:: clientPath:/node1 serverPath:/node1 finished:false header:: 22,12  replyHeader:: 22,73,-101  request:: '/node1,T  response:: v{} 
2020-09-06 09:24 INFO  ZooKeeper:109 - Client environment:zookeeper.version=3.5.4-beta-7f51e5b68cf2f80176ff944a9ebd2abbc65e7327, built on 05/11/2018 16:27 GMT
2020-09-06 09:24 INFO  ZooKeeper:109 - Client environment:host.name=DESKTOP-JVNO40K
2020-09-06 09:24 INFO  ZooKeeper:109 - Client environment:java.version=14.0.2
2020-09-06 09:24 INFO  ZooKeeper:109 - Client environment:java.vendor=Oracle Corporation
2020-09-06 09:24 INFO  ZooKeeper:109 - Client environment:java.home=C:\Users\tomoy\.jdks\openjdk-14.0.2
2020-09-06 09:24 INFO  ZooKeeper:109 - Client environment:java.class.path=C:\Users\tomoy\IdeaProjects\tomoya\target\classes;C:\Users\tomoy\.m2\repository\org\slf4j\slf4j-log4j12\1.7.25\slf4j-log4j12-1.7.25.jar;C:\Users\tomoy\.m2\repository\org\slf4j\slf4j-api\1.7.25\slf4j-api-1.7.25.jar;C:\Users\tomoy\.m2\repository\log4j\log4j\1.2.17\log4j-1.2.17.jar;C:\Users\tomoy\.m2\repository\org\projectlombok\lombok\1.18.8\lombok-1.18.8.jar;C:\Users\tomoy\.m2\repository\com\esotericsoftware\kryo\4.0.2\kryo-4.0.2.jar;C:\Users\tomoy\.m2\repository\com\esotericsoftware\reflectasm\1.11.3\reflectasm-1.11.3.jar;C:\Users\tomoy\.m2\repository\com\esotericsoftware\minlog\1.3.0\minlog-1.3.0.jar;C:\Users\tomoy\.m2\repository\org\objenesis\objenesis\2.5.1\objenesis-2.5.1.jar;C:\Users\tomoy\.m2\repository\io\netty\netty-all\4.1.25.Final\netty-all-4.1.25.Final.jar;C:\Users\tomoy\.m2\repository\cglib\cglib\3.3.0\cglib-3.3.0.jar;C:\Users\tomoy\.m2\repository\org\ow2\asm\asm\7.1\asm-7.1.jar;C:\Users\tomoy\.m2\repository\org\apache\curator\curator-framework\4.2.0\curator-framework-4.2.0.jar;C:\Users\tomoy\.m2\repository\org\apache\curator\curator-client\4.2.0\curator-client-4.2.0.jar;C:\Users\tomoy\.m2\repository\org\apache\zookeeper\zookeeper\3.5.4-beta\zookeeper-3.5.4-beta.jar;C:\Users\tomoy\.m2\repository\commons-cli\commons-cli\1.2\commons-cli-1.2.jar;C:\Users\tomoy\.m2\repository\org\apache\yetus\audience-annotations\0.5.0\audience-annotations-0.5.0.jar;C:\Users\tomoy\.m2\repository\io\netty\netty\3.10.6.Final\netty-3.10.6.Final.jar;C:\Users\tomoy\.m2\repository\com\google\guava\guava\27.0.1-jre\guava-27.0.1-jre.jar;C:\Users\tomoy\.m2\repository\com\google\guava\failureaccess\1.0.1\failureaccess-1.0.1.jar;C:\Users\tomoy\.m2\repository\com\google\guava\listenablefuture\9999.0-empty-to-avoid-conflict-with-guava\listenablefuture-9999.0-empty-to-avoid-conflict-with-guava.jar;C:\Users\tomoy\.m2\repository\com\google\code\findbugs\jsr305\3.0.2\jsr305-3.0.2.jar;C:\Users\tomoy\.m2\repository\org\checkerframework\checker-qual\2.5.2\checker-qual-2.5.2.jar;C:\Users\tomoy\.m2\repository\com\google\errorprone\error_prone_annotations\2.2.0\error_prone_annotations-2.2.0.jar;C:\Users\tomoy\.m2\repository\com\google\j2objc\j2objc-annotations\1.1\j2objc-annotations-1.1.jar;C:\Users\tomoy\.m2\repository\org\codehaus\mojo\animal-sniffer-annotations\1.17\animal-sniffer-annotations-1.17.jar;C:\Users\tomoy\.m2\repository\org\apache\curator\curator-recipes\4.2.0\curator-recipes-4.2.0.jar
2020-09-06 09:24 INFO  ZooKeeper:109 - Client environment:java.library.path=C:\Users\tomoy\.jdks\openjdk-14.0.2\bin;C:\Windows\Sun\Java\bin;C:\Windows\system32;C:\Windows;C:\Program Files (x86)\Common Files\Oracle\Java\javapath;C:\Windows\system32;C:\Windows;C:\Windows\System32\Wbem;C:\Windows\System32\WindowsPowerShell\v1.0\;C:\Windows\System32\OpenSSH\;C:\Users\tomoy\AppData\Local\Microsoft\WindowsApps;C:\Program Files\Bandizip\;C:\Users\tomoy\AppData\Local\Programs\Microsoft VS Code\bin;.
2020-09-06 09:24 INFO  ZooKeeper:109 - Client environment:java.io.tmpdir=C:\Users\tomoy\AppData\Local\Temp\
2020-09-06 09:24 INFO  ZooKeeper:109 - Client environment:java.compiler=<NA>
2020-09-06 09:24 INFO  ZooKeeper:109 - Client environment:os.name=Windows 10
2020-09-06 09:24 INFO  ZooKeeper:109 - Client environment:os.arch=amd64
2020-09-06 09:24 INFO  ZooKeeper:109 - Client environment:os.version=10.0
2020-09-06 09:24 INFO  ZooKeeper:109 - Client environment:user.name=tomoya
2020-09-06 09:24 INFO  ZooKeeper:109 - Client environment:user.home=C:\Users\tomoy
2020-09-06 09:24 INFO  ZooKeeper:109 - Client environment:user.dir=C:\Users\tomoy\IdeaProjects\tomoya
2020-09-06 09:24 INFO  ZooKeeper:109 - Client environment:os.memory.free=117MB
2020-09-06 09:24 INFO  ZooKeeper:109 - Client environment:os.memory.max=2020MB
2020-09-06 09:24 INFO  ZooKeeper:109 - Client environment:os.memory.total=128MB
2020-09-06 09:24 INFO  Compatibility:61 - Using emulated InjectSessionExpiration
2020-09-06 09:24 INFO  CuratorFrameworkImpl:308 - Starting
2020-09-06 09:24 DEBUG CuratorZookeeperClient:230 - Starting
2020-09-06 09:24 DEBUG ConnectionState:109 - Starting
2020-09-06 09:24 DEBUG ConnectionState:197 - reset
2020-09-06 09:24 INFO  ZooKeeper:868 - Initiating client connection, connectString=192.168.99.100:2181 sessionTimeout=60000 watcher=org.apache.curator.ConnectionState@1990a65e
2020-09-06 09:24 INFO  ClientCnxnSocket:236 - jute.maxbuffer value is 4194304 Bytes
2020-09-06 09:24 INFO  ClientCnxn:1106 - Opening socket connection to server 192.168.99.100/192.168.99.100:2181. Will not attempt to authenticate using SASL (unknown error)
2020-09-06 09:24 INFO  CuratorFrameworkImpl:356 - Default schema
2020-09-06 09:24 INFO  ClientCnxn:947 - Socket connection established, initiating session, client: /192.168.99.1:51654, server: 192.168.99.100/192.168.99.100:2181
2020-09-06 09:24 DEBUG ClientCnxn:1015 - Session establishment request sent on 192.168.99.100/192.168.99.100:2181
2020-09-06 09:24 INFO  ClientCnxn:1381 - Session establishment complete on server 192.168.99.100/192.168.99.100:2181, sessionid = 0x100000d33eb000d, negotiated timeout = 40000
2020-09-06 09:24 DEBUG ConnectionState:177 - Negotiated session timeout: 40000
2020-09-06 09:24 INFO  ConnectionStateManager:251 - State change: CONNECTED
2020-09-06 09:24 DEBUG CuratorFrameworkImpl:1022 - Clearing sleep for 1 operations
2020-09-06 09:24 DEBUG ClientCnxn:911 - Reading reply sessionid:0x100000d33eb000d, packet:: clientPath:/zookeeper/config serverPath:/zookeeper/config finished:false header:: 1,4  replyHeader:: 1,75,0  request:: '/zookeeper/config,T  response:: ,s{0,0,0,0,0,0,-1,0,0,0,0} 
2020-09-06 09:24 DEBUG ClientCnxn:911 - Reading reply sessionid:0x100000d33eb000d, packet:: clientPath:/zookeeper/config serverPath:/zookeeper/config finished:false header:: 2,4  replyHeader:: 2,75,0  request:: '/zookeeper/config,T  response:: ,s{0,0,0,0,0,0,-1,0,0,0,0} 
2020-09-06 09:24 INFO  EnsembleTracker:201 - New config event received: {}
2020-09-06 09:24 DEBUG EnsembleTracker:219 - Ignoring new config as it is empty
2020-09-06 09:24 INFO  EnsembleTracker:201 - New config event received: {}
2020-09-06 09:24 DEBUG EnsembleTracker:219 - Ignoring new config as it is empty
2020-09-06 09:24 DEBUG ClientCnxn:911 - Reading reply sessionid:0x100000d33eb000d, packet:: clientPath:null serverPath:null finished:false header:: 3,15  replyHeader:: 3,76,-101  request:: '/node1/00001,#6a617661,v{s{31,s{'world,'anyone}}},1  response::  
2020-09-06 09:24 DEBUG ClientCnxn:911 - Reading reply sessionid:0x100000d33eb000d, packet:: clientPath:null serverPath:null finished:false header:: 4,3  replyHeader:: 4,76,-101  request:: '/node1,F  response::  
2020-09-06 09:24 DEBUG ClientCnxn:911 - Reading reply sessionid:0x100000d33eb000d, packet:: clientPath:null serverPath:null finished:false header:: 5,1  replyHeader:: 5,77,0  request:: '/node1,,v{s{31,s{'world,'anyone}}},0  response:: '/node1 
2020-09-06 09:24 DEBUG ClientCnxn:911 - Reading reply sessionid:0x100000d33eb000d, packet:: clientPath:null serverPath:null finished:false header:: 6,15  replyHeader:: 6,78,0  request:: '/node1/00001,#6a617661,v{s{31,s{'world,'anyone}}},1  response:: '/node1/00001,s{78,78,1599355446873,1599355446873,0,0,0,72057650743541773,4,0,78} 
2020-09-06 09:24 DEBUG ClientCnxn:911 - Reading reply sessionid:0x100000d33eb000d, packet:: clientPath:null serverPath:null finished:false header:: 7,4  replyHeader:: 7,78,0  request:: '/node1/00001,F  response:: #6a617661,s{78,78,1599355446873,1599355446873,0,0,0,72057650743541773,4,0,78} 
2020-09-06 09:24 DEBUG ClientCnxn:911 - Reading reply sessionid:0x100000d33eb000d, packet:: clientPath:null serverPath:null finished:false header:: 8,3  replyHeader:: 8,78,0  request:: '/node1,F  response:: s{77,77,1599355446869,1599355446869,0,1,0,0,0,1,78} 
2020-09-06 09:24 DEBUG ClientCnxn:911 - Reading reply sessionid:0x100000d33eb000d, packet:: clientPath:null serverPath:null finished:false header:: 9,3  replyHeader:: 9,78,-101  request:: '/node1/foo,F  response::  
2020-09-06 09:24 DEBUG ClientCnxn:911 - Reading reply sessionid:0x100000d33eb000d, packet:: clientPath:null serverPath:null finished:false header:: 10,5  replyHeader:: 10,79,0  request:: '/node1/00001,#632b2b,-1  response:: s{78,79,1599355446873,1599355446893,1,0,0,72057650743541773,3,0,78} 
2020-09-06 09:24 DEBUG ClientCnxn:911 - Reading reply sessionid:0x100000d33eb000d, packet:: clientPath:null serverPath:null finished:false header:: 11,4  replyHeader:: 11,79,0  request:: '/node1/00001,F  response:: #632b2b,s{78,79,1599355446873,1599355446893,1,0,0,72057650743541773,3,0,78} 
2020-09-06 09:24 DEBUG ClientCnxn:911 - Reading reply sessionid:0x100000d33eb000d, packet:: clientPath:null serverPath:null finished:false header:: 12,3  replyHeader:: 12,79,0  request:: '/node1/00001,F  response:: s{78,79,1599355446873,1599355446893,1,0,0,72057650743541773,3,0,78} 
2020-09-06 09:24 DEBUG ClientCnxn:911 - Reading reply sessionid:0x100000d33eb000d, packet:: clientPath:/node1 serverPath:/node1 finished:false header:: 13,12  replyHeader:: 13,79,0  request:: '/node1,T  response:: v{'00001},s{77,77,1599355446869,1599355446869,0,1,0,0,0,1,78} 
2020-09-06 09:24 DEBUG ClientCnxn:911 - Reading reply sessionid:0x100000d33eb000d, packet:: clientPath:null serverPath:null finished:false header:: 14,12  replyHeader:: 14,79,0  request:: '/node1,F  response:: v{'00001},s{77,77,1599355446869,1599355446869,0,1,0,0,0,1,78} 
2020-09-06 09:24 DEBUG ClientCnxn:911 - Reading reply sessionid:0x100000d33eb000d, packet:: clientPath:/node1/00001 serverPath:/node1/00001 finished:false header:: 15,4  replyHeader:: 15,79,0  request:: '/node1/00001,T  response:: #632b2b,s{78,79,1599355446873,1599355446893,1,0,0,72057650743541773,3,0,78} 
2020-09-06 09:24 DEBUG ClientCnxn:911 - Reading reply sessionid:0x100000d33eb000d, packet:: clientPath:null serverPath:null finished:false header:: 16,2  replyHeader:: 16,80,-111  request:: '/node1,-1  response:: null
2020-09-06 09:24 DEBUG ClientCnxn:911 - Reading reply sessionid:0x100000d33eb000d, packet:: clientPath:null serverPath:null finished:false header:: 17,8  replyHeader:: 17,80,0  request:: '/node1,F  response:: v{'00001} 
2020-09-06 09:24 DEBUG ClientCnxn:911 - Reading reply sessionid:0x100000d33eb000d, packet:: clientPath:null serverPath:null finished:false header:: 18,8  replyHeader:: 18,80,0  request:: '/node1/00001,F  response:: v{} 
2020-09-06 09:24 DEBUG ClientCnxn:834 - Got notification sessionid:0x100000d33eb000d
2020-09-06 09:24 DEBUG ClientCnxn:856 - Got WatchedEvent state:SyncConnected type:NodeDeleted path:/node1/00001 for sessionid 0x100000d33eb000d
2020-09-06 09:24 DEBUG ClientCnxn:834 - Got notification sessionid:0x100000d33eb000d
2020-09-06 09:24 DEBUG ClientCnxn:856 - Got WatchedEvent state:SyncConnected type:NodeChildrenChanged path:/node1 for sessionid 0x100000d33eb000d
2020-09-06 09:24 DEBUG ClientCnxn:911 - Reading reply sessionid:0x100000d33eb000d, packet:: clientPath:null serverPath:null finished:false header:: 19,2  replyHeader:: 19,81,0  request:: '/node1/00001,-1  response:: null
2020-09-06 09:24 DEBUG ClientCnxn:911 - Reading reply sessionid:0x100000d33eb000d, packet:: clientPath:/node1 serverPath:/node1 finished:false header:: 20,12  replyHeader:: 20,81,0  request:: '/node1,T  response:: v{},s{77,77,1599355446869,1599355446869,0,2,0,0,0,0,81} 
2020-09-06 09:24 DEBUG ClientCnxn:834 - Got notification sessionid:0x100000d33eb000d
2020-09-06 09:24 DEBUG ClientCnxn:856 - Got WatchedEvent state:SyncConnected type:NodeDeleted path:/node1 for sessionid 0x100000d33eb000d
2020-09-06 09:24 DEBUG ClientCnxn:911 - Reading reply sessionid:0x100000d33eb000d, packet:: clientPath:null serverPath:null finished:false header:: 21,2  replyHeader:: 21,82,0  request:: '/node1,-1  response:: null
2020-09-06 09:51 INFO  ZooKeeper:109 - Client environment:zookeeper.version=3.5.4-beta-7f51e5b68cf2f80176ff944a9ebd2abbc65e7327, built on 05/11/2018 16:27 GMT
2020-09-06 09:51 INFO  ZooKeeper:109 - Client environment:host.name=DESKTOP-JVNO40K
2020-09-06 09:51 INFO  ZooKeeper:109 - Client environment:java.version=14.0.2
2020-09-06 09:51 INFO  ZooKeeper:109 - Client environment:java.vendor=Oracle Corporation
2020-09-06 09:51 INFO  ZooKeeper:109 - Client environment:java.home=C:\Users\tomoy\.jdks\openjdk-14.0.2
2020-09-06 09:51 INFO  ZooKeeper:109 - Client environment:java.class.path=C:\Users\tomoy\IdeaProjects\tomoya\target\classes;C:\Users\tomoy\.m2\repository\org\slf4j\slf4j-log4j12\1.7.25\slf4j-log4j12-1.7.25.jar;C:\Users\tomoy\.m2\repository\org\slf4j\slf4j-api\1.7.25\slf4j-api-1.7.25.jar;C:\Users\tomoy\.m2\repository\log4j\log4j\1.2.17\log4j-1.2.17.jar;C:\Users\tomoy\.m2\repository\org\projectlombok\lombok\1.18.8\lombok-1.18.8.jar;C:\Users\tomoy\.m2\repository\com\esotericsoftware\kryo\4.0.2\kryo-4.0.2.jar;C:\Users\tomoy\.m2\repository\com\esotericsoftware\reflectasm\1.11.3\reflectasm-1.11.3.jar;C:\Users\tomoy\.m2\repository\com\esotericsoftware\minlog\1.3.0\minlog-1.3.0.jar;C:\Users\tomoy\.m2\repository\org\objenesis\objenesis\2.5.1\objenesis-2.5.1.jar;C:\Users\tomoy\.m2\repository\io\netty\netty-all\4.1.25.Final\netty-all-4.1.25.Final.jar;C:\Users\tomoy\.m2\repository\cglib\cglib\3.3.0\cglib-3.3.0.jar;C:\Users\tomoy\.m2\repository\org\ow2\asm\asm\7.1\asm-7.1.jar;C:\Users\tomoy\.m2\repository\org\apache\curator\curator-framework\4.2.0\curator-framework-4.2.0.jar;C:\Users\tomoy\.m2\repository\org\apache\curator\curator-client\4.2.0\curator-client-4.2.0.jar;C:\Users\tomoy\.m2\repository\org\apache\zookeeper\zookeeper\3.5.4-beta\zookeeper-3.5.4-beta.jar;C:\Users\tomoy\.m2\repository\commons-cli\commons-cli\1.2\commons-cli-1.2.jar;C:\Users\tomoy\.m2\repository\org\apache\yetus\audience-annotations\0.5.0\audience-annotations-0.5.0.jar;C:\Users\tomoy\.m2\repository\io\netty\netty\3.10.6.Final\netty-3.10.6.Final.jar;C:\Users\tomoy\.m2\repository\com\google\guava\guava\27.0.1-jre\guava-27.0.1-jre.jar;C:\Users\tomoy\.m2\repository\com\google\guava\failureaccess\1.0.1\failureaccess-1.0.1.jar;C:\Users\tomoy\.m2\repository\com\google\guava\listenablefuture\9999.0-empty-to-avoid-conflict-with-guava\listenablefuture-9999.0-empty-to-avoid-conflict-with-guava.jar;C:\Users\tomoy\.m2\repository\com\google\code\findbugs\jsr305\3.0.2\jsr305-3.0.2.jar;C:\Users\tomoy\.m2\repository\org\checkerframework\checker-qual\2.5.2\checker-qual-2.5.2.jar;C:\Users\tomoy\.m2\repository\com\google\errorprone\error_prone_annotations\2.2.0\error_prone_annotations-2.2.0.jar;C:\Users\tomoy\.m2\repository\com\google\j2objc\j2objc-annotations\1.1\j2objc-annotations-1.1.jar;C:\Users\tomoy\.m2\repository\org\codehaus\mojo\animal-sniffer-annotations\1.17\animal-sniffer-annotations-1.17.jar;C:\Users\tomoy\.m2\repository\org\apache\curator\curator-recipes\4.2.0\curator-recipes-4.2.0.jar
2020-09-06 09:51 INFO  ZooKeeper:109 - Client environment:java.library.path=C:\Users\tomoy\.jdks\openjdk-14.0.2\bin;C:\Windows\Sun\Java\bin;C:\Windows\system32;C:\Windows;C:\Program Files (x86)\Common Files\Oracle\Java\javapath;C:\Windows\system32;C:\Windows;C:\Windows\System32\Wbem;C:\Windows\System32\WindowsPowerShell\v1.0\;C:\Windows\System32\OpenSSH\;C:\Users\tomoy\AppData\Local\Microsoft\WindowsApps;C:\Program Files\Bandizip\;C:\Users\tomoy\AppData\Local\Programs\Microsoft VS Code\bin;.
2020-09-06 09:51 INFO  ZooKeeper:109 - Client environment:java.io.tmpdir=C:\Users\tomoy\AppData\Local\Temp\
2020-09-06 09:51 INFO  ZooKeeper:109 - Client environment:java.compiler=<NA>
2020-09-06 09:51 INFO  ZooKeeper:109 - Client environment:os.name=Windows 10
2020-09-06 09:51 INFO  ZooKeeper:109 - Client environment:os.arch=amd64
2020-09-06 09:51 INFO  ZooKeeper:109 - Client environment:os.version=10.0
2020-09-06 09:51 INFO  ZooKeeper:109 - Client environment:user.name=tomoya
2020-09-06 09:51 INFO  ZooKeeper:109 - Client environment:user.home=C:\Users\tomoy
2020-09-06 09:51 INFO  ZooKeeper:109 - Client environment:user.dir=C:\Users\tomoy\IdeaProjects\tomoya
2020-09-06 09:51 INFO  ZooKeeper:109 - Client environment:os.memory.free=117MB
2020-09-06 09:51 INFO  ZooKeeper:109 - Client environment:os.memory.max=2020MB
2020-09-06 09:51 INFO  ZooKeeper:109 - Client environment:os.memory.total=128MB
2020-09-06 09:51 INFO  Compatibility:61 - Using emulated InjectSessionExpiration
2020-09-06 09:51 INFO  CuratorFrameworkImpl:308 - Starting
2020-09-06 09:51 DEBUG CuratorZookeeperClient:230 - Starting
2020-09-06 09:51 DEBUG ConnectionState:109 - Starting
2020-09-06 09:51 DEBUG ConnectionState:197 - reset
2020-09-06 09:51 INFO  ZooKeeper:868 - Initiating client connection, connectString=192.168.99.100:2181 sessionTimeout=60000 watcher=org.apache.curator.ConnectionState@1990a65e
2020-09-06 09:51 INFO  ClientCnxnSocket:236 - jute.maxbuffer value is 4194304 Bytes
2020-09-06 09:51 INFO  ClientCnxn:1106 - Opening socket connection to server 192.168.99.100/192.168.99.100:2181. Will not attempt to authenticate using SASL (unknown error)
2020-09-06 09:51 INFO  CuratorFrameworkImpl:356 - Default schema
2020-09-06 09:51 INFO  ClientCnxn:947 - Socket connection established, initiating session, client: /192.168.99.1:52210, server: 192.168.99.100/192.168.99.100:2181
2020-09-06 09:51 DEBUG ClientCnxn:1015 - Session establishment request sent on 192.168.99.100/192.168.99.100:2181
2020-09-06 09:51 INFO  ClientCnxn:1381 - Session establishment complete on server 192.168.99.100/192.168.99.100:2181, sessionid = 0x100000d33eb000e, negotiated timeout = 40000
2020-09-06 09:51 DEBUG ConnectionState:177 - Negotiated session timeout: 40000
2020-09-06 09:51 INFO  ConnectionStateManager:251 - State change: CONNECTED
2020-09-06 09:51 DEBUG CuratorFrameworkImpl:1022 - Clearing sleep for 1 operations
2020-09-06 09:51 DEBUG ClientCnxn:911 - Reading reply sessionid:0x100000d33eb000e, packet:: clientPath:/zookeeper/config serverPath:/zookeeper/config finished:false header:: 1,4  replyHeader:: 1,84,0  request:: '/zookeeper/config,T  response:: ,s{0,0,0,0,0,0,-1,0,0,0,0} 
2020-09-06 09:51 DEBUG ClientCnxn:911 - Reading reply sessionid:0x100000d33eb000e, packet:: clientPath:/zookeeper/config serverPath:/zookeeper/config finished:false header:: 2,4  replyHeader:: 2,84,0  request:: '/zookeeper/config,T  response:: ,s{0,0,0,0,0,0,-1,0,0,0,0} 
2020-09-06 09:51 INFO  EnsembleTracker:201 - New config event received: {}
2020-09-06 09:51 DEBUG EnsembleTracker:219 - Ignoring new config as it is empty
2020-09-06 09:51 INFO  EnsembleTracker:201 - New config event received: {}
2020-09-06 09:51 DEBUG EnsembleTracker:219 - Ignoring new config as it is empty
2020-09-06 09:51 DEBUG ClientCnxn:911 - Reading reply sessionid:0x100000d33eb000e, packet:: clientPath:null serverPath:null finished:false header:: 3,15  replyHeader:: 3,85,-101  request:: '/node1/00001,#6a617661,v{s{31,s{'world,'anyone}}},1  response::  
2020-09-06 09:51 DEBUG ClientCnxn:911 - Reading reply sessionid:0x100000d33eb000e, packet:: clientPath:null serverPath:null finished:false header:: 4,3  replyHeader:: 4,85,-101  request:: '/node1,F  response::  
2020-09-06 09:51 DEBUG ClientCnxn:911 - Reading reply sessionid:0x100000d33eb000e, packet:: clientPath:null serverPath:null finished:false header:: 5,1  replyHeader:: 5,86,0  request:: '/node1,,v{s{31,s{'world,'anyone}}},0  response:: '/node1 
2020-09-06 09:51 DEBUG ClientCnxn:911 - Reading reply sessionid:0x100000d33eb000e, packet:: clientPath:null serverPath:null finished:false header:: 6,15  replyHeader:: 6,87,0  request:: '/node1/00001,#6a617661,v{s{31,s{'world,'anyone}}},1  response:: '/node1/00001,s{87,87,1599357073288,1599357073288,0,0,0,72057650743541774,4,0,87} 
2020-09-06 09:51 DEBUG ClientCnxn:911 - Reading reply sessionid:0x100000d33eb000e, packet:: clientPath:null serverPath:null finished:false header:: 7,4  replyHeader:: 7,87,0  request:: '/node1/00001,F  response:: #6a617661,s{87,87,1599357073288,1599357073288,0,0,0,72057650743541774,4,0,87} 
2020-09-06 09:51 DEBUG ClientCnxn:911 - Reading reply sessionid:0x100000d33eb000e, packet:: clientPath:null serverPath:null finished:false header:: 8,3  replyHeader:: 8,87,0  request:: '/node1,F  response:: s{86,86,1599357073285,1599357073285,0,1,0,0,0,1,87} 
2020-09-06 09:51 DEBUG ClientCnxn:911 - Reading reply sessionid:0x100000d33eb000e, packet:: clientPath:null serverPath:null finished:false header:: 9,3  replyHeader:: 9,87,-101  request:: '/node1/foo,F  response::  
2020-09-06 09:51 DEBUG ClientCnxn:911 - Reading reply sessionid:0x100000d33eb000e, packet:: clientPath:null serverPath:null finished:false header:: 10,5  replyHeader:: 10,88,0  request:: '/node1/00001,#632b2b,-1  response:: s{87,88,1599357073288,1599357073311,1,0,0,72057650743541774,3,0,87} 
2020-09-06 09:51 DEBUG ClientCnxn:911 - Reading reply sessionid:0x100000d33eb000e, packet:: clientPath:/node1 serverPath:/node1 finished:false header:: 11,12  replyHeader:: 11,88,0  request:: '/node1,T  response:: v{'00001},s{86,86,1599357073285,1599357073285,0,1,0,0,0,1,87} 
2020-09-06 09:51 DEBUG ClientCnxn:911 - Reading reply sessionid:0x100000d33eb000e, packet:: clientPath:null serverPath:null finished:false header:: 12,4  replyHeader:: 12,88,0  request:: '/node1/00001,F  response:: #632b2b,s{87,88,1599357073288,1599357073311,1,0,0,72057650743541774,3,0,87} 
2020-09-06 09:51 DEBUG ClientCnxn:911 - Reading reply sessionid:0x100000d33eb000e, packet:: clientPath:null serverPath:null finished:false header:: 13,3  replyHeader:: 13,88,0  request:: '/node1/00001,F  response:: s{87,88,1599357073288,1599357073311,1,0,0,72057650743541774,3,0,87} 
2020-09-06 09:51 DEBUG ClientCnxn:911 - Reading reply sessionid:0x100000d33eb000e, packet:: clientPath:/node1/00001 serverPath:/node1/00001 finished:false header:: 14,4  replyHeader:: 14,88,0  request:: '/node1/00001,T  response:: #632b2b,s{87,88,1599357073288,1599357073311,1,0,0,72057650743541774,3,0,87} 
2020-09-06 09:51 DEBUG ClientCnxn:911 - Reading reply sessionid:0x100000d33eb000e, packet:: clientPath:null serverPath:null finished:false header:: 15,12  replyHeader:: 15,88,0  request:: '/node1,F  response:: v{'00001},s{86,86,1599357073285,1599357073285,0,1,0,0,0,1,87} 
2020-09-06 09:51 DEBUG ClientCnxn:911 - Reading reply sessionid:0x100000d33eb000e, packet:: clientPath:null serverPath:null finished:false header:: 16,2  replyHeader:: 16,89,-111  request:: '/node1,-1  response:: null
2020-09-06 09:51 DEBUG ClientCnxn:911 - Reading reply sessionid:0x100000d33eb000e, packet:: clientPath:null serverPath:null finished:false header:: 17,8  replyHeader:: 17,89,0  request:: '/node1,F  response:: v{'00001} 
2020-09-06 09:51 DEBUG ClientCnxn:911 - Reading reply sessionid:0x100000d33eb000e, packet:: clientPath:null serverPath:null finished:false header:: 18,8  replyHeader:: 18,89,0  request:: '/node1/00001,F  response:: v{} 
2020-09-06 09:51 DEBUG ClientCnxn:834 - Got notification sessionid:0x100000d33eb000e
2020-09-06 09:51 DEBUG ClientCnxn:856 - Got WatchedEvent state:SyncConnected type:NodeDeleted path:/node1/00001 for sessionid 0x100000d33eb000e
2020-09-06 09:51 DEBUG ClientCnxn:834 - Got notification sessionid:0x100000d33eb000e
2020-09-06 09:51 DEBUG ClientCnxn:856 - Got WatchedEvent state:SyncConnected type:NodeChildrenChanged path:/node1 for sessionid 0x100000d33eb000e
2020-09-06 09:51 DEBUG ClientCnxn:911 - Reading reply sessionid:0x100000d33eb000e, packet:: clientPath:null serverPath:null finished:false header:: 19,2  replyHeader:: 19,90,0  request:: '/node1/00001,-1  response:: null
2020-09-06 09:51 DEBUG ClientCnxn:911 - Reading reply sessionid:0x100000d33eb000e, packet:: clientPath:/node1 serverPath:/node1 finished:false header:: 20,12  replyHeader:: 20,90,0  request:: '/node1,T  response:: v{},s{86,86,1599357073285,1599357073285,0,2,0,0,0,0,90} 
2020-09-06 09:51 DEBUG ClientCnxn:834 - Got notification sessionid:0x100000d33eb000e
2020-09-06 09:51 DEBUG ClientCnxn:856 - Got WatchedEvent state:SyncConnected type:NodeDeleted path:/node1 for sessionid 0x100000d33eb000e
2020-09-06 09:51 DEBUG ClientCnxn:911 - Reading reply sessionid:0x100000d33eb000e, packet:: clientPath:null serverPath:null finished:false header:: 21,2  replyHeader:: 21,91,0  request:: '/node1,-1  response:: null
2020-09-13 09:46 DEBUG Fib:15 - 5
2020-09-13 09:46 DEBUG Fib:15 - 8
2020-09-13 09:58 DEBUG Fib:15 - 8
2020-09-13 09:58 DEBUG Recursion:18 - 64
2020-09-13 10:38 DEBUG Recursion:18 - -524766
2020-09-13 10:38 DEBUG Recursion:28 - 1
2020-09-13 10:39 DEBUG Recursion:27 - 53
2020-09-13 10:39 DEBUG Recursion:28 - 53
2020-09-13 10:40 DEBUG Recursion:28 - 53
2020-09-13 10:40 DEBUG Recursion:28 - 53
2020-09-13 10:41 DEBUG Recursion:28 - 53
2020-09-13 10:41 DEBUG Recursion:28 - 53
2020-09-13 10:43 DEBUG Recursion:27 - -44766
2020-09-13 10:44 DEBUG Recursion:28 - -44766
2020-09-13 10:44 DEBUG Recursion:28 - -44766
2020-09-13 10:44 DEBUG Recursion:27 - 234
2020-09-13 10:45 DEBUG Recursion:27 - 234
2020-09-13 10:53 DEBUG Recursion:33 - 2654
2020-09-13 10:53 DEBUG Recursion:33 - 1
2020-09-13 11:00 DEBUG Recursion:36 - 4
2020-09-13 11:01 DEBUG Recursion:36 - 5
2020-09-13 16:15 DEBUG Recursion:43 - false
2020-09-13 16:30 DEBUG Recursion:55 - *a*b
2020-09-13 20:52 DEBUG DP:39 - 1
2020-09-13 20:57 DEBUG DP:39 - 2
2020-09-13 20:57 DEBUG DP:39 - 3
2020-09-13 20:57 DEBUG DP:39 - 3
2020-09-13 20:58 DEBUG DP:39 - 2
2020-09-13 20:58 DEBUG DP:40 - 2
2020-09-13 20:58 DEBUG DP:39 - 3
2020-09-13 20:58 DEBUG DP:40 - 3
2020-09-13 20:58 DEBUG DP:39 - 3
2020-09-13 20:58 DEBUG DP:40 - 4
2020-09-13 21:08 DEBUG DP:31 - 1
2020-09-13 21:10 DEBUG DP:27 - true
2020-09-13 21:10 DEBUG DP:32 - 1
2020-09-13 21:11 DEBUG DP:31 - 2
2020-09-13 21:11 DEBUG DP:39 - 3
2020-09-13 21:11 DEBUG DP:40 - 2
2020-09-13 21:12 DEBUG DP:39 - 3
2020-09-13 21:12 DEBUG DP:40 - 2
2020-09-13 21:12 DEBUG DP:39 - 5
2020-09-13 21:12 DEBUG DP:40 - 3
2020-09-13 21:12 DEBUG DP:39 - 5
2020-09-13 21:12 DEBUG DP:40 - 4
2020-09-24 09:44 DEBUG Main:9 - 16
2020-09-24 09:47 DEBUG Main:10 - 
2020-09-25 15:46 DEBUG Recursion:60 - 5
2020-09-25 15:52 DEBUG Recursion:60 - 5
2020-09-25 15:52 DEBUG Recursion:60 - 5
2020-09-25 15:52 DEBUG Recursion:60 - 5
